Archive member included to satisfy reference by file (symbol)

c:/users/pietro/.p2/pool/plugins/fr.ac6.mcu.externaltools.arm-none.win32_1.13.2.201703061525/tools/compiler/bin/../lib/gcc/arm-none-eabi/5.4.1/../../../../arm-none-eabi/lib/armv7e-m/fpu\libc_nano.a(lib_a-calloc.o)
                              Application/src/Common/se3_common.o (calloc)
c:/users/pietro/.p2/pool/plugins/fr.ac6.mcu.externaltools.arm-none.win32_1.13.2.201703061525/tools/compiler/bin/../lib/gcc/arm-none-eabi/5.4.1/../../../../arm-none-eabi/lib/armv7e-m/fpu\libc_nano.a(lib_a-exit.o)
                              c:/users/pietro/.p2/pool/plugins/fr.ac6.mcu.externaltools.arm-none.win32_1.13.2.201703061525/tools/compiler/bin/../lib/gcc/arm-none-eabi/5.4.1/../../../../arm-none-eabi/lib/armv7e-m/fpu/crt0.o (exit)
c:/users/pietro/.p2/pool/plugins/fr.ac6.mcu.externaltools.arm-none.win32_1.13.2.201703061525/tools/compiler/bin/../lib/gcc/arm-none-eabi/5.4.1/../../../../arm-none-eabi/lib/armv7e-m/fpu\libc_nano.a(lib_a-impure.o)
                              c:/users/pietro/.p2/pool/plugins/fr.ac6.mcu.externaltools.arm-none.win32_1.13.2.201703061525/tools/compiler/bin/../lib/gcc/arm-none-eabi/5.4.1/../../../../arm-none-eabi/lib/armv7e-m/fpu\libc_nano.a(lib_a-exit.o) (_global_impure_ptr)
c:/users/pietro/.p2/pool/plugins/fr.ac6.mcu.externaltools.arm-none.win32_1.13.2.201703061525/tools/compiler/bin/../lib/gcc/arm-none-eabi/5.4.1/../../../../arm-none-eabi/lib/armv7e-m/fpu\libc_nano.a(lib_a-init.o)
                              c:/users/pietro/.p2/pool/plugins/fr.ac6.mcu.externaltools.arm-none.win32_1.13.2.201703061525/tools/compiler/bin/../lib/gcc/arm-none-eabi/5.4.1/../../../../arm-none-eabi/lib/armv7e-m/fpu/crt0.o (__libc_init_array)
c:/users/pietro/.p2/pool/plugins/fr.ac6.mcu.externaltools.arm-none.win32_1.13.2.201703061525/tools/compiler/bin/../lib/gcc/arm-none-eabi/5.4.1/../../../../arm-none-eabi/lib/armv7e-m/fpu\libc_nano.a(lib_a-malloc.o)
                              Middlewares/USB_Device_Library/usbd_msc.o (malloc)
c:/users/pietro/.p2/pool/plugins/fr.ac6.mcu.externaltools.arm-none.win32_1.13.2.201703061525/tools/compiler/bin/../lib/gcc/arm-none-eabi/5.4.1/../../../../arm-none-eabi/lib/armv7e-m/fpu\libc_nano.a(lib_a-memcmp.o)
                              Application/src/Device/se3_algo_aes256hmacsha256.o (memcmp)
c:/users/pietro/.p2/pool/plugins/fr.ac6.mcu.externaltools.arm-none.win32_1.13.2.201703061525/tools/compiler/bin/../lib/gcc/arm-none-eabi/5.4.1/../../../../arm-none-eabi/lib/armv7e-m/fpu\libc_nano.a(lib_a-memcpy-stub.o)
                              Application/src/Common/aes256.o (memcpy)
c:/users/pietro/.p2/pool/plugins/fr.ac6.mcu.externaltools.arm-none.win32_1.13.2.201703061525/tools/compiler/bin/../lib/gcc/arm-none-eabi/5.4.1/../../../../arm-none-eabi/lib/armv7e-m/fpu\libc_nano.a(lib_a-memmove.o)
                              Application/src/Device/se3_memory.o (memmove)
c:/users/pietro/.p2/pool/plugins/fr.ac6.mcu.externaltools.arm-none.win32_1.13.2.201703061525/tools/compiler/bin/../lib/gcc/arm-none-eabi/5.4.1/../../../../arm-none-eabi/lib/armv7e-m/fpu\libc_nano.a(lib_a-memset.o)
                              c:/users/pietro/.p2/pool/plugins/fr.ac6.mcu.externaltools.arm-none.win32_1.13.2.201703061525/tools/compiler/bin/../lib/gcc/arm-none-eabi/5.4.1/../../../../arm-none-eabi/lib/armv7e-m/fpu/crt0.o (memset)
c:/users/pietro/.p2/pool/plugins/fr.ac6.mcu.externaltools.arm-none.win32_1.13.2.201703061525/tools/compiler/bin/../lib/gcc/arm-none-eabi/5.4.1/../../../../arm-none-eabi/lib/armv7e-m/fpu\libc_nano.a(lib_a-nano-callocr.o)
                              c:/users/pietro/.p2/pool/plugins/fr.ac6.mcu.externaltools.arm-none.win32_1.13.2.201703061525/tools/compiler/bin/../lib/gcc/arm-none-eabi/5.4.1/../../../../arm-none-eabi/lib/armv7e-m/fpu\libc_nano.a(lib_a-calloc.o) (_calloc_r)
c:/users/pietro/.p2/pool/plugins/fr.ac6.mcu.externaltools.arm-none.win32_1.13.2.201703061525/tools/compiler/bin/../lib/gcc/arm-none-eabi/5.4.1/../../../../arm-none-eabi/lib/armv7e-m/fpu\libc_nano.a(lib_a-nano-freer.o)
                              c:/users/pietro/.p2/pool/plugins/fr.ac6.mcu.externaltools.arm-none.win32_1.13.2.201703061525/tools/compiler/bin/../lib/gcc/arm-none-eabi/5.4.1/../../../../arm-none-eabi/lib/armv7e-m/fpu\libc_nano.a(lib_a-malloc.o) (_free_r)
c:/users/pietro/.p2/pool/plugins/fr.ac6.mcu.externaltools.arm-none.win32_1.13.2.201703061525/tools/compiler/bin/../lib/gcc/arm-none-eabi/5.4.1/../../../../arm-none-eabi/lib/armv7e-m/fpu\libc_nano.a(lib_a-nano-mallocr.o)
                              c:/users/pietro/.p2/pool/plugins/fr.ac6.mcu.externaltools.arm-none.win32_1.13.2.201703061525/tools/compiler/bin/../lib/gcc/arm-none-eabi/5.4.1/../../../../arm-none-eabi/lib/armv7e-m/fpu\libc_nano.a(lib_a-malloc.o) (_malloc_r)
[...]
Memory Configuration

Name             Origin             Length             Attributes
FLASH            0x08000000         0x00200000         xr
RAM              0x20000000         0x00030000         xrw
CCMRAM           0x10000000         0x00010000         rw
*default*        0x00000000         0xffffffff

Linker script and memory map

LOAD c:/users/pietro/.p2/pool/plugins/fr.ac6.mcu.externaltools.arm-none.win32_1.13.2.201703061525/tools/compiler/bin/../lib/gcc/arm-none-eabi/5.4.1/armv7e-m/fpu/crti.o
LOAD c:/users/pietro/.p2/pool/plugins/fr.ac6.mcu.externaltools.arm-none.win32_1.13.2.201703061525/tools/compiler/bin/../lib/gcc/arm-none-eabi/5.4.1/armv7e-m/fpu/crtbegin.o
LOAD c:/users/pietro/.p2/pool/plugins/fr.ac6.mcu.externaltools.arm-none.win32_1.13.2.201703061525/tools/compiler/bin/../lib/gcc/arm-none-eabi/5.4.1/../../../../arm-none-eabi/lib/armv7e-m/fpu/crt0.o
LOAD c:/users/pietro/.p2/pool/plugins/fr.ac6.mcu.externaltools.arm-none.win32_1.13.2.201703061525/tools/compiler/bin/../lib/gcc/arm-none-eabi/5.4.1/../../../../arm-none-eabi/lib/armv7e-m/fpu\libm.a
LOAD Application/SW4STM32/startup_stm32f429xx.o
LOAD Application/src/Common/aes256.o
LOAD Application/src/Common/crc16.o
LOAD Application/src/Common/pbkdf2.o
LOAD Application/src/Common/se3_common.o
LOAD Application/src/Common/sha256.o
LOAD Application/src/Device/se3_FPGA.o
LOAD Application/src/Device/se3_algo_Aes.o
LOAD Application/src/Device/se3_algo_AesHmacSha256s.o
LOAD Application/src/Device/se3_algo_HmacSha256.o
LOAD Application/src/Device/se3_algo_aes256hmacsha256.o
LOAD Application/src/Device/se3_algo_sha256.o
LOAD Application/src/Device/se3_communication_core.o
LOAD Application/src/Device/se3_core.o
LOAD Application/src/Device/se3_core_time.o
LOAD Application/src/Device/se3_dispatcher_core.o
LOAD Application/src/Device/se3_flash.o
LOAD Application/src/Device/se3_keys.o
LOAD Application/src/Device/se3_low_power.o
LOAD Application/src/Device/se3_memory.o
LOAD Application/src/Device/se3_security_core.o
LOAD Application/src/Device/se3_sekey.o
LOAD Application/src/Device/se3_smartcard.o
LOAD Application/src/Device/se3_timer.o
LOAD Application/src/adc.o
LOAD Application/src/crc.o
LOAD Application/src/dma.o
LOAD Application/src/fmc.o
LOAD Application/src/gpio.o
LOAD Application/src/i2c.o
LOAD Application/src/main.o
LOAD Application/src/rng.o
LOAD Application/src/sdio.o
LOAD Application/src/se3_rand.o
LOAD Application/src/se3_sdio.o
LOAD Application/src/spi.o
LOAD Application/src/stm32f4xx_hal_msp.o
LOAD Application/src/stm32f4xx_it.o
LOAD Application/src/tim.o
LOAD Application/src/usart.o
LOAD Application/src/usb_device.o
LOAD Application/src/usbd_conf.o
LOAD Application/src/usbd_desc.o
LOAD Application/src/usbd_storage_if.o
LOAD Drivers/CMSIS/system_stm32f4xx.o
LOAD Drivers/STM32F4xx_HAL_Driver/stm32f4xx_hal.o
LOAD Drivers/STM32F4xx_HAL_Driver/stm32f4xx_hal_adc.o
LOAD Drivers/STM32F4xx_HAL_Driver/stm32f4xx_hal_adc_ex.o
LOAD Drivers/STM32F4xx_HAL_Driver/stm32f4xx_hal_cortex.o
LOAD Drivers/STM32F4xx_HAL_Driver/stm32f4xx_hal_crc.o
LOAD Drivers/STM32F4xx_HAL_Driver/stm32f4xx_hal_dma.o
LOAD Drivers/STM32F4xx_HAL_Driver/stm32f4xx_hal_dma_ex.o
LOAD Drivers/STM32F4xx_HAL_Driver/stm32f4xx_hal_flash.o
LOAD Drivers/STM32F4xx_HAL_Driver/stm32f4xx_hal_flash_ex.o
LOAD Drivers/STM32F4xx_HAL_Driver/stm32f4xx_hal_flash_ramfunc.o
LOAD Drivers/STM32F4xx_HAL_Driver/stm32f4xx_hal_gpio.o
LOAD Drivers/STM32F4xx_HAL_Driver/stm32f4xx_hal_i2c.o
LOAD Drivers/STM32F4xx_HAL_Driver/stm32f4xx_hal_i2c_ex.o
LOAD Drivers/STM32F4xx_HAL_Driver/stm32f4xx_hal_nor.o
LOAD Drivers/STM32F4xx_HAL_Driver/stm32f4xx_hal_pcd.o
LOAD Drivers/STM32F4xx_HAL_Driver/stm32f4xx_hal_pcd_ex.o
LOAD Drivers/STM32F4xx_HAL_Driver/stm32f4xx_hal_pwr.o
LOAD Drivers/STM32F4xx_HAL_Driver/stm32f4xx_hal_pwr_ex.o
LOAD Drivers/STM32F4xx_HAL_Driver/stm32f4xx_hal_rcc.o
LOAD Drivers/STM32F4xx_HAL_Driver/stm32f4xx_hal_rcc_ex.o
LOAD Drivers/STM32F4xx_HAL_Driver/stm32f4xx_hal_rng.o
LOAD Drivers/STM32F4xx_HAL_Driver/stm32f4xx_hal_rtc.o
LOAD Drivers/STM32F4xx_HAL_Driver/stm32f4xx_hal_rtc_ex.o
LOAD Drivers/STM32F4xx_HAL_Driver/stm32f4xx_hal_sd.o
LOAD Drivers/STM32F4xx_HAL_Driver/stm32f4xx_hal_smartcard.o
LOAD Drivers/STM32F4xx_HAL_Driver/stm32f4xx_hal_spi.o
LOAD Drivers/STM32F4xx_HAL_Driver/stm32f4xx_hal_tim.o
LOAD Drivers/STM32F4xx_HAL_Driver/stm32f4xx_hal_tim_ex.o
LOAD Drivers/STM32F4xx_HAL_Driver/stm32f4xx_hal_uart.o
LOAD Drivers/STM32F4xx_HAL_Driver/stm32f4xx_ll_fmc.o
LOAD Drivers/STM32F4xx_HAL_Driver/stm32f4xx_ll_sdmmc.o
LOAD Drivers/STM32F4xx_HAL_Driver/stm32f4xx_ll_usb.o
LOAD Middlewares/USB_Device_Library/usbd_core.o
LOAD Middlewares/USB_Device_Library/usbd_ctlreq.o
LOAD Middlewares/USB_Device_Library/usbd_ioreq.o
LOAD Middlewares/USB_Device_Library/usbd_msc.o
LOAD Middlewares/USB_Device_Library/usbd_msc_bot.o
LOAD Middlewares/USB_Device_Library/usbd_msc_data.o
LOAD Middlewares/USB_Device_Library/usbd_msc_scsi.o
START GROUP
LOAD c:/users/pietro/.p2/pool/plugins/fr.ac6.mcu.externaltools.arm-none.win32_1.13.2.201703061525/tools/compiler/bin/../lib/gcc/arm-none-eabi/5.4.1/armv7e-m/fpu\libgcc.a
LOAD c:/users/pietro/.p2/pool/plugins/fr.ac6.mcu.externaltools.arm-none.win32_1.13.2.201703061525/tools/compiler/bin/../lib/gcc/arm-none-eabi/5.4.1/../../../../arm-none-eabi/lib/armv7e-m/fpu\libc_nano.a
END GROUP
START GROUP
LOAD c:/users/pietro/.p2/pool/plugins/fr.ac6.mcu.externaltools.arm-none.win32_1.13.2.201703061525/tools/compiler/bin/../lib/gcc/arm-none-eabi/5.4.1/armv7e-m/fpu\libgcc.a
LOAD c:/users/pietro/.p2/pool/plugins/fr.ac6.mcu.externaltools.arm-none.win32_1.13.2.201703061525/tools/compiler/bin/../lib/gcc/arm-none-eabi/5.4.1/../../../../arm-none-eabi/lib/armv7e-m/fpu\libc_nano.a
LOAD c:/users/pietro/.p2/pool/plugins/fr.ac6.mcu.externaltools.arm-none.win32_1.13.2.201703061525/tools/compiler/bin/../lib/gcc/arm-none-eabi/5.4.1/../../../../arm-none-eabi/lib/armv7e-m/fpu\libnosys.a
END GROUP
START GROUP
LOAD c:/users/pietro/.p2/pool/plugins/fr.ac6.mcu.externaltools.arm-none.win32_1.13.2.201703061525/tools/compiler/bin/../lib/gcc/arm-none-eabi/5.4.1/armv7e-m/fpu\libgcc.a
LOAD c:/users/pietro/.p2/pool/plugins/fr.ac6.mcu.externaltools.arm-none.win32_1.13.2.201703061525/tools/compiler/bin/../lib/gcc/arm-none-eabi/5.4.1/../../../../arm-none-eabi/lib/armv7e-m/fpu\libc_nano.a
LOAD c:/users/pietro/.p2/pool/plugins/fr.ac6.mcu.externaltools.arm-none.win32_1.13.2.201703061525/tools/compiler/bin/../lib/gcc/arm-none-eabi/5.4.1/../../../../arm-none-eabi/lib/armv7e-m/fpu\libnosys.a
END GROUP
LOAD c:/users/pietro/.p2/pool/plugins/fr.ac6.mcu.externaltools.arm-none.win32_1.13.2.201703061525/tools/compiler/bin/../lib/gcc/arm-none-eabi/5.4.1/armv7e-m/fpu/crtend.o
LOAD c:/users/pietro/.p2/pool/plugins/fr.ac6.mcu.externaltools.arm-none.win32_1.13.2.201703061525/tools/compiler/bin/../lib/gcc/arm-none-eabi/5.4.1/armv7e-m/fpu/crtn.o
                0x20030000                _estack = 0x20030000
                0x00000400                _Min_Heap_Size = 0x400
                0x00000200                _Min_Stack_Size = 0x200

.isr_vector     0x08000000      0x1ac
                0x08000000                . = ALIGN (0x4)
 *(.isr_vector)
 .isr_vector    0x08000000      0x1ac Application/SW4STM32/startup_stm32f429xx.o
                0x08000000                g_pfnVectors
                0x080001ac                . = ALIGN (0x4)

.text           0x080001b0    0x10660
                0x080001b0                . = ALIGN (0x4)
 *(.text)
 .text          0x080001b0       0x5c c:/users/pietro/.p2/pool/plugins/fr.ac6.mcu.externaltools.arm-none.win32_1.13.2.201703061525/tools/compiler/bin/../lib/gcc/arm-none-eabi/5.4.1/armv7e-m/fpu/crtbegin.o
 *fill*         0x0800020c        0x4 
 .text          0x08000210       0xa0 c:/users/pietro/.p2/pool/plugins/fr.ac6.mcu.externaltools.arm-none.win32_1.13.2.201703061525/tools/compiler/bin/../lib/gcc/arm-none-eabi/5.4.1/../../../../arm-none-eabi/lib/armv7e-m/fpu\libc_nano.a(lib_a-memchr.o)
                0x08000210                memchr
 *(.text*)
 .text.Reset_Handler
                0x080002b0       0x50 Application/SW4STM32/startup_stm32f429xx.o
                0x080002b0                Reset_Handler
 .text.Default_Handler
                0x08000300        0x2 Application/SW4STM32/startup_stm32f429xx.o
                0x08000300                RTC_Alarm_IRQHandler
                0x08000300                HASH_RNG_IRQHandler
                0x08000300                EXTI2_IRQHandler
                0x08000300                TIM8_CC_IRQHandler
                0x08000300                DebugMon_Handler
                0x08000300                UART8_IRQHandler
                0x08000300                SPI4_IRQHandler
                0x08000300                TIM1_CC_IRQHandler
                0x08000300                DMA2_Stream5_IRQHandler
                0x08000300                HardFault_Handler
                0x08000300                DMA1_Stream5_IRQHandler
                0x08000300                PVD_IRQHandler
                0x08000300                TAMP_STAMP_IRQHandler
                0x08000300                PendSV_Handler
                0x08000300                NMI_Handler
                0x08000300                CAN2_RX1_IRQHandler
                0x08000300                EXTI3_IRQHandler
                0x08000300                TIM8_TRG_COM_TIM14_IRQHandler
                0x08000300                TIM1_UP_TIM10_IRQHandler
                0x08000300                TIM8_UP_TIM13_IRQHandler
                0x08000300                I2C3_ER_IRQHandler
                0x08000300                EXTI0_IRQHandler
                0x08000300                I2C2_EV_IRQHandler
                0x08000300                DMA1_Stream2_IRQHandler
                0x08000300                CAN1_RX0_IRQHandler
                0x08000300                FPU_IRQHandler
                0x08000300                OTG_HS_WKUP_IRQHandler
                0x08000300                UsageFault_Handler
                0x08000300                LTDC_ER_IRQHandler
                0x08000300                CAN2_SCE_IRQHandler
                0x08000300                DMA2_Stream2_IRQHandler
                0x08000300                SPI1_IRQHandler
                0x08000300                TIM6_DAC_IRQHandler
                0x08000300                TIM1_BRK_TIM9_IRQHandler
                0x08000300                DCMI_IRQHandler
                0x08000300                CAN2_RX0_IRQHandler
                0x08000300                USART6_IRQHandler
                0x08000300                USART3_IRQHandler
                0x08000300                CAN1_RX1_IRQHandler
                0x08000300                UART5_IRQHandler
                0x08000300                DMA2_Stream0_IRQHandler
                0x08000300                TIM4_IRQHandler
                0x08000300                I2C1_EV_IRQHandler
                0x08000300                DMA1_Stream6_IRQHandler
                0x08000300                DMA1_Stream1_IRQHandler
                0x08000300                UART4_IRQHandler
                0x08000300                TIM3_IRQHandler
                0x08000300                RCC_IRQHandler
                0x08000300                TIM8_BRK_TIM12_IRQHandler
                0x08000300                Default_Handler
                0x08000300                EXTI15_10_IRQHandler
                0x08000300                ADC_IRQHandler
                0x08000300                DMA1_Stream7_IRQHandler
                0x08000300                SPI5_IRQHandler
                0x08000300                TIM7_IRQHandler
                0x08000300                CAN2_TX_IRQHandler
                0x08000300                TIM5_IRQHandler
                0x08000300                DMA2_Stream7_IRQHandler
                0x08000300                I2C3_EV_IRQHandler
                0x08000300                EXTI9_5_IRQHandler
                0x08000300                RTC_WKUP_IRQHandler
                0x08000300                LTDC_IRQHandler
                0x08000300                ETH_WKUP_IRQHandler
                0x08000300                SPI2_IRQHandler
                0x08000300                OTG_HS_EP1_IN_IRQHandler
                0x08000300                MemManage_Handler
                0x08000300                DMA1_Stream0_IRQHandler
                0x08000300                CAN1_TX_IRQHandler
                0x08000300                SVC_Handler
                0x08000300                EXTI4_IRQHandler
                0x08000300                ETH_IRQHandler
                0x08000300                OTG_HS_EP1_OUT_IRQHandler
                0x08000300                WWDG_IRQHandler
                0x08000300                SPI6_IRQHandler
                0x08000300                OTG_FS_WKUP_IRQHandler
                0x08000300                TIM1_TRG_COM_TIM11_IRQHandler
                0x08000300                DMA2D_IRQHandler
                0x08000300                EXTI1_IRQHandler
                0x08000300                UART7_IRQHandler
                0x08000300                USART2_IRQHandler
                0x08000300                I2C2_ER_IRQHandler
                0x08000300                DMA2_Stream1_IRQHandler
                0x08000300                CAN1_SCE_IRQHandler
                0x08000300                FLASH_IRQHandler
                0x08000300                DMA2_Stream4_IRQHandler
                0x08000300                BusFault_Handler
                0x08000300                USART1_IRQHandler
                0x08000300                OTG_FS_IRQHandler
                0x08000300                SPI3_IRQHandler
                0x08000300                DMA1_Stream4_IRQHandler
                0x08000300                I2C1_ER_IRQHandler
                0x08000300                FMC_IRQHandler
                0x08000300                SAI1_IRQHandler
                0x08000300                DMA1_Stream3_IRQHandler
 *fill*         0x08000302        0x2 
 .text.B5_rijndaelEncrypt
                0x08000304      0xe30 Application/src/Common/aes256.o
 .text.B5_rijndaelKeySetupEnc.isra.0
                0x08001134      0x2f4 Application/src/Common/aes256.o
 .text.B5_rijndaelDecrypt
                0x08001428      0xe24 Application/src/Common/aes256.o
                0x08001428                B5_rijndaelDecrypt
 .text.B5_Aes256_Init
                0x0800224c      0x298 Application/src/Common/aes256.o
                0x0800224c                B5_Aes256_Init
 .text.B5_Aes256_SetIV
                0x080024e4       0x44 Application/src/Common/aes256.o
                0x080024e4                B5_Aes256_SetIV
 .text.B5_Aes256_Update
                0x08002528      0xac4 Application/src/Common/aes256.o
                0x08002528                B5_Aes256_Update
 .text.B5_Aes256_Finit
                0x08002fec        0x4 Application/src/Common/aes256.o
                0x08002fec                B5_Aes256_Finit
 .text.PBKDF2HmacSha256
                0x08002ff0      0x114 Application/src/Common/pbkdf2.o
                0x08002ff0                PBKDF2HmacSha256
 .text.se3_write_trace
                0x08003104       0x28 Application/src/Common/se3_common.o
                0x08003104                se3_write_trace
 .text.se3_debug_sd_flush
                0x0800312c       0x38 Application/src/Common/se3_common.o
                0x0800312c                se3_debug_sd_flush
 .text.se3_create_log_file
                0x08003164      0x4e0 Application/src/Common/se3_common.o
                0x08003164                se3_create_log_file
 .text.se3_debug_create_string
                0x08003644       0x18 Application/src/Common/se3_common.o
                0x08003644                se3_debug_create_string
 .text.se3_req_len_data
                0x0800365c       0x28 Application/src/Common/se3_common.o
                0x0800365c                se3_req_len_data
 .text.se3_resp_len_data_and_headers
                0x08003684       0x3c Application/src/Common/se3_common.o
                0x08003684                se3_resp_len_data_and_headers
 .text.B5_Sha256ProcessBlock
                0x080036c0     0x2234 Application/src/Common/sha256.o
 .text.B5_Sha256_Init
                0x080058f4       0x64 Application/src/Common/sha256.o
                0x080058f4                B5_Sha256_Init
 .text.B5_Sha256_Update
                0x08005958       0xa8 Application/src/Common/sha256.o
                0x08005958                B5_Sha256_Update
 .text.B5_Sha256_Finit
                0x08005a00      0x1b4 Application/src/Common/sha256.o
                0x08005a00                B5_Sha256_Finit
 .text.B5_HmacSha256_Init
                0x08005bb4      0x428 Application/src/Common/sha256.o
                0x08005bb4                B5_HmacSha256_Init
 .text.B5_HmacSha256_Update
                0x08005fdc       0xa4 Application/src/Common/sha256.o
                0x08005fdc                B5_HmacSha256_Update
 .text.B5_HmacSha256_Finit
                0x08006080       0xe4 Application/src/Common/sha256.o
                0x08006080                B5_HmacSha256_Finit
 .text.se3_algo_Aes_init
                0x08006164       0xa4 Application/src/Device/se3_algo_Aes.o
                0x08006164                se3_algo_Aes_init
 .text.se3_algo_Aes_update
                0x08006208       0x94 Application/src/Device/se3_algo_Aes.o
                0x08006208                se3_algo_Aes_update
 .text.se3_algo_AesHmacSha256s_init
                0x0800629c       0xdc Application/src/Device/se3_algo_AesHmacSha256s.o
                0x0800629c                se3_algo_AesHmacSha256s_init
 .text.se3_algo_AesHmacSha256s_update
                0x08006378      0x228 Application/src/Device/se3_algo_AesHmacSha256s.o
                0x08006378                se3_algo_AesHmacSha256s_update
 .text.se3_algo_HmacSha256_init
                0x080065a0       0x24 Application/src/Device/se3_algo_HmacSha256.o
                0x080065a0                se3_algo_HmacSha256_init
 .text.se3_algo_HmacSha256_update
                0x080065c4       0x40 Application/src/Device/se3_algo_HmacSha256.o
                0x080065c4                se3_algo_HmacSha256_update
 .text.se3_algo_aes256hmacsha256_init
                0x08006604       0xb0 Application/src/Device/se3_algo_aes256hmacsha256.o
                0x08006604                se3_algo_aes256hmacsha256_init
 .text.se3_algo_aes256hmacsha256_update
                0x080066b4      0x10c Application/src/Device/se3_algo_aes256hmacsha256.o
                0x080066b4                se3_algo_aes256hmacsha256_update
 .text.se3_algo_Sha256_init
                0x080067c0       0x18 Application/src/Device/se3_algo_sha256.o
                0x080067c0                se3_algo_Sha256_init
 .text.se3_algo_Sha256_update
                0x080067d8       0x40 Application/src/Device/se3_algo_sha256.o
                0x080067d8                se3_algo_Sha256_update
 .text.se3_communication_core_init
                0x08006818       0x74 Application/src/Device/se3_communication_core.o
                0x08006818                se3_communication_core_init
 .text.se3_proto_recv
                0x0800688c      0x3fc Application/src/Device/se3_communication_core.o
                0x0800688c                se3_proto_recv
 .text.se3_proto_send
                0x08006c88      0x3b8 Application/src/Device/se3_communication_core.o
                0x08006c88                se3_proto_send
 .text.invalid_cmd_handler
                0x08007040        0x8 Application/src/Device/se3_core.o
 .text.echo     0x08007048       0x14 Application/src/Device/se3_core.o
                0x08007048                echo
 .text.bootmode_reset
                0x0800705c       0x1c Application/src/Device/se3_core.o
                0x0800705c                bootmode_reset
 .text.factory_init
                0x08007078       0x70 Application/src/Device/se3_core.o
                0x08007078                factory_init
 .text.device_init
                0x080070e8       0x34 Application/src/Device/se3_core.o
                0x080070e8                device_init
 .text.se3_cmd_execute
                0x0800711c      0x2c0 Application/src/Device/se3_core.o
                0x0800711c                se3_cmd_execute
 .text.device_loop
                0x080073dc       0xd4 Application/src/Device/se3_core.o
                0x080073dc                device_loop
 .text.se3_time_init
                0x080074b0       0x1c Application/src/Device/se3_core_time.o
                0x080074b0                se3_time_init
 .text.se3_time_get
                0x080074cc        0xc Application/src/Device/se3_core_time.o
                0x080074cc                se3_time_get
 .text.se3_time_set
                0x080074d8       0x18 Application/src/Device/se3_core_time.o
                0x080074d8                se3_time_set
 .text.se3_time_inc
                0x080074f0       0x3c Application/src/Device/se3_core_time.o
                0x080074f0                se3_time_inc
 .text.get_now_initialized
                0x0800752c        0xc Application/src/Device/se3_core_time.o
                0x0800752c                get_now_initialized
 .text.error    0x08007538        0x8 Application/src/Device/se3_dispatcher_core.o
                0x08007538                error
 .text.key_edit
                0x08007540      0x10c Application/src/Device/se3_dispatcher_core.o
                0x08007540                key_edit
 .text.key_list
                0x0800764c      0x114 Application/src/Device/se3_dispatcher_core.o
                0x0800764c                key_list
 .text.config   0x08007760       0x94 Application/src/Device/se3_dispatcher_core.o
                0x08007760                config
 .text.challenge
                0x080077f4       0xe0 Application/src/Device/se3_dispatcher_core.o
                0x080077f4                challenge
 .text.login    0x080078d4       0x8c Application/src/Device/se3_dispatcher_core.o
                0x080078d4                login
 .text.logout   0x08007960       0x94 Application/src/Device/se3_dispatcher_core.o
                0x08007960                logout
 .text.dispatcher_call
                0x080079f4      0x1f8 Application/src/Device/se3_dispatcher_core.o
                0x080079f4                dispatcher_call
 .text.se3_dispatcher_init
                0x08007bec       0xc4 Application/src/Device/se3_dispatcher_core.o
                0x08007bec                se3_dispatcher_init
 .text.set_req_hdr
                0x08007cb0       0x24 Application/src/Device/se3_dispatcher_core.o
                0x08007cb0                set_req_hdr
 .text.se3_flash_init
                0x08007cd4      0x234 Application/src/Device/se3_flash.o
                0x08007cd4                se3_flash_init
 .text.se3_flash_it_write
                0x08007f08       0x54 Application/src/Device/se3_flash.o
                0x08007f08                se3_flash_it_write
 .text.se3_flash_it_init
                0x08007f5c        0x8 Application/src/Device/se3_flash.o
                0x08007f5c                se3_flash_it_init
 .text.se3_flash_it_next
                0x08007f64       0xb0 Application/src/Device/se3_flash.o
                0x08007f64                se3_flash_it_next
 .text.se3_flash_it_new
                0x08008014      0x3c0 Application/src/Device/se3_flash.o
                0x08008014                se3_flash_it_new
 .text.se3_flash_it_delete
                0x080083d4       0x60 Application/src/Device/se3_flash.o
                0x080083d4                se3_flash_it_delete
 .text.se3_flash_bootmode_reset
                0x08008434       0x44 Application/src/Device/se3_flash.o
                0x08008434                se3_flash_bootmode_reset
 .text.se3_key_find
                0x08008478       0x3c Application/src/Device/se3_keys.o
                0x08008478                se3_key_find
 .text.se3_key_new
                0x080084b4       0x94 Application/src/Device/se3_keys.o
                0x080084b4                se3_key_new
 .text.se3_key_read
                0x08008548       0x44 Application/src/Device/se3_keys.o
                0x08008548                se3_key_read
 .text.se3_key_equal
                0x0800858c       0x7c Application/src/Device/se3_keys.o
                0x0800858c                se3_key_equal
 .text.se3_key_fingerprint
                0x08008608       0x20 Application/src/Device/se3_keys.o
                0x08008608                se3_key_fingerprint
 .text.se3_mem_reset
                0x08008628       0x4c Application/src/Device/se3_memory.o
                0x08008628                se3_mem_reset
 .text.se3_mem_init
                0x08008674       0x54 Application/src/Device/se3_memory.o
                0x08008674                se3_mem_init
 .text.se3_mem_alloc
                0x080086c8      0x278 Application/src/Device/se3_memory.o
                0x080086c8                se3_mem_alloc
 .text.se3_mem_ptr
                0x08008940       0x1c Application/src/Device/se3_memory.o
                0x08008940                se3_mem_ptr
 .text.se3_mem_free
                0x0800895c       0x50 Application/src/Device/se3_memory.o
                0x0800895c                se3_mem_free
 .text.record_set
                0x080089ac       0x9c Application/src/Device/se3_security_core.o
                0x080089ac                record_set
 .text.record_get
                0x08008a48       0x68 Application/src/Device/se3_security_core.o
                0x08008a48                record_get
 .text.crypto_init
                0x08008ab0      0x11c Application/src/Device/se3_security_core.o
                0x08008ab0                crypto_init
 .text.crypto_update
                0x08008bcc       0xfc Application/src/Device/se3_security_core.o
                0x08008bcc                crypto_update
 .text.crypto_set_time
                0x08008cc8       0x24 Application/src/Device/se3_security_core.o
                0x08008cc8                crypto_set_time
 .text.crypto_list
                0x08008cec       0x74 Application/src/Device/se3_security_core.o
                0x08008cec                crypto_list
 .text.se3_security_core_init
                0x08008d60       0x24 Application/src/Device/se3_security_core.o
                0x08008d60                se3_security_core_init
 .text.se3_payload_cryptoinit
                0x08008d84       0x64 Application/src/Device/se3_security_core.o
                0x08008d84                se3_payload_cryptoinit
 .text.se3_payload_encrypt
                0x08008de8       0xa0 Application/src/Device/se3_security_core.o
                0x08008de8                se3_payload_encrypt
 .text.se3_payload_decrypt
                0x08008e88       0x9c Application/src/Device/se3_security_core.o
                0x08008e88                se3_payload_decrypt
 .text.sekey_get_implementation_info
                0x08008f24        0xc Application/src/Device/se3_sekey.o
                0x08008f24                sekey_get_implementation_info
 .text.sekey_get_auth
                0x08008f30        0x4 Application/src/Device/se3_sekey.o
                0x08008f30                sekey_get_auth
 .text.MX_ADC1_Init
                0x08008f34       0x48 Application/src/adc.o
                0x08008f34                MX_ADC1_Init
 .text.HAL_ADC_MspInit
                0x08008f7c       0x48 Application/src/adc.o
                0x08008f7c                HAL_ADC_MspInit
 .text.MX_CRC_Init
                0x08008fc4       0x14 Application/src/crc.o
                0x08008fc4                MX_CRC_Init
 .text.HAL_CRC_MspInit
                0x08008fd8       0x34 Application/src/crc.o
                0x08008fd8                HAL_CRC_MspInit
 .text.MX_DMA_Init
                0x0800900c       0x44 Application/src/dma.o
                0x0800900c                MX_DMA_Init
 .text.MX_FMC_Init
                0x08009050       0xc0 Application/src/fmc.o
                0x08009050                MX_FMC_Init
 .text.HAL_NOR_MspInit
                0x08009110       0x9c Application/src/fmc.o
                0x08009110                HAL_NOR_MspInit
 .text.MX_GPIO_Init
                0x080091ac      0x16c Application/src/gpio.o
                0x080091ac                MX_GPIO_Init
 .text.MX_I2C2_Init
                0x08009318       0x38 Application/src/i2c.o
                0x08009318                MX_I2C2_Init
 .text.HAL_I2C_MspInit
                0x08009350       0x54 Application/src/i2c.o
                0x08009350                HAL_I2C_MspInit
 .text.SystemClock_Config
                0x080093a4       0xb8 Application/src/main.o
                0x080093a4                SystemClock_Config
 .text.startup.main
                0x0800945c       0x4c Application/src/main.o
                0x0800945c                main
 .text.MX_RNG_Init
                0x080094a8       0x14 Application/src/rng.o
                0x080094a8                MX_RNG_Init
 .text.HAL_RNG_MspInit
                0x080094bc       0x30 Application/src/rng.o
                0x080094bc                HAL_RNG_MspInit
 .text.MX_SDIO_SD_Init
                0x080094ec       0x38 Application/src/sdio.o
                0x080094ec                MX_SDIO_SD_Init
 .text.HAL_SD_MspInit
                0x08009524      0x144 Application/src/sdio.o
                0x08009524                HAL_SD_MspInit
 .text.se3_rand
                0x08009668       0x70 Application/src/se3_rand.o
                0x08009668                se3_rand
 .text.secube_sdio_write
                0x080096d8       0x3c Application/src/se3_sdio.o
                0x080096d8                secube_sdio_write
 .text.secube_sdio_read
                0x08009714       0x3c Application/src/se3_sdio.o
                0x08009714                secube_sdio_read
 .text.secube_sdio_capacity
                0x08009750       0x38 Application/src/se3_sdio.o
                0x08009750                secube_sdio_capacity
 .text.secube_sdio_isready
                0x08009788       0x14 Application/src/se3_sdio.o
                0x08009788                secube_sdio_isready
 .text.MX_SPI5_Init
                0x0800979c       0x38 Application/src/spi.o
                0x0800979c                MX_SPI5_Init
 .text.HAL_SPI_MspInit
                0x080097d4       0x60 Application/src/spi.o
                0x080097d4                HAL_SPI_MspInit
 .text.HAL_MspInit
                0x08009834       0x18 Application/src/stm32f4xx_hal_msp.o
                0x08009834                HAL_MspInit
 .text.SysTick_Handler
                0x0800984c       0x14 Application/src/stm32f4xx_it.o
                0x0800984c                SysTick_Handler
 .text.SDIO_IRQHandler
                0x08009860        0xc Application/src/stm32f4xx_it.o
                0x08009860                SDIO_IRQHandler
 .text.DMA2_Stream3_IRQHandler
                0x0800986c        0xc Application/src/stm32f4xx_it.o
                0x0800986c                DMA2_Stream3_IRQHandler
 .text.DMA2_Stream6_IRQHandler
                0x08009878        0xc Application/src/stm32f4xx_it.o
                0x08009878                DMA2_Stream6_IRQHandler
 .text.OTG_HS_IRQHandler
                0x08009884        0xc Application/src/stm32f4xx_it.o
                0x08009884                OTG_HS_IRQHandler
 .text.TIM2_IRQHandler
                0x08009890       0x50 Application/src/stm32f4xx_it.o
                0x08009890                TIM2_IRQHandler
 .text.MX_TIM4_Init
                0x080098e0       0x6c Application/src/tim.o
                0x080098e0                MX_TIM4_Init
 .text.HAL_TIM_PWM_MspInit
                0x0800994c       0x30 Application/src/tim.o
                0x0800994c                HAL_TIM_PWM_MspInit
 .text.MX_USART1_UART_Init
                0x0800997c       0x34 Application/src/usart.o
                0x0800997c                MX_USART1_UART_Init
 .text.MX_USART6_SMARTCARD_Init
                0x080099b0       0x44 Application/src/usart.o
                0x080099b0                MX_USART6_SMARTCARD_Init
 .text.HAL_UART_MspInit
                0x080099f4       0x8c Application/src/usart.o
                0x080099f4                HAL_UART_MspInit
 .text.HAL_SMARTCARD_MspInit
                0x08009a80       0x6c Application/src/usart.o
                0x08009a80                HAL_SMARTCARD_MspInit
 .text.MX_USB_DEVICE_Init
                0x08009aec       0x38 Application/src/usb_device.o
                0x08009aec                MX_USB_DEVICE_Init
 .text.HAL_PCD_MspInit
                0x08009b24       0xc0 Application/src/usbd_conf.o
                0x08009b24                HAL_PCD_MspInit
 .text.HAL_PCD_SetupStageCallback
                0x08009be4        0xc Application/src/usbd_conf.o
                0x08009be4                HAL_PCD_SetupStageCallback
 .text.HAL_PCD_DataOutStageCallback
                0x08009bf0       0x14 Application/src/usbd_conf.o
                0x08009bf0                HAL_PCD_DataOutStageCallback
 .text.HAL_PCD_DataInStageCallback
                0x08009c04       0x14 Application/src/usbd_conf.o
                0x08009c04                HAL_PCD_DataInStageCallback
 .text.HAL_PCD_SOFCallback
                0x08009c18        0x8 Application/src/usbd_conf.o
                0x08009c18                HAL_PCD_SOFCallback
 .text.HAL_PCD_ResetCallback
                0x08009c20       0x20 Application/src/usbd_conf.o
                0x08009c20                HAL_PCD_ResetCallback
 .text.HAL_PCD_SuspendCallback
                0x08009c40       0x30 Application/src/usbd_conf.o
                0x08009c40                HAL_PCD_SuspendCallback
 .text.HAL_PCD_ResumeCallback
                0x08009c70        0x8 Application/src/usbd_conf.o
                0x08009c70                HAL_PCD_ResumeCallback
 .text.HAL_PCD_ISOOUTIncompleteCallback
                0x08009c78        0x8 Application/src/usbd_conf.o
                0x08009c78                HAL_PCD_ISOOUTIncompleteCallback
 .text.HAL_PCD_ISOINIncompleteCallback
                0x08009c80        0x8 Application/src/usbd_conf.o
                0x08009c80                HAL_PCD_ISOINIncompleteCallback
 .text.HAL_PCD_ConnectCallback
                0x08009c88        0x8 Application/src/usbd_conf.o
                0x08009c88                HAL_PCD_ConnectCallback
 .text.HAL_PCD_DisconnectCallback
                0x08009c90        0x8 Application/src/usbd_conf.o
                0x08009c90                HAL_PCD_DisconnectCallback
 .text.USBD_LL_Init
                0x08009c98       0x68 Application/src/usbd_conf.o
                0x08009c98                USBD_LL_Init
 .text.USBD_LL_Start
                0x08009d00       0x10 Application/src/usbd_conf.o
                0x08009d00                USBD_LL_Start
 .text.USBD_LL_OpenEP
                0x08009d10       0x14 Application/src/usbd_conf.o
                0x08009d10                USBD_LL_OpenEP
 .text.USBD_LL_CloseEP
                0x08009d24       0x10 Application/src/usbd_conf.o
                0x08009d24                USBD_LL_CloseEP
 .text.USBD_LL_FlushEP
                0x08009d34       0x10 Application/src/usbd_conf.o
                0x08009d34                USBD_LL_FlushEP
 .text.USBD_LL_StallEP
                0x08009d44       0x10 Application/src/usbd_conf.o
                0x08009d44                USBD_LL_StallEP
 .text.USBD_LL_ClearStallEP
                0x08009d54       0x10 Application/src/usbd_conf.o
                0x08009d54                USBD_LL_ClearStallEP
 .text.USBD_LL_IsStallEP
                0x08009d64       0x28 Application/src/usbd_conf.o
                0x08009d64                USBD_LL_IsStallEP
 .text.USBD_LL_SetUSBAddress
                0x08009d8c       0x10 Application/src/usbd_conf.o
                0x08009d8c                USBD_LL_SetUSBAddress
 .text.USBD_LL_Transmit
                0x08009d9c       0x10 Application/src/usbd_conf.o
                0x08009d9c                USBD_LL_Transmit
 .text.USBD_LL_PrepareReceive
                0x08009dac       0x10 Application/src/usbd_conf.o
                0x08009dac                USBD_LL_PrepareReceive
 .text.USBD_LL_GetRxDataSize
                0x08009dbc        0xc Application/src/usbd_conf.o
                0x08009dbc                USBD_LL_GetRxDataSize
 .text.USBD_HS_DeviceDescriptor
                0x08009dc8        0xc Application/src/usbd_desc.o
                0x08009dc8                USBD_HS_DeviceDescriptor
 .text.USBD_HS_LangIDStrDescriptor
                0x08009dd4        0xc Application/src/usbd_desc.o
                0x08009dd4                USBD_HS_LangIDStrDescriptor
 .text.USBD_HS_ManufacturerStrDescriptor
                0x08009de0       0x1c Application/src/usbd_desc.o
                0x08009de0                USBD_HS_ManufacturerStrDescriptor
 .text.USBD_HS_ProductStrDescriptor
                0x08009dfc       0x1c Application/src/usbd_desc.o
                0x08009dfc                USBD_HS_ProductStrDescriptor
 .text.USBD_HS_SerialStrDescriptor
                0x08009e18       0x1c Application/src/usbd_desc.o
                0x08009e18                USBD_HS_SerialStrDescriptor
 .text.USBD_HS_ConfigStrDescriptor
                0x08009e34       0x1c Application/src/usbd_desc.o
                0x08009e34                USBD_HS_ConfigStrDescriptor
 .text.USBD_HS_InterfaceStrDescriptor
                0x08009e50       0x1c Application/src/usbd_desc.o
                0x08009e50                USBD_HS_InterfaceStrDescriptor
 .text.STORAGE_IsWriteProtected_HS
                0x08009e6c        0x4 Application/src/usbd_storage_if.o
 .text.STORAGE_GetMaxLun_HS
                0x08009e70        0x4 Application/src/usbd_storage_if.o
 .text.STORAGE_Write_HS
                0x08009e74       0x10 Application/src/usbd_storage_if.o
 .text.STORAGE_Read_HS
                0x08009e84       0x18 Application/src/usbd_storage_if.o
 .text.STORAGE_IsReady_HS
                0x08009e9c       0x10 Application/src/usbd_storage_if.o
 .text.STORAGE_GetCapacity_HS
                0x08009eac       0x14 Application/src/usbd_storage_if.o
 .text.STORAGE_Init_HS
                0x08009ec0        0x4 Application/src/usbd_storage_if.o
 .text.SystemInit
                0x08009ec4       0x50 Drivers/CMSIS/system_stm32f4xx.o
                0x08009ec4                SystemInit
 .text.HAL_InitTick
                0x08009f14       0x28 Drivers/STM32F4xx_HAL_Driver/stm32f4xx_hal.o
                0x08009f14                HAL_InitTick
 .text.HAL_Init
                0x08009f3c       0x34 Drivers/STM32F4xx_HAL_Driver/stm32f4xx_hal.o
                0x08009f3c                HAL_Init
 .text.HAL_IncTick
                0x08009f70       0x10 Drivers/STM32F4xx_HAL_Driver/stm32f4xx_hal.o
                0x08009f70                HAL_IncTick
 .text.HAL_GetTick
                0x08009f80        0xc Drivers/STM32F4xx_HAL_Driver/stm32f4xx_hal.o
                0x08009f80                HAL_GetTick
 .text.HAL_Delay
                0x08009f8c       0x1c Drivers/STM32F4xx_HAL_Driver/stm32f4xx_hal.o
                0x08009f8c                HAL_Delay
 .text.HAL_ADC_Init
                0x08009fa8      0x164 Drivers/STM32F4xx_HAL_Driver/stm32f4xx_hal_adc.o
                0x08009fa8                HAL_ADC_Init
 .text.HAL_ADC_ConfigChannel
                0x0800a10c      0x150 Drivers/STM32F4xx_HAL_Driver/stm32f4xx_hal_adc.o
                0x0800a10c                HAL_ADC_ConfigChannel
 .text.HAL_NVIC_SetPriorityGrouping
                0x0800a25c       0x24 Drivers/STM32F4xx_HAL_Driver/stm32f4xx_hal_cortex.o
                0x0800a25c                HAL_NVIC_SetPriorityGrouping
 .text.HAL_NVIC_SetPriority
                0x0800a280       0x70 Drivers/STM32F4xx_HAL_Driver/stm32f4xx_hal_cortex.o
                0x0800a280                HAL_NVIC_SetPriority
 .text.HAL_NVIC_EnableIRQ
                0x0800a2f0       0x18 Drivers/STM32F4xx_HAL_Driver/stm32f4xx_hal_cortex.o
                0x0800a2f0                HAL_NVIC_EnableIRQ
 .text.HAL_NVIC_DisableIRQ
                0x0800a308       0x1c Drivers/STM32F4xx_HAL_Driver/stm32f4xx_hal_cortex.o
                0x0800a308                HAL_NVIC_DisableIRQ
 .text.HAL_SYSTICK_Config
                0x0800a324       0x34 Drivers/STM32F4xx_HAL_Driver/stm32f4xx_hal_cortex.o
                0x0800a324                HAL_SYSTICK_Config
 .text.HAL_SYSTICK_CLKSourceConfig
                0x0800a358       0x18 Drivers/STM32F4xx_HAL_Driver/stm32f4xx_hal_cortex.o
                0x0800a358                HAL_SYSTICK_CLKSourceConfig
 .text.HAL_SYSTICK_Callback
                0x0800a370        0x4 Drivers/STM32F4xx_HAL_Driver/stm32f4xx_hal_cortex.o
                0x0800a370                HAL_SYSTICK_Callback
 .text.HAL_SYSTICK_IRQHandler
                0x0800a374        0x8 Drivers/STM32F4xx_HAL_Driver/stm32f4xx_hal_cortex.o
                0x0800a374                HAL_SYSTICK_IRQHandler
 .text.HAL_CRC_Init
                0x0800a37c       0x28 Drivers/STM32F4xx_HAL_Driver/stm32f4xx_hal_crc.o
                0x0800a37c                HAL_CRC_Init
 .text.HAL_DMA_Init
                0x0800a3a4       0xa8 Drivers/STM32F4xx_HAL_Driver/stm32f4xx_hal_dma.o
                0x0800a3a4                HAL_DMA_Init
 .text.HAL_DMA_Start_IT
                0x0800a44c       0x5c Drivers/STM32F4xx_HAL_Driver/stm32f4xx_hal_dma.o
                0x0800a44c                HAL_DMA_Start_IT
 .text.HAL_DMA_Abort
                0x0800a4a8       0x50 Drivers/STM32F4xx_HAL_Driver/stm32f4xx_hal_dma.o
                0x0800a4a8                HAL_DMA_Abort
 .text.HAL_DMA_IRQHandler
                0x0800a4f8      0x18c Drivers/STM32F4xx_HAL_Driver/stm32f4xx_hal_dma.o
                0x0800a4f8                HAL_DMA_IRQHandler
 .text.FLASH_SetErrorCode
                0x0800a684       0x90 Drivers/STM32F4xx_HAL_Driver/stm32f4xx_hal_flash.o
 .text.HAL_FLASH_Program
                0x0800a714      0x148 Drivers/STM32F4xx_HAL_Driver/stm32f4xx_hal_flash.o
                0x0800a714                HAL_FLASH_Program
 .text.HAL_FLASH_Unlock
                0x0800a85c       0x24 Drivers/STM32F4xx_HAL_Driver/stm32f4xx_hal_flash.o
                0x0800a85c                HAL_FLASH_Unlock
 .text.HAL_FLASH_Lock
                0x0800a880       0x14 Drivers/STM32F4xx_HAL_Driver/stm32f4xx_hal_flash.o
                0x0800a880                HAL_FLASH_Lock
 .text.FLASH_WaitForLastOperation
                0x0800a894       0x64 Drivers/STM32F4xx_HAL_Driver/stm32f4xx_hal_flash.o
                0x0800a894                FLASH_WaitForLastOperation
 .text.HAL_FLASHEx_Erase
                0x0800a8f8      0x194 Drivers/STM32F4xx_HAL_Driver/stm32f4xx_hal_flash_ex.o
                0x0800a8f8                HAL_FLASHEx_Erase
 .text.HAL_GPIO_Init
                0x0800aa8c      0x220 Drivers/STM32F4xx_HAL_Driver/stm32f4xx_hal_gpio.o
                0x0800aa8c                HAL_GPIO_Init
 .text.HAL_GPIO_WritePin
                0x0800acac        0x8 Drivers/STM32F4xx_HAL_Driver/stm32f4xx_hal_gpio.o
                0x0800acac                HAL_GPIO_WritePin
 .text.HAL_I2C_Init
                0x0800acb4       0xf0 Drivers/STM32F4xx_HAL_Driver/stm32f4xx_hal_i2c.o
                0x0800acb4                HAL_I2C_Init
 .text.HAL_NOR_Init
                0x0800ada4       0x5c Drivers/STM32F4xx_HAL_Driver/stm32f4xx_hal_nor.o
                0x0800ada4                HAL_NOR_Init
 .text.HAL_PCD_Init
                0x0800ae00      0x41c Drivers/STM32F4xx_HAL_Driver/stm32f4xx_hal_pcd.o
                0x0800ae00                HAL_PCD_Init
 .text.HAL_PCD_Start
                0x0800b21c       0x2c Drivers/STM32F4xx_HAL_Driver/stm32f4xx_hal_pcd.o
                0x0800b21c                HAL_PCD_Start
 .text.HAL_PCD_IRQHandler
                0x0800b248      0x510 Drivers/STM32F4xx_HAL_Driver/stm32f4xx_hal_pcd.o
                0x0800b248                HAL_PCD_IRQHandler
 .text.HAL_PCD_SetAddress
                0x0800b758       0x24 Drivers/STM32F4xx_HAL_Driver/stm32f4xx_hal_pcd.o
                0x0800b758                HAL_PCD_SetAddress
 .text.HAL_PCD_EP_Open
                0x0800b77c       0x74 Drivers/STM32F4xx_HAL_Driver/stm32f4xx_hal_pcd.o
                0x0800b77c                HAL_PCD_EP_Open
 .text.HAL_PCD_EP_Close
                0x0800b7f0       0x50 Drivers/STM32F4xx_HAL_Driver/stm32f4xx_hal_pcd.o
                0x0800b7f0                HAL_PCD_EP_Close
 .text.HAL_PCD_EP_Receive
                0x0800b840       0x6c Drivers/STM32F4xx_HAL_Driver/stm32f4xx_hal_pcd.o
                0x0800b840                HAL_PCD_EP_Receive
 .text.HAL_PCD_EP_GetRxCount
                0x0800b8ac       0x14 Drivers/STM32F4xx_HAL_Driver/stm32f4xx_hal_pcd.o
                0x0800b8ac                HAL_PCD_EP_GetRxCount
 .text.HAL_PCD_EP_Transmit
                0x0800b8c0       0x64 Drivers/STM32F4xx_HAL_Driver/stm32f4xx_hal_pcd.o
                0x0800b8c0                HAL_PCD_EP_Transmit
 .text.HAL_PCD_EP_SetStall
                0x0800b924       0x64 Drivers/STM32F4xx_HAL_Driver/stm32f4xx_hal_pcd.o
                0x0800b924                HAL_PCD_EP_SetStall
 .text.HAL_PCD_EP_ClrStall
                0x0800b988       0x54 Drivers/STM32F4xx_HAL_Driver/stm32f4xx_hal_pcd.o
                0x0800b988                HAL_PCD_EP_ClrStall
 .text.HAL_PCD_EP_Flush
                0x0800b9dc       0x3c Drivers/STM32F4xx_HAL_Driver/stm32f4xx_hal_pcd.o
                0x0800b9dc                HAL_PCD_EP_Flush
 .text.HAL_PCDEx_SetTxFiFo
                0x0800ba18       0x48 Drivers/STM32F4xx_HAL_Driver/stm32f4xx_hal_pcd_ex.o
                0x0800ba18                HAL_PCDEx_SetTxFiFo
 .text.HAL_PCDEx_SetRxFiFo
                0x0800ba60        0x8 Drivers/STM32F4xx_HAL_Driver/stm32f4xx_hal_pcd_ex.o
                0x0800ba60                HAL_PCDEx_SetRxFiFo
 .text.HAL_PWR_EnterSLEEPMode
                0x0800ba68       0x20 Drivers/STM32F4xx_HAL_Driver/stm32f4xx_hal_pwr.o
                0x0800ba68                HAL_PWR_EnterSLEEPMode
 .text.HAL_RCC_OscConfig
                0x0800ba88      0x318 Drivers/STM32F4xx_HAL_Driver/stm32f4xx_hal_rcc.o
                0x0800ba88                HAL_RCC_OscConfig
 .text.HAL_RCC_ClockConfig
                0x0800bda0      0x140 Drivers/STM32F4xx_HAL_Driver/stm32f4xx_hal_rcc.o
                0x0800bda0                HAL_RCC_ClockConfig
 .text.HAL_RCC_MCOConfig
                0x0800bee0       0xa4 Drivers/STM32F4xx_HAL_Driver/stm32f4xx_hal_rcc.o
                0x0800bee0                HAL_RCC_MCOConfig
 .text.HAL_RCC_GetSysClockFreq
                0x0800bf84       0x64 Drivers/STM32F4xx_HAL_Driver/stm32f4xx_hal_rcc.o
                0x0800bf84                HAL_RCC_GetSysClockFreq
 .text.HAL_RCC_GetHCLKFreq
                0x0800bfe8       0x34 Drivers/STM32F4xx_HAL_Driver/stm32f4xx_hal_rcc.o
                0x0800bfe8                HAL_RCC_GetHCLKFreq
 .text.HAL_RCC_GetPCLK1Freq
                0x0800c01c       0x4c Drivers/STM32F4xx_HAL_Driver/stm32f4xx_hal_rcc.o
                0x0800c01c                HAL_RCC_GetPCLK1Freq
 .text.HAL_RCC_GetPCLK2Freq
                0x0800c068       0x4c Drivers/STM32F4xx_HAL_Driver/stm32f4xx_hal_rcc.o
                0x0800c068                HAL_RCC_GetPCLK2Freq
 .text.HAL_RNG_Init
                0x0800c0b4       0x44 Drivers/STM32F4xx_HAL_Driver/stm32f4xx_hal_rng.o
                0x0800c0b4                HAL_RNG_Init
 .text.HAL_RNG_GenerateRandomNumber
                0x0800c0f8       0x58 Drivers/STM32F4xx_HAL_Driver/stm32f4xx_hal_rng.o
                0x0800c0f8                HAL_RNG_GenerateRandomNumber
 .text.SD_CmdResp1Error.part.0
                0x0800c150       0xbc Drivers/STM32F4xx_HAL_Driver/stm32f4xx_hal_sd.o
 .text.SD_CmdResp1Error
                0x0800c20c       0x44 Drivers/STM32F4xx_HAL_Driver/stm32f4xx_hal_sd.o
 .text.SD_FindSCR
                0x0800c250      0x178 Drivers/STM32F4xx_HAL_Driver/stm32f4xx_hal_sd.o
 .text.HAL_SD_ReadBlocks_DMA
                0x0800c3c8      0x190 Drivers/STM32F4xx_HAL_Driver/stm32f4xx_hal_sd.o
                0x0800c3c8                HAL_SD_ReadBlocks_DMA
 .text.HAL_SD_WriteBlocks_DMA
                0x0800c558      0x188 Drivers/STM32F4xx_HAL_Driver/stm32f4xx_hal_sd.o
                0x0800c558                HAL_SD_WriteBlocks_DMA
 .text.HAL_SD_CheckReadOperation
                0x0800c6e0       0xfc Drivers/STM32F4xx_HAL_Driver/stm32f4xx_hal_sd.o
                0x0800c6e0                HAL_SD_CheckReadOperation
 .text.HAL_SD_CheckWriteOperation
                0x0800c7dc      0x174 Drivers/STM32F4xx_HAL_Driver/stm32f4xx_hal_sd.o
                0x0800c7dc                HAL_SD_CheckWriteOperation
 .text.HAL_SD_XferCpltCallback
                0x0800c950        0x4 Drivers/STM32F4xx_HAL_Driver/stm32f4xx_hal_sd.o
                0x0800c950                HAL_SD_XferCpltCallback
 .text.HAL_SD_XferErrorCallback
                0x0800c954        0x4 Drivers/STM32F4xx_HAL_Driver/stm32f4xx_hal_sd.o
                0x0800c954                HAL_SD_XferErrorCallback
 .text.HAL_SD_IRQHandler
                0x0800c958       0xa0 Drivers/STM32F4xx_HAL_Driver/stm32f4xx_hal_sd.o
                0x0800c958                HAL_SD_IRQHandler
 .text.HAL_SD_DMA_RxCpltCallback
                0x0800c9f8        0x4 Drivers/STM32F4xx_HAL_Driver/stm32f4xx_hal_sd.o
                0x0800c9f8                HAL_SD_DMA_RxCpltCallback
 .text.SD_DMA_RxCplt
                0x0800c9fc       0x1c Drivers/STM32F4xx_HAL_Driver/stm32f4xx_hal_sd.o
 .text.HAL_SD_DMA_RxErrorCallback
                0x0800ca18        0x4 Drivers/STM32F4xx_HAL_Driver/stm32f4xx_hal_sd.o
                0x0800ca18                HAL_SD_DMA_RxErrorCallback
 .text.SD_DMA_RxError
                0x0800ca1c        0xc Drivers/STM32F4xx_HAL_Driver/stm32f4xx_hal_sd.o
 .text.HAL_SD_DMA_TxCpltCallback
                0x0800ca28        0x4 Drivers/STM32F4xx_HAL_Driver/stm32f4xx_hal_sd.o
                0x0800ca28                HAL_SD_DMA_TxCpltCallback
 .text.SD_DMA_TxCplt
                0x0800ca2c       0x1c Drivers/STM32F4xx_HAL_Driver/stm32f4xx_hal_sd.o
 .text.HAL_SD_DMA_TxErrorCallback
                0x0800ca48        0x4 Drivers/STM32F4xx_HAL_Driver/stm32f4xx_hal_sd.o
                0x0800ca48                HAL_SD_DMA_TxErrorCallback
 .text.SD_DMA_TxError
                0x0800ca4c        0xc Drivers/STM32F4xx_HAL_Driver/stm32f4xx_hal_sd.o
 .text.HAL_SD_Get_CardInfo
                0x0800ca58      0x290 Drivers/STM32F4xx_HAL_Driver/stm32f4xx_hal_sd.o
                0x0800ca58                HAL_SD_Get_CardInfo
 .text.HAL_SD_Init
                0x0800cce8      0x4c0 Drivers/STM32F4xx_HAL_Driver/stm32f4xx_hal_sd.o
                0x0800cce8                HAL_SD_Init
 .text.HAL_SD_WideBusOperation_Config
                0x0800d1a8      0x150 Drivers/STM32F4xx_HAL_Driver/stm32f4xx_hal_sd.o
                0x0800d1a8                HAL_SD_WideBusOperation_Config
 .text.HAL_SD_GetStatus
                0x0800d2f8       0x70 Drivers/STM32F4xx_HAL_Driver/stm32f4xx_hal_sd.o
                0x0800d2f8                HAL_SD_GetStatus
 .text.HAL_SMARTCARD_Init
                0x0800d368      0x250 Drivers/STM32F4xx_HAL_Driver/stm32f4xx_hal_smartcard.o
                0x0800d368                HAL_SMARTCARD_Init
 .text.HAL_SPI_Init
                0x0800d5b8       0x8c Drivers/STM32F4xx_HAL_Driver/stm32f4xx_hal_spi.o
                0x0800d5b8                HAL_SPI_Init
 .text.HAL_TIM_PWM_Init
                0x0800d644       0xfc Drivers/STM32F4xx_HAL_Driver/stm32f4xx_hal_tim.o
                0x0800d644                HAL_TIM_PWM_Init
 .text.HAL_TIM_PWM_ConfigChannel
                0x0800d740      0x228 Drivers/STM32F4xx_HAL_Driver/stm32f4xx_hal_tim.o
                0x0800d740                HAL_TIM_PWM_ConfigChannel
 .text.HAL_TIM_PeriodElapsedCallback
                0x0800d968        0x4 Drivers/STM32F4xx_HAL_Driver/stm32f4xx_hal_tim.o
                0x0800d968                HAL_TIM_PeriodElapsedCallback
 .text.HAL_TIM_OC_DelayElapsedCallback
                0x0800d96c        0x4 Drivers/STM32F4xx_HAL_Driver/stm32f4xx_hal_tim.o
                0x0800d96c                HAL_TIM_OC_DelayElapsedCallback
 .text.HAL_TIM_IC_CaptureCallback
                0x0800d970        0x4 Drivers/STM32F4xx_HAL_Driver/stm32f4xx_hal_tim.o
                0x0800d970                HAL_TIM_IC_CaptureCallback
 .text.HAL_TIM_PWM_PulseFinishedCallback
                0x0800d974        0x4 Drivers/STM32F4xx_HAL_Driver/stm32f4xx_hal_tim.o
                0x0800d974                HAL_TIM_PWM_PulseFinishedCallback
 .text.HAL_TIM_TriggerCallback
                0x0800d978        0x4 Drivers/STM32F4xx_HAL_Driver/stm32f4xx_hal_tim.o
                0x0800d978                HAL_TIM_TriggerCallback
 .text.HAL_TIM_IRQHandler
                0x0800d97c      0x154 Drivers/STM32F4xx_HAL_Driver/stm32f4xx_hal_tim.o
                0x0800d97c                HAL_TIM_IRQHandler
 .text.HAL_TIMEx_MasterConfigSynchronization
                0x0800dad0       0x48 Drivers/STM32F4xx_HAL_Driver/stm32f4xx_hal_tim_ex.o
                0x0800dad0                HAL_TIMEx_MasterConfigSynchronization
 .text.HAL_TIMEx_CommutationCallback
                0x0800db18        0x4 Drivers/STM32F4xx_HAL_Driver/stm32f4xx_hal_tim_ex.o
                0x0800db18                HAL_TIMEx_CommutationCallback
 .text.HAL_TIMEx_BreakCallback
                0x0800db1c        0x4 Drivers/STM32F4xx_HAL_Driver/stm32f4xx_hal_tim_ex.o
                0x0800db1c                HAL_TIMEx_BreakCallback
 .text.UART_SetConfig
                0x0800db20      0x2dc Drivers/STM32F4xx_HAL_Driver/stm32f4xx_hal_uart.o
 .text.HAL_UART_Init
                0x0800ddfc       0x60 Drivers/STM32F4xx_HAL_Driver/stm32f4xx_hal_uart.o
                0x0800ddfc                HAL_UART_Init
 .text.FMC_NORSRAM_Init
                0x0800de5c       0x70 Drivers/STM32F4xx_HAL_Driver/stm32f4xx_ll_fmc.o
                0x0800de5c                FMC_NORSRAM_Init
 .text.FMC_NORSRAM_Timing_Init
                0x0800decc       0x50 Drivers/STM32F4xx_HAL_Driver/stm32f4xx_ll_fmc.o
                0x0800decc                FMC_NORSRAM_Timing_Init
 .text.FMC_NORSRAM_Extended_Timing_Init
                0x0800df1c       0x48 Drivers/STM32F4xx_HAL_Driver/stm32f4xx_ll_fmc.o
                0x0800df1c                FMC_NORSRAM_Extended_Timing_Init
 .text.SDIO_Init
                0x0800df64       0x34 Drivers/STM32F4xx_HAL_Driver/stm32f4xx_ll_sdmmc.o
                0x0800df64                SDIO_Init
 .text.SDIO_ReadFIFO
                0x0800df98        0x8 Drivers/STM32F4xx_HAL_Driver/stm32f4xx_ll_sdmmc.o
                0x0800df98                SDIO_ReadFIFO
 .text.SDIO_PowerState_ON
                0x0800dfa0        0x8 Drivers/STM32F4xx_HAL_Driver/stm32f4xx_ll_sdmmc.o
                0x0800dfa0                SDIO_PowerState_ON
 .text.SDIO_GetPowerState
                0x0800dfa8        0x8 Drivers/STM32F4xx_HAL_Driver/stm32f4xx_ll_sdmmc.o
                0x0800dfa8                SDIO_GetPowerState
 .text.SDIO_SendCommand
                0x0800dfb0       0x28 Drivers/STM32F4xx_HAL_Driver/stm32f4xx_ll_sdmmc.o
                0x0800dfb0                SDIO_SendCommand
 .text.SDIO_GetCommandResponse
                0x0800dfd8        0x8 Drivers/STM32F4xx_HAL_Driver/stm32f4xx_ll_sdmmc.o
                0x0800dfd8                SDIO_GetCommandResponse
 .text.SDIO_GetResponse
                0x0800dfe0       0x18 Drivers/STM32F4xx_HAL_Driver/stm32f4xx_ll_sdmmc.o
                0x0800dfe0                SDIO_GetResponse
 .text.SDIO_DataConfig
                0x0800dff8       0x28 Drivers/STM32F4xx_HAL_Driver/stm32f4xx_ll_sdmmc.o
                0x0800dff8                SDIO_DataConfig
 .text.USB_CoreInit
                0x0800e020       0xb8 Drivers/STM32F4xx_HAL_Driver/stm32f4xx_ll_usb.o
                0x0800e020                USB_CoreInit
 .text.USB_EnableGlobalInt
                0x0800e0d8       0x10 Drivers/STM32F4xx_HAL_Driver/stm32f4xx_ll_usb.o
                0x0800e0d8                USB_EnableGlobalInt
 .text.USB_DisableGlobalInt
                0x0800e0e8       0x10 Drivers/STM32F4xx_HAL_Driver/stm32f4xx_ll_usb.o
                0x0800e0e8                USB_DisableGlobalInt
 .text.USB_SetCurrentMode
                0x0800e0f8       0x34 Drivers/STM32F4xx_HAL_Driver/stm32f4xx_ll_usb.o
                0x0800e0f8                USB_SetCurrentMode
 .text.USB_DevInit
                0x0800e12c      0x174 Drivers/STM32F4xx_HAL_Driver/stm32f4xx_ll_usb.o
                0x0800e12c                USB_DevInit
 .text.USB_FlushTxFifo
                0x0800e2a0       0x24 Drivers/STM32F4xx_HAL_Driver/stm32f4xx_ll_usb.o
                0x0800e2a0                USB_FlushTxFifo
 .text.USB_FlushRxFifo
                0x0800e2c4       0x20 Drivers/STM32F4xx_HAL_Driver/stm32f4xx_ll_usb.o
                0x0800e2c4                USB_FlushRxFifo
 .text.USB_GetDevSpeed
                0x0800e2e4       0x38 Drivers/STM32F4xx_HAL_Driver/stm32f4xx_ll_usb.o
                0x0800e2e4                USB_GetDevSpeed
 .text.USB_ActivateEndpoint
                0x0800e31c       0x90 Drivers/STM32F4xx_HAL_Driver/stm32f4xx_ll_usb.o
                0x0800e31c                USB_ActivateEndpoint
 .text.USB_DeactivateEndpoint
                0x0800e3ac       0x84 Drivers/STM32F4xx_HAL_Driver/stm32f4xx_ll_usb.o
                0x0800e3ac                USB_DeactivateEndpoint
 .text.USB_EPStartXfer
                0x0800e430      0x278 Drivers/STM32F4xx_HAL_Driver/stm32f4xx_ll_usb.o
                0x0800e430                USB_EPStartXfer
 .text.USB_EP0StartXfer
                0x0800e6a8      0x17c Drivers/STM32F4xx_HAL_Driver/stm32f4xx_ll_usb.o
                0x0800e6a8                USB_EP0StartXfer
 .text.USB_WritePacket
                0x0800e824       0x2c Drivers/STM32F4xx_HAL_Driver/stm32f4xx_ll_usb.o
                0x0800e824                USB_WritePacket
 .text.USB_ReadPacket
                0x0800e850       0x24 Drivers/STM32F4xx_HAL_Driver/stm32f4xx_ll_usb.o
                0x0800e850                USB_ReadPacket
 .text.USB_EPSetStall
                0x0800e874       0x40 Drivers/STM32F4xx_HAL_Driver/stm32f4xx_ll_usb.o
                0x0800e874                USB_EPSetStall
 .text.USB_EPClearStall
                0x0800e8b4       0x3c Drivers/STM32F4xx_HAL_Driver/stm32f4xx_ll_usb.o
                0x0800e8b4                USB_EPClearStall
 .text.USB_SetDevAddress
                0x0800e8f0       0x20 Drivers/STM32F4xx_HAL_Driver/stm32f4xx_ll_usb.o
                0x0800e8f0                USB_SetDevAddress
 .text.USB_DevConnect
                0x0800e910       0x18 Drivers/STM32F4xx_HAL_Driver/stm32f4xx_ll_usb.o
                0x0800e910                USB_DevConnect
 .text.USB_DevDisconnect
                0x0800e928       0x18 Drivers/STM32F4xx_HAL_Driver/stm32f4xx_ll_usb.o
                0x0800e928                USB_DevDisconnect
 .text.USB_ReadInterrupts
                0x0800e940        0x8 Drivers/STM32F4xx_HAL_Driver/stm32f4xx_ll_usb.o
                0x0800e940                USB_ReadInterrupts
 .text.USB_ReadDevAllOutEpInterrupt
                0x0800e948       0x10 Drivers/STM32F4xx_HAL_Driver/stm32f4xx_ll_usb.o
                0x0800e948                USB_ReadDevAllOutEpInterrupt
 .text.USB_ReadDevAllInEpInterrupt
                0x0800e958       0x10 Drivers/STM32F4xx_HAL_Driver/stm32f4xx_ll_usb.o
                0x0800e958                USB_ReadDevAllInEpInterrupt
 .text.USB_ReadDevOutEPInterrupt
                0x0800e968       0x14 Drivers/STM32F4xx_HAL_Driver/stm32f4xx_ll_usb.o
                0x0800e968                USB_ReadDevOutEPInterrupt
 .text.USB_ReadDevInEPInterrupt
                0x0800e97c       0x20 Drivers/STM32F4xx_HAL_Driver/stm32f4xx_ll_usb.o
                0x0800e97c                USB_ReadDevInEPInterrupt
 .text.USB_GetMode
                0x0800e99c        0x8 Drivers/STM32F4xx_HAL_Driver/stm32f4xx_ll_usb.o
                0x0800e99c                USB_GetMode
 .text.USB_ActivateSetup
                0x0800e9a4       0x38 Drivers/STM32F4xx_HAL_Driver/stm32f4xx_ll_usb.o
                0x0800e9a4                USB_ActivateSetup
 .text.USB_EP0_OutStart
                0x0800e9dc       0x44 Drivers/STM32F4xx_HAL_Driver/stm32f4xx_ll_usb.o
                0x0800e9dc                USB_EP0_OutStart
 .text.USBD_Init
                0x0800ea20       0x2c Middlewares/USB_Device_Library/usbd_core.o
                0x0800ea20                USBD_Init
 .text.USBD_RegisterClass
                0x0800ea4c       0x10 Middlewares/USB_Device_Library/usbd_core.o
                0x0800ea4c                USBD_RegisterClass
 .text.USBD_Start
                0x0800ea5c        0xc Middlewares/USB_Device_Library/usbd_core.o
                0x0800ea5c                USBD_Start
 .text.USBD_SetClassConfig
                0x0800ea68       0x14 Middlewares/USB_Device_Library/usbd_core.o
                0x0800ea68                USBD_SetClassConfig
 .text.USBD_ClrClassConfig
                0x0800ea7c       0x10 Middlewares/USB_Device_Library/usbd_core.o
                0x0800ea7c                USBD_ClrClassConfig
 .text.USBD_LL_SetupStage
                0x0800ea8c       0x60 Middlewares/USB_Device_Library/usbd_core.o
                0x0800ea8c                USBD_LL_SetupStage
 .text.USBD_LL_DataOutStage
                0x0800eaec       0x6c Middlewares/USB_Device_Library/usbd_core.o
                0x0800eaec                USBD_LL_DataOutStage
 .text.USBD_LL_DataInStage
                0x0800eb58       0xa4 Middlewares/USB_Device_Library/usbd_core.o
                0x0800eb58                USBD_LL_DataInStage
 .text.USBD_LL_Reset
                0x0800ebfc       0x40 Middlewares/USB_Device_Library/usbd_core.o
                0x0800ebfc                USBD_LL_Reset
 .text.USBD_LL_SetSpeed
                0x0800ec3c        0x8 Middlewares/USB_Device_Library/usbd_core.o
                0x0800ec3c                USBD_LL_SetSpeed
 .text.USBD_LL_Suspend
                0x0800ec44       0x14 Middlewares/USB_Device_Library/usbd_core.o
                0x0800ec44                USBD_LL_Suspend
 .text.USBD_LL_Resume
                0x0800ec58       0x10 Middlewares/USB_Device_Library/usbd_core.o
                0x0800ec58                USBD_LL_Resume
 .text.USBD_LL_SOF
                0x0800ec68       0x1c Middlewares/USB_Device_Library/usbd_core.o
                0x0800ec68                USBD_LL_SOF
 .text.USBD_LL_IsoINIncomplete
                0x0800ec84        0x4 Middlewares/USB_Device_Library/usbd_core.o
                0x0800ec84                USBD_LL_IsoINIncomplete
 .text.USBD_LL_IsoOUTIncomplete
                0x0800ec88        0x4 Middlewares/USB_Device_Library/usbd_core.o
                0x0800ec88                USBD_LL_IsoOUTIncomplete
 .text.USBD_LL_DevConnected
                0x0800ec8c        0x4 Middlewares/USB_Device_Library/usbd_core.o
                0x0800ec8c                USBD_LL_DevConnected
 .text.USBD_LL_DevDisconnected
                0x0800ec90       0x18 Middlewares/USB_Device_Library/usbd_core.o
                0x0800ec90                USBD_LL_DevDisconnected
 .text.USBD_StdDevReq
                0x0800eca8      0x2a0 Middlewares/USB_Device_Library/usbd_ctlreq.o
                0x0800eca8                USBD_StdDevReq
 .text.USBD_StdItfReq
                0x0800ef48       0x3c Middlewares/USB_Device_Library/usbd_ctlreq.o
                0x0800ef48                USBD_StdItfReq
 .text.USBD_StdEPReq
                0x0800ef84       0xd0 Middlewares/USB_Device_Library/usbd_ctlreq.o
                0x0800ef84                USBD_StdEPReq
 .text.USBD_ParseSetupRequest
                0x0800f054       0x28 Middlewares/USB_Device_Library/usbd_ctlreq.o
                0x0800f054                USBD_ParseSetupRequest
 .text.USBD_CtlError
                0x0800f07c       0x18 Middlewares/USB_Device_Library/usbd_ctlreq.o
                0x0800f07c                USBD_CtlError
 .text.USBD_GetString
                0x0800f094       0x4c Middlewares/USB_Device_Library/usbd_ctlreq.o
                0x0800f094                USBD_GetString
 .text.USBD_CtlSendData
                0x0800f0e0       0x1c Middlewares/USB_Device_Library/usbd_ioreq.o
                0x0800f0e0                USBD_CtlSendData
 .text.USBD_CtlContinueSendData
                0x0800f0fc       0x10 Middlewares/USB_Device_Library/usbd_ioreq.o
                0x0800f0fc                USBD_CtlContinueSendData
 .text.USBD_CtlContinueRx
                0x0800f10c       0x10 Middlewares/USB_Device_Library/usbd_ioreq.o
                0x0800f10c                USBD_CtlContinueRx
 .text.USBD_CtlSendStatus
                0x0800f11c       0x18 Middlewares/USB_Device_Library/usbd_ioreq.o
                0x0800f11c                USBD_CtlSendStatus
 .text.USBD_CtlReceiveStatus
                0x0800f134       0x18 Middlewares/USB_Device_Library/usbd_ioreq.o
                0x0800f134                USBD_CtlReceiveStatus
 .text.USBD_MSC_GetHSCfgDesc
                0x0800f14c        0xc Middlewares/USB_Device_Library/usbd_msc.o
                0x0800f14c                USBD_MSC_GetHSCfgDesc
 .text.USBD_MSC_GetFSCfgDesc
                0x0800f158        0xc Middlewares/USB_Device_Library/usbd_msc.o
                0x0800f158                USBD_MSC_GetFSCfgDesc
 .text.USBD_MSC_GetOtherSpeedCfgDesc
                0x0800f164        0xc Middlewares/USB_Device_Library/usbd_msc.o
                0x0800f164                USBD_MSC_GetOtherSpeedCfgDesc
 .text.USBD_MSC_GetDeviceQualifierDescriptor
                0x0800f170        0xc Middlewares/USB_Device_Library/usbd_msc.o
                0x0800f170                USBD_MSC_GetDeviceQualifierDescriptor
 .text.USBD_MSC_Init
                0x0800f17c       0x64 Middlewares/USB_Device_Library/usbd_msc.o
                0x0800f17c                USBD_MSC_Init
 .text.USBD_MSC_DeInit
                0x0800f1e0       0x2c Middlewares/USB_Device_Library/usbd_msc.o
                0x0800f1e0                USBD_MSC_DeInit
 .text.USBD_MSC_Setup
                0x0800f20c      0x104 Middlewares/USB_Device_Library/usbd_msc.o
                0x0800f20c                USBD_MSC_Setup
 .text.USBD_MSC_DataIn
                0x0800f310        0xc Middlewares/USB_Device_Library/usbd_msc.o
                0x0800f310                USBD_MSC_DataIn
 .text.USBD_MSC_DataOut
                0x0800f31c        0xc Middlewares/USB_Device_Library/usbd_msc.o
                0x0800f31c                USBD_MSC_DataOut
 .text.USBD_MSC_RegisterStorage
                0x0800f328        0xc Middlewares/USB_Device_Library/usbd_msc.o
                0x0800f328                USBD_MSC_RegisterStorage
 .text.MSC_BOT_Init
                0x0800f334       0x48 Middlewares/USB_Device_Library/usbd_msc_bot.o
                0x0800f334                MSC_BOT_Init
 .text.MSC_BOT_Reset
                0x0800f37c       0x20 Middlewares/USB_Device_Library/usbd_msc_bot.o
                0x0800f37c                MSC_BOT_Reset
 .text.MSC_BOT_DeInit
                0x0800f39c        0xc Middlewares/USB_Device_Library/usbd_msc_bot.o
                0x0800f39c                MSC_BOT_DeInit
 .text.MSC_BOT_DataIn
                0x0800f3a8       0xa8 Middlewares/USB_Device_Library/usbd_msc_bot.o
                0x0800f3a8                MSC_BOT_DataIn
 .text.MSC_BOT_SendCSW
                0x0800f450       0x3c Middlewares/USB_Device_Library/usbd_msc_bot.o
                0x0800f450                MSC_BOT_SendCSW
 .text.MSC_BOT_DataOut
                0x0800f48c      0x198 Middlewares/USB_Device_Library/usbd_msc_bot.o
                0x0800f48c                MSC_BOT_DataOut
 .text.MSC_BOT_CplClrFeature
                0x0800f624       0x60 Middlewares/USB_Device_Library/usbd_msc_bot.o
                0x0800f624                MSC_BOT_CplClrFeature
 .text.SCSI_ProcessCmd
                0x0800f684      0x808 Middlewares/USB_Device_Library/usbd_msc_scsi.o
                0x0800f684                SCSI_ProcessCmd
 .text.SCSI_SenseCode
                0x0800fe8c       0x34 Middlewares/USB_Device_Library/usbd_msc_scsi.o
                0x0800fe8c                SCSI_SenseCode
 .text.calloc   0x0800fec0       0x10 c:/users/pietro/.p2/pool/plugins/fr.ac6.mcu.externaltools.arm-none.win32_1.13.2.201703061525/tools/compiler/bin/../lib/gcc/arm-none-eabi/5.4.1/../../../../arm-none-eabi/lib/armv7e-m/fpu\libc_nano.a(lib_a-calloc.o)
                0x0800fec0                calloc
 .text.__libc_init_array
                0x0800fed0       0x4c c:/users/pietro/.p2/pool/plugins/fr.ac6.mcu.externaltools.arm-none.win32_1.13.2.201703061525/tools/compiler/bin/../lib/gcc/arm-none-eabi/5.4.1/../../../../arm-none-eabi/lib/armv7e-m/fpu\libc_nano.a(lib_a-init.o)
                0x0800fed0                __libc_init_array
 .text.malloc   0x0800ff1c       0x10 c:/users/pietro/.p2/pool/plugins/fr.ac6.mcu.externaltools.arm-none.win32_1.13.2.201703061525/tools/compiler/bin/../lib/gcc/arm-none-eabi/5.4.1/../../../../arm-none-eabi/lib/armv7e-m/fpu\libc_nano.a(lib_a-malloc.o)
                0x0800ff1c                malloc
 .text.free     0x0800ff2c       0x10 c:/users/pietro/.p2/pool/plugins/fr.ac6.mcu.externaltools.arm-none.win32_1.13.2.201703061525/tools/compiler/bin/../lib/gcc/arm-none-eabi/5.4.1/../../../../arm-none-eabi/lib/armv7e-m/fpu\libc_nano.a(lib_a-malloc.o)
                0x0800ff2c                free
 .text.memcmp   0x0800ff3c       0x1e c:/users/pietro/.p2/pool/plugins/fr.ac6.mcu.externaltools.arm-none.win32_1.13.2.201703061525/tools/compiler/bin/../lib/gcc/arm-none-eabi/5.4.1/../../../../arm-none-eabi/lib/armv7e-m/fpu\libc_nano.a(lib_a-memcmp.o)
                0x0800ff3c                memcmp
 .text.memcpy   0x0800ff5a       0x16 c:/users/pietro/.p2/pool/plugins/fr.ac6.mcu.externaltools.arm-none.win32_1.13.2.201703061525/tools/compiler/bin/../lib/gcc/arm-none-eabi/5.4.1/../../../../arm-none-eabi/lib/armv7e-m/fpu\libc_nano.a(lib_a-memcpy-stub.o)
                0x0800ff5a                memcpy
 .text.memmove  0x0800ff70       0x36 c:/users/pietro/.p2/pool/plugins/fr.ac6.mcu.externaltools.arm-none.win32_1.13.2.201703061525/tools/compiler/bin/../lib/gcc/arm-none-eabi/5.4.1/../../../../arm-none-eabi/lib/armv7e-m/fpu\libc_nano.a(lib_a-memmove.o)
                0x0800ff70                memmove
 .text.memset   0x0800ffa6       0x10 c:/users/pietro/.p2/pool/plugins/fr.ac6.mcu.externaltools.arm-none.win32_1.13.2.201703061525/tools/compiler/bin/../lib/gcc/arm-none-eabi/5.4.1/../../../../arm-none-eabi/lib/armv7e-m/fpu\libc_nano.a(lib_a-memset.o)
                0x0800ffa6                memset
 .text._calloc_r
                0x0800ffb6       0x1c c:/users/pietro/.p2/pool/plugins/fr.ac6.mcu.externaltools.arm-none.win32_1.13.2.201703061525/tools/compiler/bin/../lib/gcc/arm-none-eabi/5.4.1/../../../../arm-none-eabi/lib/armv7e-m/fpu\libc_nano.a(lib_a-nano-callocr.o)
                0x0800ffb6                _calloc_r
 *fill*         0x0800ffd2        0x2 
 .text._free_r  0x0800ffd4       0x9c c:/users/pietro/.p2/pool/plugins/fr.ac6.mcu.externaltools.arm-none.win32_1.13.2.201703061525/tools/compiler/bin/../lib/gcc/arm-none-eabi/5.4.1/../../../../arm-none-eabi/lib/armv7e-m/fpu\libc_nano.a(lib_a-nano-freer.o)
                0x0800ffd4                _free_r
 .text._malloc_r
                0x08010070       0xbc c:/users/pietro/.p2/pool/plugins/fr.ac6.mcu.externaltools.arm-none.win32_1.13.2.201703061525/tools/compiler/bin/../lib/gcc/arm-none-eabi/5.4.1/../../../../arm-none-eabi/lib/armv7e-m/fpu\libc_nano.a(lib_a-nano-mallocr.o)
                0x08010070                _malloc_r
 .text._sbrk_r  0x0801012c       0x20 c:/users/pietro/.p2/pool/plugins/fr.ac6.mcu.externaltools.arm-none.win32_1.13.2.201703061525/tools/compiler/bin/../lib/gcc/arm-none-eabi/5.4.1/../../../../arm-none-eabi/lib/armv7e-m/fpu\libc_nano.a(lib_a-sbrkr.o)
                0x0801012c                _sbrk_r
 .text.sprintf  0x0801014c       0x48 c:/users/pietro/.p2/pool/plugins/fr.ac6.mcu.externaltools.arm-none.win32_1.13.2.201703061525/tools/compiler/bin/../lib/gcc/arm-none-eabi/5.4.1/../../../../arm-none-eabi/lib/armv7e-m/fpu\libc_nano.a(lib_a-sprintf.o)
                0x0801014c                siprintf
                0x0801014c                sprintf
 .text.strcpy   0x08010194       0x10 c:/users/pietro/.p2/pool/plugins/fr.ac6.mcu.externaltools.arm-none.win32_1.13.2.201703061525/tools/compiler/bin/../lib/gcc/arm-none-eabi/5.4.1/../../../../arm-none-eabi/lib/armv7e-m/fpu\libc_nano.a(lib_a-strcpy.o)
                0x08010194                strcpy
 .text.__malloc_lock
                0x080101a4        0x2 c:/users/pietro/.p2/pool/plugins/fr.ac6.mcu.externaltools.arm-none.win32_1.13.2.201703061525/tools/compiler/bin/../lib/gcc/arm-none-eabi/5.4.1/../../../../arm-none-eabi/lib/armv7e-m/fpu\libc_nano.a(lib_a-mlock.o)
                0x080101a4                __malloc_lock
 .text.__malloc_unlock
                0x080101a6        0x2 c:/users/pietro/.p2/pool/plugins/fr.ac6.mcu.externaltools.arm-none.win32_1.13.2.201703061525/tools/compiler/bin/../lib/gcc/arm-none-eabi/5.4.1/../../../../arm-none-eabi/lib/armv7e-m/fpu\libc_nano.a(lib_a-mlock.o)
                0x080101a6                __malloc_unlock
 .text.__ssputs_r
                0x080101a8       0xb2 c:/users/pietro/.p2/pool/plugins/fr.ac6.mcu.externaltools.arm-none.win32_1.13.2.201703061525/tools/compiler/bin/../lib/gcc/arm-none-eabi/5.4.1/../../../../arm-none-eabi/lib/armv7e-m/fpu\libc_nano.a(lib_a-nano-svfprintf.o)
                0x080101a8                __ssputs_r
 *fill*         0x0801025a        0x2 
 .text._svfprintf_r
                0x0801025c      0x1e8 c:/users/pietro/.p2/pool/plugins/fr.ac6.mcu.externaltools.arm-none.win32_1.13.2.201703061525/tools/compiler/bin/../lib/gcc/arm-none-eabi/5.4.1/../../../../arm-none-eabi/lib/armv7e-m/fpu\libc_nano.a(lib_a-nano-svfprintf.o)
                0x0801025c                _svfiprintf_r
                0x0801025c                _svfprintf_r
 .text._printf_common
                0x08010444       0xec c:/users/pietro/.p2/pool/plugins/fr.ac6.mcu.externaltools.arm-none.win32_1.13.2.201703061525/tools/compiler/bin/../lib/gcc/arm-none-eabi/5.4.1/../../../../arm-none-eabi/lib/armv7e-m/fpu\libc_nano.a(lib_a-nano-vfprintf_i.o)
                0x08010444                _printf_common
 .text._printf_i
                0x08010530      0x24c c:/users/pietro/.p2/pool/plugins/fr.ac6.mcu.externaltools.arm-none.win32_1.13.2.201703061525/tools/compiler/bin/../lib/gcc/arm-none-eabi/5.4.1/../../../../arm-none-eabi/lib/armv7e-m/fpu\libc_nano.a(lib_a-nano-vfprintf_i.o)
                0x08010530                _printf_i
 .text._realloc_r
                0x0801077c       0x4c c:/users/pietro/.p2/pool/plugins/fr.ac6.mcu.externaltools.arm-none.win32_1.13.2.201703061525/tools/compiler/bin/../lib/gcc/arm-none-eabi/5.4.1/../../../../arm-none-eabi/lib/armv7e-m/fpu\libc_nano.a(lib_a-nano-reallocr.o)
                0x0801077c                _realloc_r
 .text._malloc_usable_size_r
                0x080107c8       0x14 c:/users/pietro/.p2/pool/plugins/fr.ac6.mcu.externaltools.arm-none.win32_1.13.2.201703061525/tools/compiler/bin/../lib/gcc/arm-none-eabi/5.4.1/../../../../arm-none-eabi/lib/armv7e-m/fpu\libc_nano.a(lib_a-nano-msizer.o)
                0x080107c8                _malloc_usable_size_r
 .text._sbrk    0x080107dc       0x1c c:/users/pietro/.p2/pool/plugins/fr.ac6.mcu.externaltools.arm-none.win32_1.13.2.201703061525/tools/compiler/bin/../lib/gcc/arm-none-eabi/5.4.1/../../../../arm-none-eabi/lib/armv7e-m/fpu\libnosys.a(sbrk.o)
                0x080107dc                _sbrk
 *(.glue_7)
 .glue_7        0x080107f8        0x0 linker stubs
 *(.glue_7t)
 .glue_7t       0x080107f8        0x0 linker stubs
 *(.eh_frame)
 .eh_frame      0x080107f8        0x0 c:/users/pietro/.p2/pool/plugins/fr.ac6.mcu.externaltools.arm-none.win32_1.13.2.201703061525/tools/compiler/bin/../lib/gcc/arm-none-eabi/5.4.1/armv7e-m/fpu/crtbegin.o
 *(.init)
 .init          0x080107f8        0x4 c:/users/pietro/.p2/pool/plugins/fr.ac6.mcu.externaltools.arm-none.win32_1.13.2.201703061525/tools/compiler/bin/../lib/gcc/arm-none-eabi/5.4.1/armv7e-m/fpu/crti.o
                0x080107f8                _init
 .init          0x080107fc        0x8 c:/users/pietro/.p2/pool/plugins/fr.ac6.mcu.externaltools.arm-none.win32_1.13.2.201703061525/tools/compiler/bin/../lib/gcc/arm-none-eabi/5.4.1/armv7e-m/fpu/crtn.o
 *(.fini)
 .fini          0x08010804        0x4 c:/users/pietro/.p2/pool/plugins/fr.ac6.mcu.externaltools.arm-none.win32_1.13.2.201703061525/tools/compiler/bin/../lib/gcc/arm-none-eabi/5.4.1/armv7e-m/fpu/crti.o
                0x08010804                _fini
 .fini          0x08010808        0x8 c:/users/pietro/.p2/pool/plugins/fr.ac6.mcu.externaltools.arm-none.win32_1.13.2.201703061525/tools/compiler/bin/../lib/gcc/arm-none-eabi/5.4.1/armv7e-m/fpu/crtn.o
                0x08010810                . = ALIGN (0x4)
                0x08010810                _etext = .

.vfp11_veneer   0x08010810        0x0
 .vfp11_veneer  0x08010810        0x0 linker stubs

.v4_bx          0x08010810        0x0
 .v4_bx         0x08010810        0x0 linker stubs

.iplt           0x08010810        0x0
 .iplt          0x08010810        0x0 c:/users/pietro/.p2/pool/plugins/fr.ac6.mcu.externaltools.arm-none.win32_1.13.2.201703061525/tools/compiler/bin/../lib/gcc/arm-none-eabi/5.4.1/armv7e-m/fpu/crtbegin.o

.rodata         0x08010810     0x3f04
                0x08010810                . = ALIGN (0x4)
 *(.rodata)
 .rodata        0x08010810     0x2828 Application/src/Common/aes256.o
                0x08010810                B5_rcon
                0x08010838                B5Te0_S
                0x08010c38                B5Te1_S
                0x08011038                B5Te2_S
                0x08011438                B5Te3_S
                0x08011838                B5Te4_S
                0x08011c38                B5Td0_S
                0x08012038                B5Td1_S
                0x08012438                B5Td2_S
                0x08012838                B5Td3_S
                0x08012c38                B5Td4_S
 .rodata        0x08013038     0x1464 Application/src/Common/se3_common.o
                0x0801447c                se3_magic
 .rodata        0x0801449c       0x20 Application/src/Device/se3_algo_aes256hmacsha256.o
                0x0801449c                salt
 .rodata        0x080144bc       0x20 Application/src/Device/se3_communication_core.o
                0x080144bc                se3_hello
 .rodata        0x080144dc       0x9c Application/src/Device/se3_core.o
 .rodata        0x08014578       0xc0 Application/src/Device/se3_dispatcher_core.o
 .rodata        0x08014638        0x9 Application/src/stm32f4xx_it.o
 *fill*         0x08014641        0x3 
 .rodata        0x08014644       0x24 Application/src/usbd_storage_if.o
                0x08014644                STORAGE_Inquirydata_HS
 .rodata        0x08014668        0x8 Drivers/STM32F4xx_HAL_Driver/stm32f4xx_hal_dma.o
 .rodata        0x08014670       0x10 Drivers/STM32F4xx_HAL_Driver/stm32f4xx_hal_rcc.o
                0x08014670                APBAHBPrescTable
 .rodata        0x08014680       0x17 Middlewares/USB_Device_Library/usbd_msc_data.o
                0x08014680                MSC_Mode_Sense10_data
                0x08014688                MSC_Mode_Sense6_data
                0x08014690                MSC_Page00_Inquiry_Data
 *(.rodata*)
 *fill*         0x08014697        0x1 
 .rodata.str1.4
                0x08014698       0x13 Application/src/stm32f4xx_it.o
 *fill*         0x080146ab        0x1 
 .rodata.str1.4
                0x080146ac       0x34 Application/src/usbd_desc.o
                                 0x32 (size before relaxing)
 .rodata.str1.1
                0x080146e0       0x11 c:/users/pietro/.p2/pool/plugins/fr.ac6.mcu.externaltools.arm-none.win32_1.13.2.201703061525/tools/compiler/bin/../lib/gcc/arm-none-eabi/5.4.1/../../../../arm-none-eabi/lib/armv7e-m/fpu\libc_nano.a(lib_a-nano-svfprintf.o)
 .rodata.str1.1
                0x080146f1       0x22 c:/users/pietro/.p2/pool/plugins/fr.ac6.mcu.externaltools.arm-none.win32_1.13.2.201703061525/tools/compiler/bin/../lib/gcc/arm-none-eabi/5.4.1/../../../../arm-none-eabi/lib/armv7e-m/fpu\libc_nano.a(lib_a-nano-vfprintf_i.o)
                0x08014714                . = ALIGN (0x4)
 *fill*         0x08014713        0x1 

.rel.dyn        0x08014714        0x0
 .rel.iplt      0x08014714        0x0 c:/users/pietro/.p2/pool/plugins/fr.ac6.mcu.externaltools.arm-none.win32_1.13.2.201703061525/tools/compiler/bin/../lib/gcc/arm-none-eabi/5.4.1/armv7e-m/fpu/crtbegin.o

.ARM.extab
 *(.ARM.extab* .gnu.linkonce.armextab.*)

.ARM            0x08014714        0x0
                0x08014714                __exidx_start = .
 *(.ARM.exidx*)
                0x08014714                __exidx_end = .

.preinit_array  0x08014714        0x0
                0x08014714                PROVIDE (__preinit_array_start, .)
 *(.preinit_array*)
                0x08014714                PROVIDE (__preinit_array_end, .)

.init_array     0x08014714        0x4
                0x08014714                PROVIDE (__init_array_start, .)
 *(SORT(.init_array.*))
 *(.init_array*)
 .init_array    0x08014714        0x4 c:/users/pietro/.p2/pool/plugins/fr.ac6.mcu.externaltools.arm-none.win32_1.13.2.201703061525/tools/compiler/bin/../lib/gcc/arm-none-eabi/5.4.1/armv7e-m/fpu/crtbegin.o
                0x08014718                PROVIDE (__init_array_end, .)

.fini_array     0x08014718        0x4
                [!provide]                PROVIDE (__fini_array_start, .)
 *(SORT(.fini_array.*))
 *(.fini_array*)
 .fini_array    0x08014718        0x4 c:/users/pietro/.p2/pool/plugins/fr.ac6.mcu.externaltools.arm-none.win32_1.13.2.201703061525/tools/compiler/bin/../lib/gcc/arm-none-eabi/5.4.1/armv7e-m/fpu/crtbegin.o
                [!provide]                PROVIDE (__fini_array_end, .)
                0x0801471c                _sidata = LOADADDR (.data)

.data           0x20000000      0x268 load address 0x0801471c
                0x20000000                . = ALIGN (0x4)
                0x20000000                _sdata = .
 *(.data)
 .data          0x20000000        0x4 Application/src/Common/se3_common.o
                0x20000000                debug_address
 .data          0x20000004        0x4 Application/src/Device/se3_core_time.o
                0x20000004                flag
 .data          0x20000008      0x100 Application/src/Device/se3_security_core.o
                0x20000008                algo_table
 .data          0x20000108       0x34 Application/src/usbd_desc.o
                0x20000108                USBD_HS_DeviceDesc
                0x2000011c                USBD_LangIDDesc
                0x20000120                HS_Desc
 .data          0x2000013c       0x20 Application/src/usbd_storage_if.o
                0x2000013c                USBD_Storage_Interface_fops_HS
 .data          0x2000015c        0x4 Drivers/CMSIS/system_stm32f4xx.o
                0x2000015c                SystemCoreClock
 .data          0x20000160       0xa4 Middlewares/USB_Device_Library/usbd_msc.o
                0x20000160                USBD_MSC_CfgHSDesc
                0x20000180                USBD_MSC_CfgFSDesc
                0x200001a0                USBD_MSC_OtherSpeedCfgDesc
                0x200001c0                USBD_MSC_DeviceQualifierDesc
                0x200001cc                USBD_MSC
 *(.data*)
 .data.impure_data
                0x20000204       0x60 c:/users/pietro/.p2/pool/plugins/fr.ac6.mcu.externaltools.arm-none.win32_1.13.2.201703061525/tools/compiler/bin/../lib/gcc/arm-none-eabi/5.4.1/../../../../arm-none-eabi/lib/armv7e-m/fpu\libc_nano.a(lib_a-impure.o)
 .data._impure_ptr
                0x20000264        0x4 c:/users/pietro/.p2/pool/plugins/fr.ac6.mcu.externaltools.arm-none.win32_1.13.2.201703061525/tools/compiler/bin/../lib/gcc/arm-none-eabi/5.4.1/../../../../arm-none-eabi/lib/armv7e-m/fpu\libc_nano.a(lib_a-impure.o)
                0x20000264                _impure_ptr
                0x20000268                . = ALIGN (0x4)
                0x20000268                _edata = .
                0x08014984                _siccmram = LOADADDR (.ccmram)

.jcr            0x20000268        0x0 load address 0x08014984
 .jcr           0x20000268        0x0 c:/users/pietro/.p2/pool/plugins/fr.ac6.mcu.externaltools.arm-none.win32_1.13.2.201703061525/tools/compiler/bin/../lib/gcc/arm-none-eabi/5.4.1/armv7e-m/fpu/crtbegin.o

.igot.plt       0x20000268        0x0 load address 0x08014984
 .igot.plt      0x20000268        0x0 c:/users/pietro/.p2/pool/plugins/fr.ac6.mcu.externaltools.arm-none.win32_1.13.2.201703061525/tools/compiler/bin/../lib/gcc/arm-none-eabi/5.4.1/armv7e-m/fpu/crtbegin.o

.ccmram         0x10000000        0x0 load address 0x08014984
                0x10000000                . = ALIGN (0x4)
                0x10000000                _sccmram = .
 *(.ccmram)
 *(.ccmram*)
                0x10000000                . = ALIGN (0x4)
                0x10000000                _eccmram = .
                0x10000000                . = ALIGN (0x4)

.bss            0x20000268     0xd638
                0x20000268                _sbss = .
                0x20000268                __bss_start__ = _sbss
 *(.bss)
 .bss           0x20000268       0x1c c:/users/pietro/.p2/pool/plugins/fr.ac6.mcu.externaltools.arm-none.win32_1.13.2.201703061525/tools/compiler/bin/../lib/gcc/arm-none-eabi/5.4.1/armv7e-m/fpu/crtbegin.o
 .bss           0x20000284        0x4 Application/src/Device/se3_core_time.o
 .bss           0x20000288        0x8 Application/src/fmc.o
 .bss           0x20000290        0x1 Middlewares/USB_Device_Library/usbd_ctlreq.o
 *(.bss*)
 *fill*         0x20000291        0x3 
 .bss.__malloc_sbrk_start
                0x20000294        0x4 c:/users/pietro/.p2/pool/plugins/fr.ac6.mcu.externaltools.arm-none.win32_1.13.2.201703061525/tools/compiler/bin/../lib/gcc/arm-none-eabi/5.4.1/../../../../arm-none-eabi/lib/armv7e-m/fpu\libc_nano.a(lib_a-nano-mallocr.o)
                0x20000294                __malloc_sbrk_start
 .bss.__malloc_free_list
                0x20000298        0x4 c:/users/pietro/.p2/pool/plugins/fr.ac6.mcu.externaltools.arm-none.win32_1.13.2.201703061525/tools/compiler/bin/../lib/gcc/arm-none-eabi/5.4.1/../../../../arm-none-eabi/lib/armv7e-m/fpu\libc_nano.a(lib_a-nano-mallocr.o)
                0x20000298                __malloc_free_list
 .bss.heap_end.4169
                0x2000029c        0x4 c:/users/pietro/.p2/pool/plugins/fr.ac6.mcu.externaltools.arm-none.win32_1.13.2.201703061525/tools/compiler/bin/../lib/gcc/arm-none-eabi/5.4.1/../../../../arm-none-eabi/lib/armv7e-m/fpu\libnosys.a(sbrk.o)
 *(COMMON)
 COMMON         0x200002a0       0x25 Application/src/Common/se3_common.o
                0x200002a0                hwerror
                0x200002a4                serial
 *fill*         0x200002c5        0x3 
 COMMON         0x200002c8       0xe8 Application/src/Device/se3_algo_Aes.o
                0x200002c8                se3_crypto_algorithm
                0x200002cc                se3_security_info
 COMMON         0x200003b0     0x40f4 Application/src/Device/se3_communication_core.o
                0x200003b0                resp_hdr
                0x200003f4                se3_comm_request_buffer
                0x200023f4                se3_comm_response_buffer
                0x200043f4                req_hdr
                0x20004438                comm
 COMMON         0x200044a4     0x865d Application/src/Device/se3_core.o
                0x200044a4                se3_sessions_index
                0x20004634                login_struct
                0x20004b00                se3_sessions_buf
                0x2000cb00                se3_algo_impl_t
 *fill*         0x2000cb01        0x7 
 COMMON         0x2000cb08        0x9 Application/src/Device/se3_core_time.o
                0x2000cb08                now
                0x2000cb10                now_initialized
 COMMON         0x2000cb11        0x2 Application/src/Device/se3_dispatcher_core.o
                0x2000cb11                crypto_algo
                0x2000cb12                algo_implementation
 *fill*         0x2000cb13        0x1 
 COMMON         0x2000cb14       0x1c Application/src/Device/se3_flash.o
                0x2000cb14                flash
 COMMON         0x2000cb30      0x168 Application/src/Device/se3_security_core.o
                0x2000cb30                ctx
 COMMON         0x2000cc98       0x3c Application/src/Device/se3_timer.o
                0x2000cc98                timer_Struct
 COMMON         0x2000ccd4       0x48 Application/src/adc.o
                0x2000ccd4                hadc1
 COMMON         0x2000cd1c        0x8 Application/src/crc.o
                0x2000cd1c                hcrc
 COMMON         0x2000cd24       0x98 Application/src/fmc.o
                0x2000cd24                hnor1
                0x2000cd70                hnor2
 COMMON         0x2000cdbc       0x44 Application/src/i2c.o
                0x2000cdbc                hi2c2
 COMMON         0x2000ce00        0xc Application/src/rng.o
                0x2000ce00                hrng
 *fill*         0x2000ce0c        0x4 
 COMMON         0x2000ce10      0x168 Application/src/sdio.o
                0x2000ce10                hdma_sdio_rx
                0x2000ce68                SDCardInfo
                0x2000cec0                hdma_sdio_tx
                0x2000cf18                hsd
 COMMON         0x2000cf78       0x58 Application/src/spi.o
                0x2000cf78                hspi5
 COMMON         0x2000cfd0       0x3c Application/src/tim.o
                0x2000cfd0                htim4
 COMMON         0x2000d00c       0x90 Application/src/usart.o
                0x2000d00c                huart1
                0x2000d04c                hsc6
 COMMON         0x2000d09c      0x224 Application/src/usb_device.o
                0x2000d09c                hUsbDeviceHS
 COMMON         0x2000d2c0      0x3b8 Application/src/usbd_conf.o
                0x2000d2c0                hpcd_USB_OTG_HS
 COMMON         0x2000d678      0x200 Application/src/usbd_desc.o
                0x2000d678                USBD_StrDesc
 COMMON         0x2000d878        0x4 Drivers/STM32F4xx_HAL_Driver/stm32f4xx_hal.o
                0x2000d878                uwTick
 COMMON         0x2000d87c       0x20 Drivers/STM32F4xx_HAL_Driver/stm32f4xx_hal_flash.o
                0x2000d87c                pFlash
 COMMON         0x2000d89c        0x4 c:/users/pietro/.p2/pool/plugins/fr.ac6.mcu.externaltools.arm-none.win32_1.13.2.201703061525/tools/compiler/bin/../lib/gcc/arm-none-eabi/5.4.1/../../../../arm-none-eabi/lib/armv7e-m/fpu\libc_nano.a(lib_a-reent.o)
                0x2000d89c                errno
                0x2000d8a0                . = ALIGN (0x4)
                0x2000d8a0                _ebss = .
                0x2000d8a0                __bss_end__ = _ebss

._user_heap_stack
                0x2000d8a0      0x600
                0x2000d8a0                . = ALIGN (0x8)
                0x2000d8a0                PROVIDE (end, .)
                [!provide]                PROVIDE (_end, .)
                0x2000dca0                . = (. + _Min_Heap_Size)
 *fill*         0x2000d8a0      0x400 
                0x2000dea0                . = (. + _Min_Stack_Size)
 *fill*         0x2000dca0      0x200 
                0x2000dea0                . = ALIGN (0x8)

/DISCARD/
 libc.a(*)
 libm.a(*)
 libgcc.a(*)

.ARM.attributes
                0x00000000       0x30
 *(.ARM.attributes)
 .ARM.attributes
                0x00000000       0x22 c:/users/pietro/.p2/pool/plugins/fr.ac6.mcu.externaltools.arm-none.win32_1.13.2.201703061525/tools/compiler/bin/../lib/gcc/arm-none-eabi/5.4.1/armv7e-m/fpu/crti.o
 .ARM.attributes
                0x00000022       0x34 c:/users/pietro/.p2/pool/plugins/fr.ac6.mcu.externaltools.arm-none.win32_1.13.2.201703061525/tools/compiler/bin/../lib/gcc/arm-none-eabi/5.4.1/armv7e-m/fpu/crtbegin.o
 .ARM.attributes
                0x00000056       0x21 Application/SW4STM32/startup_stm32f429xx.o
 .ARM.attributes
                0x00000077       0x39 Application/src/Common/aes256.o
 .ARM.attributes
                0x000000b0       0x39 Application/src/Common/pbkdf2.o
 .ARM.attributes
                0x000000e9       0x39 Application/src/Common/se3_common.o
 .ARM.attributes
                0x00000122       0x39 Application/src/Common/sha256.o
 .ARM.attributes
                0x0000015b       0x39 Application/src/Device/se3_algo_Aes.o
 .ARM.attributes
                0x00000194       0x39 Application/src/Device/se3_algo_AesHmacSha256s.o
 .ARM.attributes
                0x000001cd       0x39 Application/src/Device/se3_algo_HmacSha256.o
 .ARM.attributes
                0x00000206       0x39 Application/src/Device/se3_algo_aes256hmacsha256.o
 .ARM.attributes
                0x0000023f       0x39 Application/src/Device/se3_algo_sha256.o
 .ARM.attributes