Archive member included to satisfy reference by file (symbol)

c:/users/filippo cottone/.p2/pool/plugins/fr.ac6.mcu.externaltools.arm-none.win32_1.13.2.201703061525/tools/compiler/bin/../lib/gcc/arm-none-eabi/5.4.1/../../../../arm-none-eabi/lib/armv7e-m/fpu\libc_nano.a(lib_a-exit.o)
                              c:/users/filippo cottone/.p2/pool/plugins/fr.ac6.mcu.externaltools.arm-none.win32_1.13.2.201703061525/tools/compiler/bin/../lib/gcc/arm-none-eabi/5.4.1/../../../../arm-none-eabi/lib/armv7e-m/fpu/crt0.o (exit)
c:/users/filippo cottone/.p2/pool/plugins/fr.ac6.mcu.externaltools.arm-none.win32_1.13.2.201703061525/tools/compiler/bin/../lib/gcc/arm-none-eabi/5.4.1/../../../../arm-none-eabi/lib/armv7e-m/fpu\libc_nano.a(lib_a-impure.o)
                              c:/users/filippo cottone/.p2/pool/plugins/fr.ac6.mcu.externaltools.arm-none.win32_1.13.2.201703061525/tools/compiler/bin/../lib/gcc/arm-none-eabi/5.4.1/../../../../arm-none-eabi/lib/armv7e-m/fpu\libc_nano.a(lib_a-exit.o) (_global_impure_ptr)
c:/users/filippo cottone/.p2/pool/plugins/fr.ac6.mcu.externaltools.arm-none.win32_1.13.2.201703061525/tools/compiler/bin/../lib/gcc/arm-none-eabi/5.4.1/../../../../arm-none-eabi/lib/armv7e-m/fpu\libc_nano.a(lib_a-init.o)
                              c:/users/filippo cottone/.p2/pool/plugins/fr.ac6.mcu.externaltools.arm-none.win32_1.13.2.201703061525/tools/compiler/bin/../lib/gcc/arm-none-eabi/5.4.1/../../../../arm-none-eabi/lib/armv7e-m/fpu/crt0.o (__libc_init_array)
c:/users/filippo cottone/.p2/pool/plugins/fr.ac6.mcu.externaltools.arm-none.win32_1.13.2.201703061525/tools/compiler/bin/../lib/gcc/arm-none-eabi/5.4.1/../../../../arm-none-eabi/lib/armv7e-m/fpu\libc_nano.a(lib_a-malloc.o)
                              Middlewares/USB_Device_Library/usbd_msc.o (malloc)
c:/users/filippo cottone/.p2/pool/plugins/fr.ac6.mcu.externaltools.arm-none.win32_1.13.2.201703061525/tools/compiler/bin/../lib/gcc/arm-none-eabi/5.4.1/../../../../arm-none-eabi/lib/armv7e-m/fpu\libc_nano.a(lib_a-memcmp.o)
                              Application/src/Device/se3_algo_aes256hmacsha256.o (memcmp)
c:/users/filippo cottone/.p2/pool/plugins/fr.ac6.mcu.externaltools.arm-none.win32_1.13.2.201703061525/tools/compiler/bin/../lib/gcc/arm-none-eabi/5.4.1/../../../../arm-none-eabi/lib/armv7e-m/fpu\libc_nano.a(lib_a-memcpy-stub.o)
                              Application/src/Common/aes256.o (memcpy)
c:/users/filippo cottone/.p2/pool/plugins/fr.ac6.mcu.externaltools.arm-none.win32_1.13.2.201703061525/tools/compiler/bin/../lib/gcc/arm-none-eabi/5.4.1/../../../../arm-none-eabi/lib/armv7e-m/fpu\libc_nano.a(lib_a-memmove.o)
                              Application/src/Device/se3_memory.o (memmove)
c:/users/filippo cottone/.p2/pool/plugins/fr.ac6.mcu.externaltools.arm-none.win32_1.13.2.201703061525/tools/compiler/bin/../lib/gcc/arm-none-eabi/5.4.1/../../../../arm-none-eabi/lib/armv7e-m/fpu\libc_nano.a(lib_a-memset.o)
                              c:/users/filippo cottone/.p2/pool/plugins/fr.ac6.mcu.externaltools.arm-none.win32_1.13.2.201703061525/tools/compiler/bin/../lib/gcc/arm-none-eabi/5.4.1/../../../../arm-none-eabi/lib/armv7e-m/fpu/crt0.o (memset)
c:/users/filippo cottone/.p2/pool/plugins/fr.ac6.mcu.externaltools.arm-none.win32_1.13.2.201703061525/tools/compiler/bin/../lib/gcc/arm-none-eabi/5.4.1/../../../../arm-none-eabi/lib/armv7e-m/fpu\libc_nano.a(lib_a-nano-freer.o)
                              c:/users/filippo cottone/.p2/pool/plugins/fr.ac6.mcu.externaltools.arm-none.win32_1.13.2.201703061525/tools/compiler/bin/../lib/gcc/arm-none-eabi/5.4.1/../../../../arm-none-eabi/lib/armv7e-m/fpu\libc_nano.a(lib_a-malloc.o) (_free_r)
c:/users/filippo cottone/.p2/pool/plugins/fr.ac6.mcu.externaltools.arm-none.win32_1.13.2.201703061525/tools/compiler/bin/../lib/gcc/arm-none-eabi/5.4.1/../../../../arm-none-eabi/lib/armv7e-m/fpu\libc_nano.a(lib_a-nano-mallocr.o)
                              c:/users/filippo cottone/.p2/pool/plugins/fr.ac6.mcu.externaltools.arm-none.win32_1.13.2.201703061525/tools/compiler/bin/../lib/gcc/arm-none-eabi/5.4.1/../../../../arm-none-eabi/lib/armv7e-m/fpu\libc_nano.a(lib_a-malloc.o) (_malloc_r)
c:/users/filippo cottone/.p2/pool/plugins/fr.ac6.mcu.externaltools.arm-none.win32_1.13.2.201703061525/tools/compiler/bin/../lib/gcc/arm-none-eabi/5.4.1/../../../../arm-none-eabi/lib/armv7e-m/fpu\libc_nano.a(lib_a-sbrkr.o)
                              c:/users/filippo cottone/.p2/pool/plugins/fr.ac6.mcu.externaltools.arm-none.win32_1.13.2.201703061525/tools/compiler/bin/../lib/gcc/arm-none-eabi/5.4.1/../../../../arm-none-eabi/lib/armv7e-m/fpu\libc_nano.a(lib_a-nano-mallocr.o) (_sbrk_r)
c:/users/filippo cottone/.p2/pool/plugins/fr.ac6.mcu.externaltools.arm-none.win32_1.13.2.201703061525/tools/compiler/bin/../lib/gcc/arm-none-eabi/5.4.1/../../../../arm-none-eabi/lib/armv7e-m/fpu\libc_nano.a(lib_a-mlock.o)
[...]
Memory Configuration

Name             Origin             Length             Attributes
FLASH            0x08000000         0x00200000         xr
RAM              0x20000000         0x00030000         xrw
CCMRAM           0x10000000         0x00010000         rw
*default*        0x00000000         0xffffffff

Linker script and memory map

LOAD c:/users/filippo cottone/.p2/pool/plugins/fr.ac6.mcu.externaltools.arm-none.win32_1.13.2.201703061525/tools/compiler/bin/../lib/gcc/arm-none-eabi/5.4.1/armv7e-m/fpu/crti.o
LOAD c:/users/filippo cottone/.p2/pool/plugins/fr.ac6.mcu.externaltools.arm-none.win32_1.13.2.201703061525/tools/compiler/bin/../lib/gcc/arm-none-eabi/5.4.1/armv7e-m/fpu/crtbegin.o
LOAD c:/users/filippo cottone/.p2/pool/plugins/fr.ac6.mcu.externaltools.arm-none.win32_1.13.2.201703061525/tools/compiler/bin/../lib/gcc/arm-none-eabi/5.4.1/../../../../arm-none-eabi/lib/armv7e-m/fpu/crt0.o
LOAD c:/users/filippo cottone/.p2/pool/plugins/fr.ac6.mcu.externaltools.arm-none.win32_1.13.2.201703061525/tools/compiler/bin/../lib/gcc/arm-none-eabi/5.4.1/../../../../arm-none-eabi/lib/armv7e-m/fpu\libm.a
LOAD Application/SW4STM32/startup_stm32f429xx.o
LOAD Application/src/Common/aes256.o
LOAD Application/src/Common/crc16.o
LOAD Application/src/Common/pbkdf2.o
LOAD Application/src/Common/se3_common.o
LOAD Application/src/Common/sha256.o
LOAD Application/src/Device/se3_FPGA.o
LOAD Application/src/Device/se3_algo_Aes.o
LOAD Application/src/Device/se3_algo_AesHmacSha256s.o
LOAD Application/src/Device/se3_algo_HmacSha256.o
LOAD Application/src/Device/se3_algo_aes256hmacsha256.o
LOAD Application/src/Device/se3_algo_sha256.o
LOAD Application/src/Device/se3_communication_core.o
LOAD Application/src/Device/se3_core.o
LOAD Application/src/Device/se3_core_time.o
LOAD Application/src/Device/se3_dispatcher_core.o
LOAD Application/src/Device/se3_flash.o
LOAD Application/src/Device/se3_keys.o
LOAD Application/src/Device/se3_memory.o
LOAD Application/src/Device/se3_security_core.o
LOAD Application/src/Device/se3_sekey.o
LOAD Application/src/Device/se3_smartcard.o
LOAD Application/src/adc.o
LOAD Application/src/crc.o
LOAD Application/src/dma.o
LOAD Application/src/fmc.o
LOAD Application/src/gpio.o
LOAD Application/src/i2c.o
LOAD Application/src/main.o
LOAD Application/src/rng.o
LOAD Application/src/sdio.o
LOAD Application/src/se3_rand.o
LOAD Application/src/se3_sdio.o
LOAD Application/src/spi.o
LOAD Application/src/stm32f4xx_hal_msp.o
LOAD Application/src/stm32f4xx_it.o
LOAD Application/src/tim.o
LOAD Application/src/usart.o
LOAD Application/src/usb_device.o
LOAD Application/src/usbd_conf.o
LOAD Application/src/usbd_desc.o
LOAD Application/src/usbd_storage_if.o
LOAD Drivers/CMSIS/system_stm32f4xx.o
LOAD Drivers/STM32F4xx_HAL_Driver/stm32f4xx_hal.o
LOAD Drivers/STM32F4xx_HAL_Driver/stm32f4xx_hal_adc.o
LOAD Drivers/STM32F4xx_HAL_Driver/stm32f4xx_hal_adc_ex.o
LOAD Drivers/STM32F4xx_HAL_Driver/stm32f4xx_hal_cortex.o
LOAD Drivers/STM32F4xx_HAL_Driver/stm32f4xx_hal_crc.o
LOAD Drivers/STM32F4xx_HAL_Driver/stm32f4xx_hal_dma.o
LOAD Drivers/STM32F4xx_HAL_Driver/stm32f4xx_hal_dma_ex.o
LOAD Drivers/STM32F4xx_HAL_Driver/stm32f4xx_hal_flash.o
LOAD Drivers/STM32F4xx_HAL_Driver/stm32f4xx_hal_flash_ex.o
LOAD Drivers/STM32F4xx_HAL_Driver/stm32f4xx_hal_flash_ramfunc.o
LOAD Drivers/STM32F4xx_HAL_Driver/stm32f4xx_hal_gpio.o
LOAD Drivers/STM32F4xx_HAL_Driver/stm32f4xx_hal_i2c.o
LOAD Drivers/STM32F4xx_HAL_Driver/stm32f4xx_hal_i2c_ex.o
LOAD Drivers/STM32F4xx_HAL_Driver/stm32f4xx_hal_nor.o
LOAD Drivers/STM32F4xx_HAL_Driver/stm32f4xx_hal_pcd.o
LOAD Drivers/STM32F4xx_HAL_Driver/stm32f4xx_hal_pcd_ex.o
LOAD Drivers/STM32F4xx_HAL_Driver/stm32f4xx_hal_pwr.o
LOAD Drivers/STM32F4xx_HAL_Driver/stm32f4xx_hal_pwr_ex.o
LOAD Drivers/STM32F4xx_HAL_Driver/stm32f4xx_hal_rcc.o
LOAD Drivers/STM32F4xx_HAL_Driver/stm32f4xx_hal_rcc_ex.o
LOAD Drivers/STM32F4xx_HAL_Driver/stm32f4xx_hal_rng.o
LOAD Drivers/STM32F4xx_HAL_Driver/stm32f4xx_hal_rtc.o
LOAD Drivers/STM32F4xx_HAL_Driver/stm32f4xx_hal_rtc_ex.o
LOAD Drivers/STM32F4xx_HAL_Driver/stm32f4xx_hal_sd.o
LOAD Drivers/STM32F4xx_HAL_Driver/stm32f4xx_hal_smartcard.o
LOAD Drivers/STM32F4xx_HAL_Driver/stm32f4xx_hal_spi.o
LOAD Drivers/STM32F4xx_HAL_Driver/stm32f4xx_hal_tim.o
LOAD Drivers/STM32F4xx_HAL_Driver/stm32f4xx_hal_tim_ex.o
LOAD Drivers/STM32F4xx_HAL_Driver/stm32f4xx_hal_uart.o
LOAD Drivers/STM32F4xx_HAL_Driver/stm32f4xx_ll_fmc.o
LOAD Drivers/STM32F4xx_HAL_Driver/stm32f4xx_ll_sdmmc.o
LOAD Drivers/STM32F4xx_HAL_Driver/stm32f4xx_ll_usb.o
LOAD Middlewares/USB_Device_Library/usbd_core.o
LOAD Middlewares/USB_Device_Library/usbd_ctlreq.o
LOAD Middlewares/USB_Device_Library/usbd_ioreq.o
LOAD Middlewares/USB_Device_Library/usbd_msc.o
LOAD Middlewares/USB_Device_Library/usbd_msc_bot.o
LOAD Middlewares/USB_Device_Library/usbd_msc_data.o
LOAD Middlewares/USB_Device_Library/usbd_msc_scsi.o
START GROUP
LOAD c:/users/filippo cottone/.p2/pool/plugins/fr.ac6.mcu.externaltools.arm-none.win32_1.13.2.201703061525/tools/compiler/bin/../lib/gcc/arm-none-eabi/5.4.1/armv7e-m/fpu\libgcc.a
LOAD c:/users/filippo cottone/.p2/pool/plugins/fr.ac6.mcu.externaltools.arm-none.win32_1.13.2.201703061525/tools/compiler/bin/../lib/gcc/arm-none-eabi/5.4.1/../../../../arm-none-eabi/lib/armv7e-m/fpu\libc_nano.a
END GROUP
START GROUP
LOAD c:/users/filippo cottone/.p2/pool/plugins/fr.ac6.mcu.externaltools.arm-none.win32_1.13.2.201703061525/tools/compiler/bin/../lib/gcc/arm-none-eabi/5.4.1/armv7e-m/fpu\libgcc.a
LOAD c:/users/filippo cottone/.p2/pool/plugins/fr.ac6.mcu.externaltools.arm-none.win32_1.13.2.201703061525/tools/compiler/bin/../lib/gcc/arm-none-eabi/5.4.1/../../../../arm-none-eabi/lib/armv7e-m/fpu\libc_nano.a
LOAD c:/users/filippo cottone/.p2/pool/plugins/fr.ac6.mcu.externaltools.arm-none.win32_1.13.2.201703061525/tools/compiler/bin/../lib/gcc/arm-none-eabi/5.4.1/../../../../arm-none-eabi/lib/armv7e-m/fpu\libnosys.a
END GROUP
START GROUP
LOAD c:/users/filippo cottone/.p2/pool/plugins/fr.ac6.mcu.externaltools.arm-none.win32_1.13.2.201703061525/tools/compiler/bin/../lib/gcc/arm-none-eabi/5.4.1/armv7e-m/fpu\libgcc.a
LOAD c:/users/filippo cottone/.p2/pool/plugins/fr.ac6.mcu.externaltools.arm-none.win32_1.13.2.201703061525/tools/compiler/bin/../lib/gcc/arm-none-eabi/5.4.1/../../../../arm-none-eabi/lib/armv7e-m/fpu\libc_nano.a
LOAD c:/users/filippo cottone/.p2/pool/plugins/fr.ac6.mcu.externaltools.arm-none.win32_1.13.2.201703061525/tools/compiler/bin/../lib/gcc/arm-none-eabi/5.4.1/../../../../arm-none-eabi/lib/armv7e-m/fpu\libnosys.a
END GROUP
LOAD c:/users/filippo cottone/.p2/pool/plugins/fr.ac6.mcu.externaltools.arm-none.win32_1.13.2.201703061525/tools/compiler/bin/../lib/gcc/arm-none-eabi/5.4.1/armv7e-m/fpu/crtend.o
LOAD c:/users/filippo cottone/.p2/pool/plugins/fr.ac6.mcu.externaltools.arm-none.win32_1.13.2.201703061525/tools/compiler/bin/../lib/gcc/arm-none-eabi/5.4.1/armv7e-m/fpu/crtn.o
                0x20030000                _estack = 0x20030000
                0x00000400                _Min_Heap_Size = 0x400
                0x00000200                _Min_Stack_Size = 0x200

.isr_vector     0x08000000      0x1ac
                0x08000000                . = ALIGN (0x4)
 *(.isr_vector)
 .isr_vector    0x08000000      0x1ac Application/SW4STM32/startup_stm32f429xx.o
                0x08000000                g_pfnVectors
                0x080001ac                . = ALIGN (0x4)

.text           0x080001ac     0xf6ec
                0x080001ac                . = ALIGN (0x4)
 *(.text)
 .text          0x080001ac       0x5c c:/users/filippo cottone/.p2/pool/plugins/fr.ac6.mcu.externaltools.arm-none.win32_1.13.2.201703061525/tools/compiler/bin/../lib/gcc/arm-none-eabi/5.4.1/armv7e-m/fpu/crtbegin.o
 *(.text*)
 .text.Reset_Handler
                0x08000208       0x50 Application/SW4STM32/startup_stm32f429xx.o
                0x08000208                Reset_Handler
 .text.Default_Handler
                0x08000258        0x2 Application/SW4STM32/startup_stm32f429xx.o
                0x08000258                RTC_Alarm_IRQHandler
                0x08000258                HASH_RNG_IRQHandler
                0x08000258                EXTI2_IRQHandler
                0x08000258                TIM8_CC_IRQHandler
                0x08000258                DebugMon_Handler
                0x08000258                UART8_IRQHandler
                0x08000258                SPI4_IRQHandler
                0x08000258                TIM1_CC_IRQHandler
                0x08000258                DMA2_Stream5_IRQHandler
                0x08000258                HardFault_Handler
                0x08000258                DMA1_Stream5_IRQHandler
                0x08000258                PVD_IRQHandler
                0x08000258                TAMP_STAMP_IRQHandler
                0x08000258                PendSV_Handler
                0x08000258                NMI_Handler
                0x08000258                CAN2_RX1_IRQHandler
                0x08000258                EXTI3_IRQHandler
                0x08000258                TIM8_TRG_COM_TIM14_IRQHandler
                0x08000258                TIM1_UP_TIM10_IRQHandler
                0x08000258                TIM8_UP_TIM13_IRQHandler
                0x08000258                I2C3_ER_IRQHandler
                0x08000258                EXTI0_IRQHandler
                0x08000258                I2C2_EV_IRQHandler
                0x08000258                DMA1_Stream2_IRQHandler
                0x08000258                CAN1_RX0_IRQHandler
                0x08000258                FPU_IRQHandler
                0x08000258                OTG_HS_WKUP_IRQHandler
                0x08000258                UsageFault_Handler
                0x08000258                LTDC_ER_IRQHandler
                0x08000258                CAN2_SCE_IRQHandler
                0x08000258                DMA2_Stream2_IRQHandler
                0x08000258                SPI1_IRQHandler
                0x08000258                TIM6_DAC_IRQHandler
                0x08000258                TIM1_BRK_TIM9_IRQHandler
                0x08000258                DCMI_IRQHandler
                0x08000258                CAN2_RX0_IRQHandler
                0x08000258                USART6_IRQHandler
                0x08000258                USART3_IRQHandler
                0x08000258                CAN1_RX1_IRQHandler
                0x08000258                UART5_IRQHandler
                0x08000258                DMA2_Stream0_IRQHandler
                0x08000258                TIM4_IRQHandler
                0x08000258                I2C1_EV_IRQHandler
                0x08000258                DMA1_Stream6_IRQHandler
                0x08000258                DMA1_Stream1_IRQHandler
                0x08000258                UART4_IRQHandler
                0x08000258                TIM3_IRQHandler
                0x08000258                RCC_IRQHandler
                0x08000258                TIM8_BRK_TIM12_IRQHandler
                0x08000258                Default_Handler
                0x08000258                EXTI15_10_IRQHandler
                0x08000258                ADC_IRQHandler
                0x08000258                DMA1_Stream7_IRQHandler
                0x08000258                SPI5_IRQHandler
                0x08000258                TIM7_IRQHandler
                0x08000258                CAN2_TX_IRQHandler
                0x08000258                TIM5_IRQHandler
                0x08000258                DMA2_Stream7_IRQHandler
                0x08000258                I2C3_EV_IRQHandler
                0x08000258                EXTI9_5_IRQHandler
                0x08000258                RTC_WKUP_IRQHandler
                0x08000258                LTDC_IRQHandler
                0x08000258                ETH_WKUP_IRQHandler
                0x08000258                SPI2_IRQHandler
                0x08000258                OTG_HS_EP1_IN_IRQHandler
                0x08000258                MemManage_Handler
                0x08000258                DMA1_Stream0_IRQHandler
                0x08000258                CAN1_TX_IRQHandler
                0x08000258                SVC_Handler
                0x08000258                EXTI4_IRQHandler
                0x08000258                ETH_IRQHandler
                0x08000258                OTG_HS_EP1_OUT_IRQHandler
                0x08000258                WWDG_IRQHandler
                0x08000258                SPI6_IRQHandler
                0x08000258                TIM2_IRQHandler
                0x08000258                OTG_FS_WKUP_IRQHandler
                0x08000258                TIM1_TRG_COM_TIM11_IRQHandler
                0x08000258                DMA2D_IRQHandler
                0x08000258                EXTI1_IRQHandler
                0x08000258                UART7_IRQHandler
                0x08000258                USART2_IRQHandler
                0x08000258                I2C2_ER_IRQHandler
                0x08000258                DMA2_Stream1_IRQHandler
                0x08000258                CAN1_SCE_IRQHandler
                0x08000258                FLASH_IRQHandler
                0x08000258                DMA2_Stream4_IRQHandler
                0x08000258                BusFault_Handler
                0x08000258                USART1_IRQHandler
                0x08000258                OTG_FS_IRQHandler
                0x08000258                SPI3_IRQHandler
                0x08000258                DMA1_Stream4_IRQHandler
                0x08000258                I2C1_ER_IRQHandler
                0x08000258                FMC_IRQHandler
                0x08000258                SAI1_IRQHandler
                0x08000258                DMA1_Stream3_IRQHandler
 *fill*         0x0800025a        0x2 
 .text.B5_rijndaelEncrypt
                0x0800025c      0xe30 Application/src/Common/aes256.o
 .text.B5_rijndaelKeySetupEnc.isra.0
                0x0800108c      0x2f4 Application/src/Common/aes256.o
 .text.B5_rijndaelDecrypt
                0x08001380      0xe24 Application/src/Common/aes256.o
                0x08001380                B5_rijndaelDecrypt
 .text.B5_Aes256_Init
                0x080021a4      0x298 Application/src/Common/aes256.o
                0x080021a4                B5_Aes256_Init
 .text.B5_Aes256_SetIV
                0x0800243c       0x44 Application/src/Common/aes256.o
                0x0800243c                B5_Aes256_SetIV
 .text.B5_Aes256_Update
                0x08002480      0xac4 Application/src/Common/aes256.o
                0x08002480                B5_Aes256_Update
 .text.B5_Aes256_Finit
                0x08002f44        0x4 Application/src/Common/aes256.o
                0x08002f44                B5_Aes256_Finit
 .text.PBKDF2HmacSha256
                0x08002f48      0x114 Application/src/Common/pbkdf2.o
                0x08002f48                PBKDF2HmacSha256
 .text.se3_req_len_data
                0x0800305c       0x28 Application/src/Common/se3_common.o
                0x0800305c                se3_req_len_data
 .text.se3_resp_len_data_and_headers
                0x08003084       0x3c Application/src/Common/se3_common.o
                0x08003084                se3_resp_len_data_and_headers
 .text.B5_Sha256ProcessBlock
                0x080030c0     0x2234 Application/src/Common/sha256.o
 .text.B5_Sha256_Init
                0x080052f4       0x64 Application/src/Common/sha256.o
                0x080052f4                B5_Sha256_Init
 .text.B5_Sha256_Update
                0x08005358       0xa8 Application/src/Common/sha256.o
                0x08005358                B5_Sha256_Update
 .text.B5_Sha256_Finit
                0x08005400      0x1b4 Application/src/Common/sha256.o
                0x08005400                B5_Sha256_Finit
 .text.B5_HmacSha256_Init
                0x080055b4      0x428 Application/src/Common/sha256.o
                0x080055b4                B5_HmacSha256_Init
 .text.B5_HmacSha256_Update
                0x080059dc       0xa4 Application/src/Common/sha256.o
                0x080059dc                B5_HmacSha256_Update
 .text.B5_HmacSha256_Finit
                0x08005a80       0xe4 Application/src/Common/sha256.o
                0x08005a80                B5_HmacSha256_Finit
 .text.se3_algo_Aes_init
                0x08005b64       0xa4 Application/src/Device/se3_algo_Aes.o
                0x08005b64                se3_algo_Aes_init
 .text.se3_algo_Aes_update
                0x08005c08       0x94 Application/src/Device/se3_algo_Aes.o
                0x08005c08                se3_algo_Aes_update
 .text.se3_algo_AesHmacSha256s_init
                0x08005c9c       0xdc Application/src/Device/se3_algo_AesHmacSha256s.o
                0x08005c9c                se3_algo_AesHmacSha256s_init
 .text.se3_algo_AesHmacSha256s_update
                0x08005d78      0x228 Application/src/Device/se3_algo_AesHmacSha256s.o
                0x08005d78                se3_algo_AesHmacSha256s_update
 .text.se3_algo_HmacSha256_init
                0x08005fa0       0x24 Application/src/Device/se3_algo_HmacSha256.o
                0x08005fa0                se3_algo_HmacSha256_init
 .text.se3_algo_HmacSha256_update
                0x08005fc4       0x40 Application/src/Device/se3_algo_HmacSha256.o
                0x08005fc4                se3_algo_HmacSha256_update
 .text.se3_algo_aes256hmacsha256_init
                0x08006004       0xb0 Application/src/Device/se3_algo_aes256hmacsha256.o
                0x08006004                se3_algo_aes256hmacsha256_init
 .text.se3_algo_aes256hmacsha256_update
                0x080060b4      0x10c Application/src/Device/se3_algo_aes256hmacsha256.o
                0x080060b4                se3_algo_aes256hmacsha256_update
 .text.se3_algo_Sha256_init
                0x080061c0       0x18 Application/src/Device/se3_algo_sha256.o
                0x080061c0                se3_algo_Sha256_init
 .text.se3_algo_Sha256_update
                0x080061d8       0x40 Application/src/Device/se3_algo_sha256.o
                0x080061d8                se3_algo_Sha256_update
 .text.se3_communication_core_init
                0x08006218       0x74 Application/src/Device/se3_communication_core.o
                0x08006218                se3_communication_core_init
 .text.se3_proto_recv
                0x0800628c      0x3fc Application/src/Device/se3_communication_core.o
                0x0800628c                se3_proto_recv
 .text.se3_proto_send
                0x08006688      0x3b8 Application/src/Device/se3_communication_core.o
                0x08006688                se3_proto_send
 .text.invalid_cmd_handler
                0x08006a40        0x8 Application/src/Device/se3_core.o
 .text.echo     0x08006a48       0x14 Application/src/Device/se3_core.o
                0x08006a48                echo
 .text.bootmode_reset
                0x08006a5c       0x1c Application/src/Device/se3_core.o
                0x08006a5c                bootmode_reset
 .text.factory_init
                0x08006a78       0x70 Application/src/Device/se3_core.o
                0x08006a78                factory_init
 .text.device_init
                0x08006ae8       0x18 Application/src/Device/se3_core.o
                0x08006ae8                device_init
 .text.se3_cmd_execute
                0x08006b00      0x2c0 Application/src/Device/se3_core.o
                0x08006b00                se3_cmd_execute
 .text.device_loop
                0x08006dc0       0x2c Application/src/Device/se3_core.o
                0x08006dc0                device_loop
 .text.se3_time_init
                0x08006dec       0x1c Application/src/Device/se3_core_time.o
                0x08006dec                se3_time_init
 .text.se3_time_get
                0x08006e08        0xc Application/src/Device/se3_core_time.o
                0x08006e08                se3_time_get
 .text.se3_time_set
                0x08006e14       0x18 Application/src/Device/se3_core_time.o
                0x08006e14                se3_time_set
 .text.se3_time_inc
                0x08006e2c       0x3c Application/src/Device/se3_core_time.o
                0x08006e2c                se3_time_inc
 .text.get_now_initialized
                0x08006e68        0xc Application/src/Device/se3_core_time.o
                0x08006e68                get_now_initialized
 .text.error    0x08006e74        0x8 Application/src/Device/se3_dispatcher_core.o
                0x08006e74                error
 .text.key_edit
                0x08006e7c      0x10c Application/src/Device/se3_dispatcher_core.o
                0x08006e7c                key_edit
 .text.key_list
                0x08006f88      0x114 Application/src/Device/se3_dispatcher_core.o
                0x08006f88                key_list
 .text.config   0x0800709c       0x94 Application/src/Device/se3_dispatcher_core.o
                0x0800709c                config
 .text.challenge
                0x08007130       0xe0 Application/src/Device/se3_dispatcher_core.o
                0x08007130                challenge
 .text.login    0x08007210       0x8c Application/src/Device/se3_dispatcher_core.o
                0x08007210                login
 .text.logout   0x0800729c       0x94 Application/src/Device/se3_dispatcher_core.o
                0x0800729c                logout
 .text.dispatcher_call
                0x08007330      0x1f8 Application/src/Device/se3_dispatcher_core.o
                0x08007330                dispatcher_call
 .text.se3_dispatcher_init
                0x08007528       0xc4 Application/src/Device/se3_dispatcher_core.o
                0x08007528                se3_dispatcher_init
 .text.set_req_hdr
                0x080075ec       0x24 Application/src/Device/se3_dispatcher_core.o
                0x080075ec                set_req_hdr
 .text.se3_flash_init
                0x08007610      0x234 Application/src/Device/se3_flash.o
                0x08007610                se3_flash_init
 .text.se3_flash_it_write
                0x08007844       0x54 Application/src/Device/se3_flash.o
                0x08007844                se3_flash_it_write
 .text.se3_flash_it_init
                0x08007898        0x8 Application/src/Device/se3_flash.o
                0x08007898                se3_flash_it_init
 .text.se3_flash_it_next
                0x080078a0       0xb0 Application/src/Device/se3_flash.o
                0x080078a0                se3_flash_it_next
 .text.se3_flash_it_new
                0x08007950      0x3c0 Application/src/Device/se3_flash.o
                0x08007950                se3_flash_it_new
 .text.se3_flash_it_delete
                0x08007d10       0x60 Application/src/Device/se3_flash.o
                0x08007d10                se3_flash_it_delete
 .text.se3_flash_bootmode_reset
                0x08007d70       0x44 Application/src/Device/se3_flash.o
                0x08007d70                se3_flash_bootmode_reset
 .text.se3_key_find
                0x08007db4       0x3c Application/src/Device/se3_keys.o
                0x08007db4                se3_key_find
 .text.se3_key_new
                0x08007df0       0x94 Application/src/Device/se3_keys.o
                0x08007df0                se3_key_new
 .text.se3_key_read
                0x08007e84       0x44 Application/src/Device/se3_keys.o
                0x08007e84                se3_key_read
 .text.se3_key_equal
                0x08007ec8       0x7c Application/src/Device/se3_keys.o
                0x08007ec8                se3_key_equal
 .text.se3_key_fingerprint
                0x08007f44       0x20 Application/src/Device/se3_keys.o
                0x08007f44                se3_key_fingerprint
 .text.se3_mem_reset
                0x08007f64       0x4c Application/src/Device/se3_memory.o
                0x08007f64                se3_mem_reset
 .text.se3_mem_init
                0x08007fb0       0x54 Application/src/Device/se3_memory.o
                0x08007fb0                se3_mem_init
 .text.se3_mem_alloc
                0x08008004      0x278 Application/src/Device/se3_memory.o
                0x08008004                se3_mem_alloc
 .text.se3_mem_ptr
                0x0800827c       0x1c Application/src/Device/se3_memory.o
                0x0800827c                se3_mem_ptr
 .text.se3_mem_free
                0x08008298       0x50 Application/src/Device/se3_memory.o
                0x08008298                se3_mem_free
 .text.se3_security_core_init
                0x080082e8       0x24 Application/src/Device/se3_security_core.o
                0x080082e8                se3_security_core_init
 .text.record_set
                0x0800830c       0x9c Application/src/Device/se3_security_core.o
                0x0800830c                record_set
 .text.record_get
                0x080083a8       0x68 Application/src/Device/se3_security_core.o
                0x080083a8                record_get
 .text.crypto_init
                0x08008410      0x11c Application/src/Device/se3_security_core.o
                0x08008410                crypto_init
 .text.crypto_update
                0x0800852c       0xfc Application/src/Device/se3_security_core.o
                0x0800852c                crypto_update
 .text.crypto_set_time
                0x08008628       0x24 Application/src/Device/se3_security_core.o
                0x08008628                crypto_set_time
 .text.crypto_list
                0x0800864c       0x74 Application/src/Device/se3_security_core.o
                0x0800864c                crypto_list
 .text.se3_payload_cryptoinit
                0x080086c0       0x64 Application/src/Device/se3_security_core.o
                0x080086c0                se3_payload_cryptoinit
 .text.se3_payload_encrypt
                0x08008724       0xa0 Application/src/Device/se3_security_core.o
                0x08008724                se3_payload_encrypt
 .text.se3_payload_decrypt
                0x080087c4       0x9c Application/src/Device/se3_security_core.o
                0x080087c4                se3_payload_decrypt
 .text.sekey_get_implementation_info
                0x08008860        0xc Application/src/Device/se3_sekey.o
                0x08008860                sekey_get_implementation_info
 .text.sekey_get_auth
                0x0800886c        0x4 Application/src/Device/se3_sekey.o
                0x0800886c                sekey_get_auth
 .text.MX_ADC1_Init
                0x08008870       0x48 Application/src/adc.o
                0x08008870                MX_ADC1_Init
 .text.HAL_ADC_MspInit
                0x080088b8       0x48 Application/src/adc.o
                0x080088b8                HAL_ADC_MspInit
 .text.MX_CRC_Init
                0x08008900       0x14 Application/src/crc.o
                0x08008900                MX_CRC_Init
 .text.HAL_CRC_MspInit
                0x08008914       0x34 Application/src/crc.o
                0x08008914                HAL_CRC_MspInit
 .text.MX_DMA_Init
                0x08008948       0x44 Application/src/dma.o
                0x08008948                MX_DMA_Init
 .text.MX_FMC_Init
                0x0800898c       0xc0 Application/src/fmc.o
                0x0800898c                MX_FMC_Init
 .text.HAL_NOR_MspInit
                0x08008a4c       0x9c Application/src/fmc.o
                0x08008a4c                HAL_NOR_MspInit
 .text.MX_GPIO_Init
                0x08008ae8      0x16c Application/src/gpio.o
                0x08008ae8                MX_GPIO_Init
 .text.MX_I2C2_Init
                0x08008c54       0x38 Application/src/i2c.o
                0x08008c54                MX_I2C2_Init
 .text.HAL_I2C_MspInit
                0x08008c8c       0x54 Application/src/i2c.o
                0x08008c8c                HAL_I2C_MspInit
 .text.SystemClock_Config
                0x08008ce0       0xb8 Application/src/main.o
                0x08008ce0                SystemClock_Config
 .text.startup.main
                0x08008d98       0x4c Application/src/main.o
                0x08008d98                main
 .text.MX_RNG_Init
                0x08008de4       0x14 Application/src/rng.o
                0x08008de4                MX_RNG_Init
 .text.HAL_RNG_MspInit
                0x08008df8       0x30 Application/src/rng.o
                0x08008df8                HAL_RNG_MspInit
 .text.MX_SDIO_SD_Init
                0x08008e28       0x38 Application/src/sdio.o
                0x08008e28                MX_SDIO_SD_Init
 .text.HAL_SD_MspInit
                0x08008e60      0x144 Application/src/sdio.o
                0x08008e60                HAL_SD_MspInit
 .text.se3_rand
                0x08008fa4       0x70 Application/src/se3_rand.o
                0x08008fa4                se3_rand
 .text.secube_sdio_write
                0x08009014       0x3c Application/src/se3_sdio.o
                0x08009014                secube_sdio_write
 .text.secube_sdio_read
                0x08009050       0x3c Application/src/se3_sdio.o
                0x08009050                secube_sdio_read
 .text.secube_sdio_capacity
                0x0800908c       0x38 Application/src/se3_sdio.o
                0x0800908c                secube_sdio_capacity
 .text.secube_sdio_isready
                0x080090c4       0x14 Application/src/se3_sdio.o
                0x080090c4                secube_sdio_isready
 .text.MX_SPI5_Init
                0x080090d8       0x38 Application/src/spi.o
                0x080090d8                MX_SPI5_Init
 .text.HAL_SPI_MspInit
                0x08009110       0x60 Application/src/spi.o
                0x08009110                HAL_SPI_MspInit
 .text.HAL_MspInit
                0x08009170       0x18 Application/src/stm32f4xx_hal_msp.o
                0x08009170                HAL_MspInit
 .text.SysTick_Handler
                0x08009188       0x14 Application/src/stm32f4xx_it.o
                0x08009188                SysTick_Handler
 .text.SDIO_IRQHandler
                0x0800919c        0xc Application/src/stm32f4xx_it.o
                0x0800919c                SDIO_IRQHandler
 .text.DMA2_Stream3_IRQHandler
                0x080091a8        0xc Application/src/stm32f4xx_it.o
                0x080091a8                DMA2_Stream3_IRQHandler
 .text.DMA2_Stream6_IRQHandler
                0x080091b4        0xc Application/src/stm32f4xx_it.o
                0x080091b4                DMA2_Stream6_IRQHandler
 .text.OTG_HS_IRQHandler
                0x080091c0        0xc Application/src/stm32f4xx_it.o
                0x080091c0                OTG_HS_IRQHandler
 .text.MX_TIM4_Init
                0x080091cc       0x6c Application/src/tim.o
                0x080091cc                MX_TIM4_Init
 .text.HAL_TIM_PWM_MspInit
                0x08009238       0x30 Application/src/tim.o
                0x08009238                HAL_TIM_PWM_MspInit
 .text.MX_USART1_UART_Init
                0x08009268       0x34 Application/src/usart.o
                0x08009268                MX_USART1_UART_Init
 .text.MX_USART6_SMARTCARD_Init
                0x0800929c       0x44 Application/src/usart.o
                0x0800929c                MX_USART6_SMARTCARD_Init
 .text.HAL_UART_MspInit
                0x080092e0       0x8c Application/src/usart.o
                0x080092e0                HAL_UART_MspInit
 .text.HAL_SMARTCARD_MspInit
                0x0800936c       0x6c Application/src/usart.o
                0x0800936c                HAL_SMARTCARD_MspInit
 .text.MX_USB_DEVICE_Init
                0x080093d8       0x38 Application/src/usb_device.o
                0x080093d8                MX_USB_DEVICE_Init
 .text.HAL_PCD_MspInit
                0x08009410       0xc0 Application/src/usbd_conf.o
                0x08009410                HAL_PCD_MspInit
 .text.HAL_PCD_SetupStageCallback
                0x080094d0        0xc Application/src/usbd_conf.o
                0x080094d0                HAL_PCD_SetupStageCallback
 .text.HAL_PCD_DataOutStageCallback
                0x080094dc       0x14 Application/src/usbd_conf.o
                0x080094dc                HAL_PCD_DataOutStageCallback
 .text.HAL_PCD_DataInStageCallback
                0x080094f0       0x14 Application/src/usbd_conf.o
                0x080094f0                HAL_PCD_DataInStageCallback
 .text.HAL_PCD_SOFCallback
                0x08009504        0x8 Application/src/usbd_conf.o
                0x08009504                HAL_PCD_SOFCallback
 .text.HAL_PCD_ResetCallback
                0x0800950c       0x20 Application/src/usbd_conf.o
                0x0800950c                HAL_PCD_ResetCallback
 .text.HAL_PCD_SuspendCallback
                0x0800952c       0x30 Application/src/usbd_conf.o
                0x0800952c                HAL_PCD_SuspendCallback
 .text.HAL_PCD_ResumeCallback
                0x0800955c        0x8 Application/src/usbd_conf.o
                0x0800955c                HAL_PCD_ResumeCallback
 .text.HAL_PCD_ISOOUTIncompleteCallback
                0x08009564        0x8 Application/src/usbd_conf.o
                0x08009564                HAL_PCD_ISOOUTIncompleteCallback
 .text.HAL_PCD_ISOINIncompleteCallback
                0x0800956c        0x8 Application/src/usbd_conf.o
                0x0800956c                HAL_PCD_ISOINIncompleteCallback
 .text.HAL_PCD_ConnectCallback
                0x08009574        0x8 Application/src/usbd_conf.o
                0x08009574                HAL_PCD_ConnectCallback
 .text.HAL_PCD_DisconnectCallback
                0x0800957c        0x8 Application/src/usbd_conf.o
                0x0800957c                HAL_PCD_DisconnectCallback
 .text.USBD_LL_Init
                0x08009584       0x68 Application/src/usbd_conf.o
                0x08009584                USBD_LL_Init
 .text.USBD_LL_Start
                0x080095ec       0x10 Application/src/usbd_conf.o
                0x080095ec                USBD_LL_Start
 .text.USBD_LL_OpenEP
                0x080095fc       0x14 Application/src/usbd_conf.o
                0x080095fc                USBD_LL_OpenEP
 .text.USBD_LL_CloseEP
                0x08009610       0x10 Application/src/usbd_conf.o
                0x08009610                USBD_LL_CloseEP
 .text.USBD_LL_FlushEP
                0x08009620       0x10 Application/src/usbd_conf.o
                0x08009620                USBD_LL_FlushEP
 .text.USBD_LL_StallEP
                0x08009630       0x10 Application/src/usbd_conf.o
                0x08009630                USBD_LL_StallEP
 .text.USBD_LL_ClearStallEP
                0x08009640       0x10 Application/src/usbd_conf.o
                0x08009640                USBD_LL_ClearStallEP
 .text.USBD_LL_IsStallEP
                0x08009650       0x28 Application/src/usbd_conf.o
                0x08009650                USBD_LL_IsStallEP
 .text.USBD_LL_SetUSBAddress
                0x08009678       0x10 Application/src/usbd_conf.o
                0x08009678                USBD_LL_SetUSBAddress
 .text.USBD_LL_Transmit
                0x08009688       0x10 Application/src/usbd_conf.o
                0x08009688                USBD_LL_Transmit
 .text.USBD_LL_PrepareReceive
                0x08009698       0x10 Application/src/usbd_conf.o
                0x08009698                USBD_LL_PrepareReceive
 .text.USBD_LL_GetRxDataSize
                0x080096a8        0xc Application/src/usbd_conf.o
                0x080096a8                USBD_LL_GetRxDataSize
 .text.USBD_HS_DeviceDescriptor
                0x080096b4        0xc Application/src/usbd_desc.o
                0x080096b4                USBD_HS_DeviceDescriptor
 .text.USBD_HS_LangIDStrDescriptor
                0x080096c0        0xc Application/src/usbd_desc.o
                0x080096c0                USBD_HS_LangIDStrDescriptor
 .text.USBD_HS_ManufacturerStrDescriptor
                0x080096cc       0x1c Application/src/usbd_desc.o
                0x080096cc                USBD_HS_ManufacturerStrDescriptor
 .text.USBD_HS_ProductStrDescriptor
                0x080096e8       0x1c Application/src/usbd_desc.o
                0x080096e8                USBD_HS_ProductStrDescriptor
 .text.USBD_HS_SerialStrDescriptor
                0x08009704       0x1c Application/src/usbd_desc.o
                0x08009704                USBD_HS_SerialStrDescriptor
 .text.USBD_HS_ConfigStrDescriptor
                0x08009720       0x1c Application/src/usbd_desc.o
                0x08009720                USBD_HS_ConfigStrDescriptor
 .text.USBD_HS_InterfaceStrDescriptor
                0x0800973c       0x1c Application/src/usbd_desc.o
                0x0800973c                USBD_HS_InterfaceStrDescriptor
 .text.STORAGE_IsWriteProtected_HS
                0x08009758        0x4 Application/src/usbd_storage_if.o
 .text.STORAGE_GetMaxLun_HS
                0x0800975c        0x4 Application/src/usbd_storage_if.o
 .text.STORAGE_Write_HS
                0x08009760       0x10 Application/src/usbd_storage_if.o
 .text.STORAGE_Read_HS
                0x08009770       0x18 Application/src/usbd_storage_if.o
 .text.STORAGE_IsReady_HS
                0x08009788       0x10 Application/src/usbd_storage_if.o
 .text.STORAGE_GetCapacity_HS
                0x08009798       0x14 Application/src/usbd_storage_if.o
 .text.STORAGE_Init_HS
                0x080097ac        0x4 Application/src/usbd_storage_if.o
 .text.SystemInit
                0x080097b0       0x50 Drivers/CMSIS/system_stm32f4xx.o
                0x080097b0                SystemInit
 .text.HAL_InitTick
                0x08009800       0x28 Drivers/STM32F4xx_HAL_Driver/stm32f4xx_hal.o
                0x08009800                HAL_InitTick
 .text.HAL_Init
                0x08009828       0x34 Drivers/STM32F4xx_HAL_Driver/stm32f4xx_hal.o
                0x08009828                HAL_Init
 .text.HAL_IncTick
                0x0800985c       0x10 Drivers/STM32F4xx_HAL_Driver/stm32f4xx_hal.o
                0x0800985c                HAL_IncTick
 .text.HAL_GetTick
                0x0800986c        0xc Drivers/STM32F4xx_HAL_Driver/stm32f4xx_hal.o
                0x0800986c                HAL_GetTick
 .text.HAL_Delay
                0x08009878       0x1c Drivers/STM32F4xx_HAL_Driver/stm32f4xx_hal.o
                0x08009878                HAL_Delay
 .text.HAL_ADC_Init
                0x08009894      0x164 Drivers/STM32F4xx_HAL_Driver/stm32f4xx_hal_adc.o
                0x08009894                HAL_ADC_Init
 .text.HAL_ADC_ConfigChannel
                0x080099f8      0x150 Drivers/STM32F4xx_HAL_Driver/stm32f4xx_hal_adc.o
                0x080099f8                HAL_ADC_ConfigChannel
 .text.HAL_NVIC_SetPriorityGrouping
                0x08009b48       0x24 Drivers/STM32F4xx_HAL_Driver/stm32f4xx_hal_cortex.o
                0x08009b48                HAL_NVIC_SetPriorityGrouping
 .text.HAL_NVIC_SetPriority
                0x08009b6c       0x70 Drivers/STM32F4xx_HAL_Driver/stm32f4xx_hal_cortex.o
                0x08009b6c                HAL_NVIC_SetPriority
 .text.HAL_NVIC_EnableIRQ
                0x08009bdc       0x18 Drivers/STM32F4xx_HAL_Driver/stm32f4xx_hal_cortex.o
                0x08009bdc                HAL_NVIC_EnableIRQ
 .text.HAL_SYSTICK_Config
                0x08009bf4       0x34 Drivers/STM32F4xx_HAL_Driver/stm32f4xx_hal_cortex.o
                0x08009bf4                HAL_SYSTICK_Config
 .text.HAL_SYSTICK_CLKSourceConfig
                0x08009c28       0x18 Drivers/STM32F4xx_HAL_Driver/stm32f4xx_hal_cortex.o
                0x08009c28                HAL_SYSTICK_CLKSourceConfig
 .text.HAL_SYSTICK_Callback
                0x08009c40        0x4 Drivers/STM32F4xx_HAL_Driver/stm32f4xx_hal_cortex.o
                0x08009c40                HAL_SYSTICK_Callback
 .text.HAL_SYSTICK_IRQHandler
                0x08009c44        0x8 Drivers/STM32F4xx_HAL_Driver/stm32f4xx_hal_cortex.o
                0x08009c44                HAL_SYSTICK_IRQHandler
 .text.HAL_CRC_Init
                0x08009c4c       0x28 Drivers/STM32F4xx_HAL_Driver/stm32f4xx_hal_crc.o
                0x08009c4c                HAL_CRC_Init
 .text.HAL_DMA_Init
                0x08009c74       0xa8 Drivers/STM32F4xx_HAL_Driver/stm32f4xx_hal_dma.o
                0x08009c74                HAL_DMA_Init
 .text.HAL_DMA_Start_IT
                0x08009d1c       0x5c Drivers/STM32F4xx_HAL_Driver/stm32f4xx_hal_dma.o
                0x08009d1c                HAL_DMA_Start_IT
 .text.HAL_DMA_Abort
                0x08009d78       0x50 Drivers/STM32F4xx_HAL_Driver/stm32f4xx_hal_dma.o
                0x08009d78                HAL_DMA_Abort
 .text.HAL_DMA_IRQHandler
                0x08009dc8      0x18c Drivers/STM32F4xx_HAL_Driver/stm32f4xx_hal_dma.o
                0x08009dc8                HAL_DMA_IRQHandler
 .text.FLASH_SetErrorCode
                0x08009f54       0x90 Drivers/STM32F4xx_HAL_Driver/stm32f4xx_hal_flash.o
 .text.HAL_FLASH_Program
                0x08009fe4      0x148 Drivers/STM32F4xx_HAL_Driver/stm32f4xx_hal_flash.o
                0x08009fe4                HAL_FLASH_Program
 .text.HAL_FLASH_Unlock
                0x0800a12c       0x24 Drivers/STM32F4xx_HAL_Driver/stm32f4xx_hal_flash.o
                0x0800a12c                HAL_FLASH_Unlock
 .text.HAL_FLASH_Lock
                0x0800a150       0x14 Drivers/STM32F4xx_HAL_Driver/stm32f4xx_hal_flash.o
                0x0800a150                HAL_FLASH_Lock
 .text.FLASH_WaitForLastOperation
                0x0800a164       0x64 Drivers/STM32F4xx_HAL_Driver/stm32f4xx_hal_flash.o
                0x0800a164                FLASH_WaitForLastOperation
 .text.HAL_FLASHEx_Erase
                0x0800a1c8      0x194 Drivers/STM32F4xx_HAL_Driver/stm32f4xx_hal_flash_ex.o
                0x0800a1c8                HAL_FLASHEx_Erase
 .text.HAL_GPIO_Init
                0x0800a35c      0x220 Drivers/STM32F4xx_HAL_Driver/stm32f4xx_hal_gpio.o
                0x0800a35c                HAL_GPIO_Init
 .text.HAL_GPIO_WritePin
                0x0800a57c        0x8 Drivers/STM32F4xx_HAL_Driver/stm32f4xx_hal_gpio.o
                0x0800a57c                HAL_GPIO_WritePin
 .text.HAL_I2C_Init
                0x0800a584       0xf0 Drivers/STM32F4xx_HAL_Driver/stm32f4xx_hal_i2c.o
                0x0800a584                HAL_I2C_Init
 .text.HAL_NOR_Init
                0x0800a674       0x5c Drivers/STM32F4xx_HAL_Driver/stm32f4xx_hal_nor.o
                0x0800a674                HAL_NOR_Init
 .text.HAL_PCD_Init
                0x0800a6d0      0x41c Drivers/STM32F4xx_HAL_Driver/stm32f4xx_hal_pcd.o
                0x0800a6d0                HAL_PCD_Init
 .text.HAL_PCD_Start
                0x0800aaec       0x2c Drivers/STM32F4xx_HAL_Driver/stm32f4xx_hal_pcd.o
                0x0800aaec                HAL_PCD_Start
 .text.HAL_PCD_IRQHandler
                0x0800ab18      0x510 Drivers/STM32F4xx_HAL_Driver/stm32f4xx_hal_pcd.o
                0x0800ab18                HAL_PCD_IRQHandler
 .text.HAL_PCD_SetAddress
                0x0800b028       0x24 Drivers/STM32F4xx_HAL_Driver/stm32f4xx_hal_pcd.o
                0x0800b028                HAL_PCD_SetAddress
 .text.HAL_PCD_EP_Open
                0x0800b04c       0x74 Drivers/STM32F4xx_HAL_Driver/stm32f4xx_hal_pcd.o
                0x0800b04c                HAL_PCD_EP_Open
 .text.HAL_PCD_EP_Close
                0x0800b0c0       0x50 Drivers/STM32F4xx_HAL_Driver/stm32f4xx_hal_pcd.o
                0x0800b0c0                HAL_PCD_EP_Close
 .text.HAL_PCD_EP_Receive
                0x0800b110       0x6c Drivers/STM32F4xx_HAL_Driver/stm32f4xx_hal_pcd.o
                0x0800b110                HAL_PCD_EP_Receive
 .text.HAL_PCD_EP_GetRxCount
                0x0800b17c       0x14 Drivers/STM32F4xx_HAL_Driver/stm32f4xx_hal_pcd.o
                0x0800b17c                HAL_PCD_EP_GetRxCount
 .text.HAL_PCD_EP_Transmit
                0x0800b190       0x64 Drivers/STM32F4xx_HAL_Driver/stm32f4xx_hal_pcd.o
                0x0800b190                HAL_PCD_EP_Transmit
 .text.HAL_PCD_EP_SetStall
                0x0800b1f4       0x64 Drivers/STM32F4xx_HAL_Driver/stm32f4xx_hal_pcd.o
                0x0800b1f4                HAL_PCD_EP_SetStall
 .text.HAL_PCD_EP_ClrStall
                0x0800b258       0x54 Drivers/STM32F4xx_HAL_Driver/stm32f4xx_hal_pcd.o
                0x0800b258                HAL_PCD_EP_ClrStall
 .text.HAL_PCD_EP_Flush
                0x0800b2ac       0x3c Drivers/STM32F4xx_HAL_Driver/stm32f4xx_hal_pcd.o
                0x0800b2ac                HAL_PCD_EP_Flush
 .text.HAL_PCDEx_SetTxFiFo
                0x0800b2e8       0x48 Drivers/STM32F4xx_HAL_Driver/stm32f4xx_hal_pcd_ex.o
                0x0800b2e8                HAL_PCDEx_SetTxFiFo
 .text.HAL_PCDEx_SetRxFiFo
                0x0800b330        0x8 Drivers/STM32F4xx_HAL_Driver/stm32f4xx_hal_pcd_ex.o
                0x0800b330                HAL_PCDEx_SetRxFiFo
 .text.HAL_RCC_OscConfig
                0x0800b338      0x318 Drivers/STM32F4xx_HAL_Driver/stm32f4xx_hal_rcc.o
                0x0800b338                HAL_RCC_OscConfig
 .text.HAL_RCC_ClockConfig
                0x0800b650      0x140 Drivers/STM32F4xx_HAL_Driver/stm32f4xx_hal_rcc.o
                0x0800b650                HAL_RCC_ClockConfig
 .text.HAL_RCC_MCOConfig
                0x0800b790       0xa4 Drivers/STM32F4xx_HAL_Driver/stm32f4xx_hal_rcc.o
                0x0800b790                HAL_RCC_MCOConfig
 .text.HAL_RCC_GetSysClockFreq
                0x0800b834       0x64 Drivers/STM32F4xx_HAL_Driver/stm32f4xx_hal_rcc.o
                0x0800b834                HAL_RCC_GetSysClockFreq
 .text.HAL_RCC_GetHCLKFreq
                0x0800b898       0x34 Drivers/STM32F4xx_HAL_Driver/stm32f4xx_hal_rcc.o
                0x0800b898                HAL_RCC_GetHCLKFreq
 .text.HAL_RCC_GetPCLK1Freq
                0x0800b8cc       0x4c Drivers/STM32F4xx_HAL_Driver/stm32f4xx_hal_rcc.o
                0x0800b8cc                HAL_RCC_GetPCLK1Freq
 .text.HAL_RCC_GetPCLK2Freq
                0x0800b918       0x4c Drivers/STM32F4xx_HAL_Driver/stm32f4xx_hal_rcc.o
                0x0800b918                HAL_RCC_GetPCLK2Freq
 .text.HAL_RNG_Init
                0x0800b964       0x44 Drivers/STM32F4xx_HAL_Driver/stm32f4xx_hal_rng.o
                0x0800b964                HAL_RNG_Init
 .text.HAL_RNG_GenerateRandomNumber
                0x0800b9a8       0x58 Drivers/STM32F4xx_HAL_Driver/stm32f4xx_hal_rng.o
                0x0800b9a8                HAL_RNG_GenerateRandomNumber
 .text.SD_CmdResp1Error.part.0
                0x0800ba00       0xbc Drivers/STM32F4xx_HAL_Driver/stm32f4xx_hal_sd.o
 .text.SD_CmdResp1Error
                0x0800babc       0x44 Drivers/STM32F4xx_HAL_Driver/stm32f4xx_hal_sd.o
 .text.SD_FindSCR
                0x0800bb00      0x178 Drivers/STM32F4xx_HAL_Driver/stm32f4xx_hal_sd.o
 .text.HAL_SD_ReadBlocks_DMA
                0x0800bc78      0x190 Drivers/STM32F4xx_HAL_Driver/stm32f4xx_hal_sd.o
                0x0800bc78                HAL_SD_ReadBlocks_DMA
 .text.HAL_SD_WriteBlocks_DMA
                0x0800be08      0x188 Drivers/STM32F4xx_HAL_Driver/stm32f4xx_hal_sd.o
                0x0800be08                HAL_SD_WriteBlocks_DMA
 .text.HAL_SD_CheckReadOperation
                0x0800bf90       0xfc Drivers/STM32F4xx_HAL_Driver/stm32f4xx_hal_sd.o
                0x0800bf90                HAL_SD_CheckReadOperation
 .text.HAL_SD_CheckWriteOperation
                0x0800c08c      0x174 Drivers/STM32F4xx_HAL_Driver/stm32f4xx_hal_sd.o
                0x0800c08c                HAL_SD_CheckWriteOperation
 .text.HAL_SD_XferCpltCallback
                0x0800c200        0x4 Drivers/STM32F4xx_HAL_Driver/stm32f4xx_hal_sd.o
                0x0800c200                HAL_SD_XferCpltCallback
 .text.HAL_SD_XferErrorCallback
                0x0800c204        0x4 Drivers/STM32F4xx_HAL_Driver/stm32f4xx_hal_sd.o
                0x0800c204                HAL_SD_XferErrorCallback
 .text.HAL_SD_IRQHandler
                0x0800c208       0xa0 Drivers/STM32F4xx_HAL_Driver/stm32f4xx_hal_sd.o
                0x0800c208                HAL_SD_IRQHandler
 .text.HAL_SD_DMA_RxCpltCallback
                0x0800c2a8        0x4 Drivers/STM32F4xx_HAL_Driver/stm32f4xx_hal_sd.o
                0x0800c2a8                HAL_SD_DMA_RxCpltCallback
 .text.SD_DMA_RxCplt
                0x0800c2ac       0x1c Drivers/STM32F4xx_HAL_Driver/stm32f4xx_hal_sd.o
 .text.HAL_SD_DMA_RxErrorCallback
                0x0800c2c8        0x4 Drivers/STM32F4xx_HAL_Driver/stm32f4xx_hal_sd.o
                0x0800c2c8                HAL_SD_DMA_RxErrorCallback
 .text.SD_DMA_RxError
                0x0800c2cc        0xc Drivers/STM32F4xx_HAL_Driver/stm32f4xx_hal_sd.o
 .text.HAL_SD_DMA_TxCpltCallback
                0x0800c2d8        0x4 Drivers/STM32F4xx_HAL_Driver/stm32f4xx_hal_sd.o
                0x0800c2d8                HAL_SD_DMA_TxCpltCallback
 .text.SD_DMA_TxCplt
                0x0800c2dc       0x1c Drivers/STM32F4xx_HAL_Driver/stm32f4xx_hal_sd.o
 .text.HAL_SD_DMA_TxErrorCallback
                0x0800c2f8        0x4 Drivers/STM32F4xx_HAL_Driver/stm32f4xx_hal_sd.o
                0x0800c2f8                HAL_SD_DMA_TxErrorCallback
 .text.SD_DMA_TxError
                0x0800c2fc        0xc Drivers/STM32F4xx_HAL_Driver/stm32f4xx_hal_sd.o
 .text.HAL_SD_Get_CardInfo
                0x0800c308      0x290 Drivers/STM32F4xx_HAL_Driver/stm32f4xx_hal_sd.o
                0x0800c308                HAL_SD_Get_CardInfo
 .text.HAL_SD_Init
                0x0800c598      0x4c0 Drivers/STM32F4xx_HAL_Driver/stm32f4xx_hal_sd.o
                0x0800c598                HAL_SD_Init
 .text.HAL_SD_WideBusOperation_Config
                0x0800ca58      0x150 Drivers/STM32F4xx_HAL_Driver/stm32f4xx_hal_sd.o
                0x0800ca58                HAL_SD_WideBusOperation_Config
 .text.HAL_SD_GetStatus
                0x0800cba8       0x70 Drivers/STM32F4xx_HAL_Driver/stm32f4xx_hal_sd.o
                0x0800cba8                HAL_SD_GetStatus
 .text.HAL_SMARTCARD_Init
                0x0800cc18      0x250 Drivers/STM32F4xx_HAL_Driver/stm32f4xx_hal_smartcard.o
                0x0800cc18                HAL_SMARTCARD_Init
 .text.HAL_SPI_Init
                0x0800ce68       0x8c Drivers/STM32F4xx_HAL_Driver/stm32f4xx_hal_spi.o
                0x0800ce68                HAL_SPI_Init
 .text.HAL_TIM_PWM_Init
                0x0800cef4       0xfc Drivers/STM32F4xx_HAL_Driver/stm32f4xx_hal_tim.o
                0x0800cef4                HAL_TIM_PWM_Init
 .text.HAL_TIM_PWM_ConfigChannel
                0x0800cff0      0x228 Drivers/STM32F4xx_HAL_Driver/stm32f4xx_hal_tim.o
                0x0800cff0                HAL_TIM_PWM_ConfigChannel
 .text.HAL_TIMEx_MasterConfigSynchronization
                0x0800d218       0x48 Drivers/STM32F4xx_HAL_Driver/stm32f4xx_hal_tim_ex.o
                0x0800d218                HAL_TIMEx_MasterConfigSynchronization
 .text.UART_SetConfig
                0x0800d260      0x2dc Drivers/STM32F4xx_HAL_Driver/stm32f4xx_hal_uart.o
 .text.HAL_UART_Init
                0x0800d53c       0x60 Drivers/STM32F4xx_HAL_Driver/stm32f4xx_hal_uart.o
                0x0800d53c                HAL_UART_Init
 .text.FMC_NORSRAM_Init
                0x0800d59c       0x70 Drivers/STM32F4xx_HAL_Driver/stm32f4xx_ll_fmc.o
                0x0800d59c                FMC_NORSRAM_Init
 .text.FMC_NORSRAM_Timing_Init
                0x0800d60c       0x50 Drivers/STM32F4xx_HAL_Driver/stm32f4xx_ll_fmc.o
                0x0800d60c                FMC_NORSRAM_Timing_Init
 .text.FMC_NORSRAM_Extended_Timing_Init
                0x0800d65c       0x48 Drivers/STM32F4xx_HAL_Driver/stm32f4xx_ll_fmc.o
                0x0800d65c                FMC_NORSRAM_Extended_Timing_Init
 .text.SDIO_Init
                0x0800d6a4       0x34 Drivers/STM32F4xx_HAL_Driver/stm32f4xx_ll_sdmmc.o
                0x0800d6a4                SDIO_Init
 .text.SDIO_ReadFIFO
                0x0800d6d8        0x8 Drivers/STM32F4xx_HAL_Driver/stm32f4xx_ll_sdmmc.o
                0x0800d6d8                SDIO_ReadFIFO
 .text.SDIO_PowerState_ON
                0x0800d6e0        0x8 Drivers/STM32F4xx_HAL_Driver/stm32f4xx_ll_sdmmc.o
                0x0800d6e0                SDIO_PowerState_ON
 .text.SDIO_GetPowerState
                0x0800d6e8        0x8 Drivers/STM32F4xx_HAL_Driver/stm32f4xx_ll_sdmmc.o
                0x0800d6e8                SDIO_GetPowerState
 .text.SDIO_SendCommand
                0x0800d6f0       0x28 Drivers/STM32F4xx_HAL_Driver/stm32f4xx_ll_sdmmc.o
                0x0800d6f0                SDIO_SendCommand
 .text.SDIO_GetCommandResponse
                0x0800d718        0x8 Drivers/STM32F4xx_HAL_Driver/stm32f4xx_ll_sdmmc.o
                0x0800d718                SDIO_GetCommandResponse
 .text.SDIO_GetResponse
                0x0800d720       0x18 Drivers/STM32F4xx_HAL_Driver/stm32f4xx_ll_sdmmc.o
                0x0800d720                SDIO_GetResponse
 .text.SDIO_DataConfig
                0x0800d738       0x28 Drivers/STM32F4xx_HAL_Driver/stm32f4xx_ll_sdmmc.o
                0x0800d738                SDIO_DataConfig
 .text.USB_CoreInit
                0x0800d760       0xb8 Drivers/STM32F4xx_HAL_Driver/stm32f4xx_ll_usb.o
                0x0800d760                USB_CoreInit
 .text.USB_EnableGlobalInt
                0x0800d818       0x10 Drivers/STM32F4xx_HAL_Driver/stm32f4xx_ll_usb.o
                0x0800d818                USB_EnableGlobalInt
 .text.USB_DisableGlobalInt
                0x0800d828       0x10 Drivers/STM32F4xx_HAL_Driver/stm32f4xx_ll_usb.o
                0x0800d828                USB_DisableGlobalInt
 .text.USB_SetCurrentMode
                0x0800d838       0x34 Drivers/STM32F4xx_HAL_Driver/stm32f4xx_ll_usb.o
                0x0800d838                USB_SetCurrentMode
 .text.USB_DevInit
                0x0800d86c      0x174 Drivers/STM32F4xx_HAL_Driver/stm32f4xx_ll_usb.o
                0x0800d86c                USB_DevInit
 .text.USB_FlushTxFifo
                0x0800d9e0       0x24 Drivers/STM32F4xx_HAL_Driver/stm32f4xx_ll_usb.o
                0x0800d9e0                USB_FlushTxFifo
 .text.USB_FlushRxFifo
                0x0800da04       0x20 Drivers/STM32F4xx_HAL_Driver/stm32f4xx_ll_usb.o
                0x0800da04                USB_FlushRxFifo
 .text.USB_GetDevSpeed
                0x0800da24       0x38 Drivers/STM32F4xx_HAL_Driver/stm32f4xx_ll_usb.o
                0x0800da24                USB_GetDevSpeed
 .text.USB_ActivateEndpoint
                0x0800da5c       0x90 Drivers/STM32F4xx_HAL_Driver/stm32f4xx_ll_usb.o
                0x0800da5c                USB_ActivateEndpoint
 .text.USB_DeactivateEndpoint
                0x0800daec       0x84 Drivers/STM32F4xx_HAL_Driver/stm32f4xx_ll_usb.o
                0x0800daec                USB_DeactivateEndpoint
 .text.USB_EPStartXfer
                0x0800db70      0x278 Drivers/STM32F4xx_HAL_Driver/stm32f4xx_ll_usb.o
                0x0800db70                USB_EPStartXfer
 .text.USB_EP0StartXfer
                0x0800dde8      0x17c Drivers/STM32F4xx_HAL_Driver/stm32f4xx_ll_usb.o
                0x0800dde8                USB_EP0StartXfer
 .text.USB_WritePacket
                0x0800df64       0x2c Drivers/STM32F4xx_HAL_Driver/stm32f4xx_ll_usb.o
                0x0800df64                USB_WritePacket
 .text.USB_ReadPacket
                0x0800df90       0x24 Drivers/STM32F4xx_HAL_Driver/stm32f4xx_ll_usb.o
                0x0800df90                USB_ReadPacket
 .text.USB_EPSetStall
                0x0800dfb4       0x40 Drivers/STM32F4xx_HAL_Driver/stm32f4xx_ll_usb.o
                0x0800dfb4                USB_EPSetStall
 .text.USB_EPClearStall
                0x0800dff4       0x3c Drivers/STM32F4xx_HAL_Driver/stm32f4xx_ll_usb.o
                0x0800dff4                USB_EPClearStall
 .text.USB_SetDevAddress
                0x0800e030       0x20 Drivers/STM32F4xx_HAL_Driver/stm32f4xx_ll_usb.o
                0x0800e030                USB_SetDevAddress
 .text.USB_DevConnect
                0x0800e050       0x18 Drivers/STM32F4xx_HAL_Driver/stm32f4xx_ll_usb.o
                0x0800e050                USB_DevConnect
 .text.USB_DevDisconnect
                0x0800e068       0x18 Drivers/STM32F4xx_HAL_Driver/stm32f4xx_ll_usb.o
                0x0800e068                USB_DevDisconnect
 .text.USB_ReadInterrupts
                0x0800e080        0x8 Drivers/STM32F4xx_HAL_Driver/stm32f4xx_ll_usb.o
                0x0800e080                USB_ReadInterrupts
 .text.USB_ReadDevAllOutEpInterrupt
                0x0800e088       0x10 Drivers/STM32F4xx_HAL_Driver/stm32f4xx_ll_usb.o
                0x0800e088                USB_ReadDevAllOutEpInterrupt
 .text.USB_ReadDevAllInEpInterrupt
                0x0800e098       0x10 Drivers/STM32F4xx_HAL_Driver/stm32f4xx_ll_usb.o
                0x0800e098                USB_ReadDevAllInEpInterrupt
 .text.USB_ReadDevOutEPInterrupt
                0x0800e0a8       0x14 Drivers/STM32F4xx_HAL_Driver/stm32f4xx_ll_usb.o
                0x0800e0a8                USB_ReadDevOutEPInterrupt
 .text.USB_ReadDevInEPInterrupt
                0x0800e0bc       0x20 Drivers/STM32F4xx_HAL_Driver/stm32f4xx_ll_usb.o
                0x0800e0bc                USB_ReadDevInEPInterrupt
 .text.USB_GetMode
                0x0800e0dc        0x8 Drivers/STM32F4xx_HAL_Driver/stm32f4xx_ll_usb.o
                0x0800e0dc                USB_GetMode
 .text.USB_ActivateSetup
                0x0800e0e4       0x38 Drivers/STM32F4xx_HAL_Driver/stm32f4xx_ll_usb.o
                0x0800e0e4                USB_ActivateSetup
 .text.USB_EP0_OutStart
                0x0800e11c       0x44 Drivers/STM32F4xx_HAL_Driver/stm32f4xx_ll_usb.o
                0x0800e11c                USB_EP0_OutStart
 .text.USBD_Init
                0x0800e160       0x2c Middlewares/USB_Device_Library/usbd_core.o
                0x0800e160                USBD_Init
 .text.USBD_RegisterClass
                0x0800e18c       0x10 Middlewares/USB_Device_Library/usbd_core.o
                0x0800e18c                USBD_RegisterClass
 .text.USBD_Start
                0x0800e19c        0xc Middlewares/USB_Device_Library/usbd_core.o
                0x0800e19c                USBD_Start
 .text.USBD_SetClassConfig
                0x0800e1a8       0x14 Middlewares/USB_Device_Library/usbd_core.o
                0x0800e1a8                USBD_SetClassConfig
 .text.USBD_ClrClassConfig
                0x0800e1bc       0x10 Middlewares/USB_Device_Library/usbd_core.o
                0x0800e1bc                USBD_ClrClassConfig
 .text.USBD_LL_SetupStage
                0x0800e1cc       0x60 Middlewares/USB_Device_Library/usbd_core.o
                0x0800e1cc                USBD_LL_SetupStage
 .text.USBD_LL_DataOutStage
                0x0800e22c       0x6c Middlewares/USB_Device_Library/usbd_core.o
                0x0800e22c                USBD_LL_DataOutStage
 .text.USBD_LL_DataInStage
                0x0800e298       0xa4 Middlewares/USB_Device_Library/usbd_core.o
                0x0800e298                USBD_LL_DataInStage
 .text.USBD_LL_Reset
                0x0800e33c       0x40 Middlewares/USB_Device_Library/usbd_core.o
                0x0800e33c                USBD_LL_Reset
 .text.USBD_LL_SetSpeed
                0x0800e37c        0x8 Middlewares/USB_Device_Library/usbd_core.o
                0x0800e37c                USBD_LL_SetSpeed
 .text.USBD_LL_Suspend
                0x0800e384       0x14 Middlewares/USB_Device_Library/usbd_core.o
                0x0800e384                USBD_LL_Suspend
 .text.USBD_LL_Resume
                0x0800e398       0x10 Middlewares/USB_Device_Library/usbd_core.o
                0x0800e398                USBD_LL_Resume
 .text.USBD_LL_SOF
                0x0800e3a8       0x1c Middlewares/USB_Device_Library/usbd_core.o
                0x0800e3a8                USBD_LL_SOF
 .text.USBD_LL_IsoINIncomplete
                0x0800e3c4        0x4 Middlewares/USB_Device_Library/usbd_core.o
                0x0800e3c4                USBD_LL_IsoINIncomplete
 .text.USBD_LL_IsoOUTIncomplete
                0x0800e3c8        0x4 Middlewares/USB_Device_Library/usbd_core.o
                0x0800e3c8                USBD_LL_IsoOUTIncomplete
 .text.USBD_LL_DevConnected
                0x0800e3cc        0x4 Middlewares/USB_Device_Library/usbd_core.o
                0x0800e3cc                USBD_LL_DevConnected
 .text.USBD_LL_DevDisconnected
                0x0800e3d0       0x18 Middlewares/USB_Device_Library/usbd_core.o
                0x0800e3d0                USBD_LL_DevDisconnected
 .text.USBD_StdDevReq
                0x0800e3e8      0x2a0 Middlewares/USB_Device_Library/usbd_ctlreq.o
                0x0800e3e8                USBD_StdDevReq
 .text.USBD_StdItfReq
                0x0800e688       0x3c Middlewares/USB_Device_Library/usbd_ctlreq.o
                0x0800e688                USBD_StdItfReq
 .text.USBD_StdEPReq
                0x0800e6c4       0xd0 Middlewares/USB_Device_Library/usbd_ctlreq.o
                0x0800e6c4                USBD_StdEPReq
 .text.USBD_ParseSetupRequest
                0x0800e794       0x28 Middlewares/USB_Device_Library/usbd_ctlreq.o
                0x0800e794                USBD_ParseSetupRequest
 .text.USBD_CtlError
                0x0800e7bc       0x18 Middlewares/USB_Device_Library/usbd_ctlreq.o
                0x0800e7bc                USBD_CtlError
 .text.USBD_GetString
                0x0800e7d4       0x4c Middlewares/USB_Device_Library/usbd_ctlreq.o
                0x0800e7d4                USBD_GetString
 .text.USBD_CtlSendData
                0x0800e820       0x1c Middlewares/USB_Device_Library/usbd_ioreq.o
                0x0800e820                USBD_CtlSendData
 .text.USBD_CtlContinueSendData
                0x0800e83c       0x10 Middlewares/USB_Device_Library/usbd_ioreq.o
                0x0800e83c                USBD_CtlContinueSendData
 .text.USBD_CtlContinueRx
                0x0800e84c       0x10 Middlewares/USB_Device_Library/usbd_ioreq.o
                0x0800e84c                USBD_CtlContinueRx
 .text.USBD_CtlSendStatus
                0x0800e85c       0x18 Middlewares/USB_Device_Library/usbd_ioreq.o
                0x0800e85c                USBD_CtlSendStatus
 .text.USBD_CtlReceiveStatus
                0x0800e874       0x18 Middlewares/USB_Device_Library/usbd_ioreq.o
                0x0800e874                USBD_CtlReceiveStatus
 .text.USBD_MSC_GetHSCfgDesc
                0x0800e88c        0xc Middlewares/USB_Device_Library/usbd_msc.o
                0x0800e88c                USBD_MSC_GetHSCfgDesc
 .text.USBD_MSC_GetFSCfgDesc
                0x0800e898        0xc Middlewares/USB_Device_Library/usbd_msc.o
                0x0800e898                USBD_MSC_GetFSCfgDesc
 .text.USBD_MSC_GetOtherSpeedCfgDesc
                0x0800e8a4        0xc Middlewares/USB_Device_Library/usbd_msc.o
                0x0800e8a4                USBD_MSC_GetOtherSpeedCfgDesc
 .text.USBD_MSC_GetDeviceQualifierDescriptor
                0x0800e8b0        0xc Middlewares/USB_Device_Library/usbd_msc.o
                0x0800e8b0                USBD_MSC_GetDeviceQualifierDescriptor
 .text.USBD_MSC_Init
                0x0800e8bc       0x64 Middlewares/USB_Device_Library/usbd_msc.o
                0x0800e8bc                USBD_MSC_Init
 .text.USBD_MSC_DeInit
                0x0800e920       0x2c Middlewares/USB_Device_Library/usbd_msc.o
                0x0800e920                USBD_MSC_DeInit
 .text.USBD_MSC_Setup
                0x0800e94c      0x104 Middlewares/USB_Device_Library/usbd_msc.o
                0x0800e94c                USBD_MSC_Setup
 .text.USBD_MSC_DataIn
                0x0800ea50        0xc Middlewares/USB_Device_Library/usbd_msc.o
                0x0800ea50                USBD_MSC_DataIn
 .text.USBD_MSC_DataOut
                0x0800ea5c        0xc Middlewares/USB_Device_Library/usbd_msc.o
                0x0800ea5c                USBD_MSC_DataOut
 .text.USBD_MSC_RegisterStorage
                0x0800ea68        0xc Middlewares/USB_Device_Library/usbd_msc.o
                0x0800ea68                USBD_MSC_RegisterStorage
 .text.MSC_BOT_Init
                0x0800ea74       0x48 Middlewares/USB_Device_Library/usbd_msc_bot.o
                0x0800ea74                MSC_BOT_Init
 .text.MSC_BOT_Reset
                0x0800eabc       0x20 Middlewares/USB_Device_Library/usbd_msc_bot.o
                0x0800eabc                MSC_BOT_Reset
 .text.MSC_BOT_DeInit
                0x0800eadc        0xc Middlewares/USB_Device_Library/usbd_msc_bot.o
                0x0800eadc                MSC_BOT_DeInit
 .text.MSC_BOT_DataIn
                0x0800eae8       0xa8 Middlewares/USB_Device_Library/usbd_msc_bot.o
                0x0800eae8                MSC_BOT_DataIn
 .text.MSC_BOT_SendCSW
                0x0800eb90       0x3c Middlewares/USB_Device_Library/usbd_msc_bot.o
                0x0800eb90                MSC_BOT_SendCSW
 .text.MSC_BOT_DataOut
                0x0800ebcc      0x198 Middlewares/USB_Device_Library/usbd_msc_bot.o
                0x0800ebcc                MSC_BOT_DataOut
 .text.MSC_BOT_CplClrFeature
                0x0800ed64       0x60 Middlewares/USB_Device_Library/usbd_msc_bot.o
                0x0800ed64                MSC_BOT_CplClrFeature
 .text.SCSI_ProcessCmd
                0x0800edc4      0x808 Middlewares/USB_Device_Library/usbd_msc_scsi.o
                0x0800edc4                SCSI_ProcessCmd
 .text.SCSI_SenseCode
                0x0800f5cc       0x34 Middlewares/USB_Device_Library/usbd_msc_scsi.o
                0x0800f5cc                SCSI_SenseCode
 .text.__libc_init_array
                0x0800f600       0x4c c:/users/filippo cottone/.p2/pool/plugins/fr.ac6.mcu.externaltools.arm-none.win32_1.13.2.201703061525/tools/compiler/bin/../lib/gcc/arm-none-eabi/5.4.1/../../../../arm-none-eabi/lib/armv7e-m/fpu\libc_nano.a(lib_a-init.o)
                0x0800f600                __libc_init_array
 .text.malloc   0x0800f64c       0x10 c:/users/filippo cottone/.p2/pool/plugins/fr.ac6.mcu.externaltools.arm-none.win32_1.13.2.201703061525/tools/compiler/bin/../lib/gcc/arm-none-eabi/5.4.1/../../../../arm-none-eabi/lib/armv7e-m/fpu\libc_nano.a(lib_a-malloc.o)
                0x0800f64c                malloc
 .text.free     0x0800f65c       0x10 c:/users/filippo cottone/.p2/pool/plugins/fr.ac6.mcu.externaltools.arm-none.win32_1.13.2.201703061525/tools/compiler/bin/../lib/gcc/arm-none-eabi/5.4.1/../../../../arm-none-eabi/lib/armv7e-m/fpu\libc_nano.a(lib_a-malloc.o)
                0x0800f65c                free
 .text.memcmp   0x0800f66c       0x1e c:/users/filippo cottone/.p2/pool/plugins/fr.ac6.mcu.externaltools.arm-none.win32_1.13.2.201703061525/tools/compiler/bin/../lib/gcc/arm-none-eabi/5.4.1/../../../../arm-none-eabi/lib/armv7e-m/fpu\libc_nano.a(lib_a-memcmp.o)
                0x0800f66c                memcmp
 .text.memcpy   0x0800f68a       0x16 c:/users/filippo cottone/.p2/pool/plugins/fr.ac6.mcu.externaltools.arm-none.win32_1.13.2.201703061525/tools/compiler/bin/../lib/gcc/arm-none-eabi/5.4.1/../../../../arm-none-eabi/lib/armv7e-m/fpu\libc_nano.a(lib_a-memcpy-stub.o)
                0x0800f68a                memcpy
 .text.memmove  0x0800f6a0       0x36 c:/users/filippo cottone/.p2/pool/plugins/fr.ac6.mcu.externaltools.arm-none.win32_1.13.2.201703061525/tools/compiler/bin/../lib/gcc/arm-none-eabi/5.4.1/../../../../arm-none-eabi/lib/armv7e-m/fpu\libc_nano.a(lib_a-memmove.o)
                0x0800f6a0                memmove
 .text.memset   0x0800f6d6       0x10 c:/users/filippo cottone/.p2/pool/plugins/fr.ac6.mcu.externaltools.arm-none.win32_1.13.2.201703061525/tools/compiler/bin/../lib/gcc/arm-none-eabi/5.4.1/../../../../arm-none-eabi/lib/armv7e-m/fpu\libc_nano.a(lib_a-memset.o)
                0x0800f6d6                memset
 *fill*         0x0800f6e6        0x2 
 .text._free_r  0x0800f6e8       0x9c c:/users/filippo cottone/.p2/pool/plugins/fr.ac6.mcu.externaltools.arm-none.win32_1.13.2.201703061525/tools/compiler/bin/../lib/gcc/arm-none-eabi/5.4.1/../../../../arm-none-eabi/lib/armv7e-m/fpu\libc_nano.a(lib_a-nano-freer.o)
                0x0800f6e8                _free_r
 .text._malloc_r
                0x0800f784       0xbc c:/users/filippo cottone/.p2/pool/plugins/fr.ac6.mcu.externaltools.arm-none.win32_1.13.2.201703061525/tools/compiler/bin/../lib/gcc/arm-none-eabi/5.4.1/../../../../arm-none-eabi/lib/armv7e-m/fpu\libc_nano.a(lib_a-nano-mallocr.o)
                0x0800f784                _malloc_r
 .text._sbrk_r  0x0800f840       0x20 c:/users/filippo cottone/.p2/pool/plugins/fr.ac6.mcu.externaltools.arm-none.win32_1.13.2.201703061525/tools/compiler/bin/../lib/gcc/arm-none-eabi/5.4.1/../../../../arm-none-eabi/lib/armv7e-m/fpu\libc_nano.a(lib_a-sbrkr.o)
                0x0800f840                _sbrk_r
 .text.__malloc_lock
                0x0800f860        0x2 c:/users/filippo cottone/.p2/pool/plugins/fr.ac6.mcu.externaltools.arm-none.win32_1.13.2.201703061525/tools/compiler/bin/../lib/gcc/arm-none-eabi/5.4.1/../../../../arm-none-eabi/lib/armv7e-m/fpu\libc_nano.a(lib_a-mlock.o)
                0x0800f860                __malloc_lock
 .text.__malloc_unlock
                0x0800f862        0x2 c:/users/filippo cottone/.p2/pool/plugins/fr.ac6.mcu.externaltools.arm-none.win32_1.13.2.201703061525/tools/compiler/bin/../lib/gcc/arm-none-eabi/5.4.1/../../../../arm-none-eabi/lib/armv7e-m/fpu\libc_nano.a(lib_a-mlock.o)
                0x0800f862                __malloc_unlock
 .text._sbrk    0x0800f864       0x1c c:/users/filippo cottone/.p2/pool/plugins/fr.ac6.mcu.externaltools.arm-none.win32_1.13.2.201703061525/tools/compiler/bin/../lib/gcc/arm-none-eabi/5.4.1/../../../../arm-none-eabi/lib/armv7e-m/fpu\libnosys.a(sbrk.o)
                0x0800f864                _sbrk
 *(.glue_7)
 .glue_7        0x0800f880        0x0 linker stubs
 *(.glue_7t)
 .glue_7t       0x0800f880        0x0 linker stubs
 *(.eh_frame)
 .eh_frame      0x0800f880        0x0 c:/users/filippo cottone/.p2/pool/plugins/fr.ac6.mcu.externaltools.arm-none.win32_1.13.2.201703061525/tools/compiler/bin/../lib/gcc/arm-none-eabi/5.4.1/armv7e-m/fpu/crtbegin.o
 *(.init)
 .init          0x0800f880        0x4 c:/users/filippo cottone/.p2/pool/plugins/fr.ac6.mcu.externaltools.arm-none.win32_1.13.2.201703061525/tools/compiler/bin/../lib/gcc/arm-none-eabi/5.4.1/armv7e-m/fpu/crti.o
                0x0800f880                _init
 .init          0x0800f884        0x8 c:/users/filippo cottone/.p2/pool/plugins/fr.ac6.mcu.externaltools.arm-none.win32_1.13.2.201703061525/tools/compiler/bin/../lib/gcc/arm-none-eabi/5.4.1/armv7e-m/fpu/crtn.o
 *(.fini)
 .fini          0x0800f88c        0x4 c:/users/filippo cottone/.p2/pool/plugins/fr.ac6.mcu.externaltools.arm-none.win32_1.13.2.201703061525/tools/compiler/bin/../lib/gcc/arm-none-eabi/5.4.1/armv7e-m/fpu/crti.o
                0x0800f88c                _fini
 .fini          0x0800f890        0x8 c:/users/filippo cottone/.p2/pool/plugins/fr.ac6.mcu.externaltools.arm-none.win32_1.13.2.201703061525/tools/compiler/bin/../lib/gcc/arm-none-eabi/5.4.1/armv7e-m/fpu/crtn.o
                0x0800f898                . = ALIGN (0x4)
                0x0800f898                _etext = .

.vfp11_veneer   0x0800f898        0x0
 .vfp11_veneer  0x0800f898        0x0 linker stubs

.v4_bx          0x0800f898        0x0
 .v4_bx         0x0800f898        0x0 linker stubs

.iplt           0x0800f898        0x0
 .iplt          0x0800f898        0x0 c:/users/filippo cottone/.p2/pool/plugins/fr.ac6.mcu.externaltools.arm-none.win32_1.13.2.201703061525/tools/compiler/bin/../lib/gcc/arm-none-eabi/5.4.1/armv7e-m/fpu/crtbegin.o

.rodata         0x0800f898     0x29d0
                0x0800f898                . = ALIGN (0x4)
 *(.rodata)
 .rodata        0x0800f898     0x2828 Application/src/Common/aes256.o
                0x0800f898                B5_rcon
                0x0800f8c0                B5Te0_S
                0x0800fcc0                B5Te1_S
                0x080100c0                B5Te2_S
                0x080104c0                B5Te3_S
                0x080108c0                B5Te4_S
                0x08010cc0                B5Td0_S
                0x080110c0                B5Td1_S
                0x080114c0                B5Td2_S
                0x080118c0                B5Td3_S
                0x08011cc0                B5Td4_S
 .rodata        0x080120c0       0x20 Application/src/Common/se3_common.o
                0x080120c0                se3_magic
 .rodata        0x080120e0       0x20 Application/src/Device/se3_algo_aes256hmacsha256.o
                0x080120e0                salt
 .rodata        0x08012100       0x20 Application/src/Device/se3_communication_core.o
                0x08012100                se3_hello
 .rodata        0x08012120       0xc0 Application/src/Device/se3_dispatcher_core.o
 .rodata        0x080121e0       0x24 Application/src/usbd_storage_if.o
                0x080121e0                STORAGE_Inquirydata_HS
 .rodata        0x08012204        0x8 Drivers/STM32F4xx_HAL_Driver/stm32f4xx_hal_dma.o
 .rodata        0x0801220c       0x10 Drivers/STM32F4xx_HAL_Driver/stm32f4xx_hal_rcc.o
                0x0801220c                APBAHBPrescTable
 .rodata        0x0801221c       0x17 Middlewares/USB_Device_Library/usbd_msc_data.o
                0x0801221c                MSC_Mode_Sense10_data
                0x08012224                MSC_Mode_Sense6_data
                0x0801222c                MSC_Page00_Inquiry_Data
 *(.rodata*)
 *fill*         0x08012233        0x1 
 .rodata.str1.4
                0x08012234       0x34 Application/src/usbd_desc.o
                                 0x32 (size before relaxing)
                0x08012268                . = ALIGN (0x4)

.rel.dyn        0x08012268        0x0
 .rel.iplt      0x08012268        0x0 c:/users/filippo cottone/.p2/pool/plugins/fr.ac6.mcu.externaltools.arm-none.win32_1.13.2.201703061525/tools/compiler/bin/../lib/gcc/arm-none-eabi/5.4.1/armv7e-m/fpu/crtbegin.o

.ARM.extab
 *(.ARM.extab* .gnu.linkonce.armextab.*)

.ARM            0x08012268        0x0
                0x08012268                __exidx_start = .
 *(.ARM.exidx*)
                0x08012268                __exidx_end = .

.preinit_array  0x08012268        0x0
                0x08012268                PROVIDE (__preinit_array_start, .)
 *(.preinit_array*)
                0x08012268                PROVIDE (__preinit_array_end, .)

.init_array     0x08012268        0x4
                0x08012268                PROVIDE (__init_array_start, .)
 *(SORT(.init_array.*))
 *(.init_array*)
 .init_array    0x08012268        0x4 c:/users/filippo cottone/.p2/pool/plugins/fr.ac6.mcu.externaltools.arm-none.win32_1.13.2.201703061525/tools/compiler/bin/../lib/gcc/arm-none-eabi/5.4.1/armv7e-m/fpu/crtbegin.o
                0x0801226c                PROVIDE (__init_array_end, .)

.fini_array     0x0801226c        0x4
                [!provide]                PROVIDE (__fini_array_start, .)
 *(SORT(.fini_array.*))
 *(.fini_array*)
 .fini_array    0x0801226c        0x4 c:/users/filippo cottone/.p2/pool/plugins/fr.ac6.mcu.externaltools.arm-none.win32_1.13.2.201703061525/tools/compiler/bin/../lib/gcc/arm-none-eabi/5.4.1/armv7e-m/fpu/crtbegin.o
                [!provide]                PROVIDE (__fini_array_end, .)
                0x08012270                _sidata = LOADADDR (.data)

.data           0x20000000      0x264 load address 0x08012270
                0x20000000                . = ALIGN (0x4)
                0x20000000                _sdata = .
 *(.data)
 .data          0x20000000        0x4 Application/src/Device/se3_core_time.o
                0x20000000                flag
 .data          0x20000004      0x100 Application/src/Device/se3_security_core.o
                0x20000004                algo_table
 .data          0x20000104       0x34 Application/src/usbd_desc.o
                0x20000104                USBD_HS_DeviceDesc
                0x20000118                USBD_LangIDDesc
                0x2000011c                HS_Desc
 .data          0x20000138       0x20 Application/src/usbd_storage_if.o
                0x20000138                USBD_Storage_Interface_fops_HS
 .data          0x20000158        0x4 Drivers/CMSIS/system_stm32f4xx.o
                0x20000158                SystemCoreClock
 .data          0x2000015c       0xa4 Middlewares/USB_Device_Library/usbd_msc.o
                0x2000015c                USBD_MSC_CfgHSDesc
                0x2000017c                USBD_MSC_CfgFSDesc
                0x2000019c                USBD_MSC_OtherSpeedCfgDesc
                0x200001bc                USBD_MSC_DeviceQualifierDesc
                0x200001c8                USBD_MSC
 *(.data*)
 .data.impure_data
                0x20000200       0x60 c:/users/filippo cottone/.p2/pool/plugins/fr.ac6.mcu.externaltools.arm-none.win32_1.13.2.201703061525/tools/compiler/bin/../lib/gcc/arm-none-eabi/5.4.1/../../../../arm-none-eabi/lib/armv7e-m/fpu\libc_nano.a(lib_a-impure.o)
 .data._impure_ptr
                0x20000260        0x4 c:/users/filippo cottone/.p2/pool/plugins/fr.ac6.mcu.externaltools.arm-none.win32_1.13.2.201703061525/tools/compiler/bin/../lib/gcc/arm-none-eabi/5.4.1/../../../../arm-none-eabi/lib/armv7e-m/fpu\libc_nano.a(lib_a-impure.o)
                0x20000260                _impure_ptr
                0x20000264                . = ALIGN (0x4)
                0x20000264                _edata = .
                0x080124d4                _siccmram = LOADADDR (.ccmram)

.jcr            0x20000264        0x0 load address 0x080124d4
 .jcr           0x20000264        0x0 c:/users/filippo cottone/.p2/pool/plugins/fr.ac6.mcu.externaltools.arm-none.win32_1.13.2.201703061525/tools/compiler/bin/../lib/gcc/arm-none-eabi/5.4.1/armv7e-m/fpu/crtbegin.o

.igot.plt       0x20000264        0x0 load address 0x080124d4
 .igot.plt      0x20000264        0x0 c:/users/filippo cottone/.p2/pool/plugins/fr.ac6.mcu.externaltools.arm-none.win32_1.13.2.201703061525/tools/compiler/bin/../lib/gcc/arm-none-eabi/5.4.1/armv7e-m/fpu/crtbegin.o

.ccmram         0x10000000        0x0 load address 0x080124d4
                0x10000000                . = ALIGN (0x4)
                0x10000000                _sccmram = .
 *(.ccmram)
 *(.ccmram*)
                0x10000000                . = ALIGN (0x4)
                0x10000000                _eccmram = .
                0x10000000                . = ALIGN (0x4)

.bss            0x20000268     0xd5f8
                0x20000268                _sbss = .
                0x20000268                __bss_start__ = _sbss
 *(.bss)
 .bss           0x20000268       0x1c c:/users/filippo cottone/.p2/pool/plugins/fr.ac6.mcu.externaltools.arm-none.win32_1.13.2.201703061525/tools/compiler/bin/../lib/gcc/arm-none-eabi/5.4.1/armv7e-m/fpu/crtbegin.o
 .bss           0x20000284        0x4 Application/src/Device/se3_core_time.o
 .bss           0x20000288        0x8 Application/src/fmc.o
 .bss           0x20000290        0x1 Middlewares/USB_Device_Library/usbd_ctlreq.o
 *(.bss*)
 *fill*         0x20000291        0x3 
 .bss.__malloc_sbrk_start
                0x20000294        0x4 c:/users/filippo cottone/.p2/pool/plugins/fr.ac6.mcu.externaltools.arm-none.win32_1.13.2.201703061525/tools/compiler/bin/../lib/gcc/arm-none-eabi/5.4.1/../../../../arm-none-eabi/lib/armv7e-m/fpu\libc_nano.a(lib_a-nano-mallocr.o)
                0x20000294                __malloc_sbrk_start
 .bss.__malloc_free_list
                0x20000298        0x4 c:/users/filippo cottone/.p2/pool/plugins/fr.ac6.mcu.externaltools.arm-none.win32_1.13.2.201703061525/tools/compiler/bin/../lib/gcc/arm-none-eabi/5.4.1/../../../../arm-none-eabi/lib/armv7e-m/fpu\libc_nano.a(lib_a-nano-mallocr.o)
                0x20000298                __malloc_free_list
 .bss.heap_end.4169
                0x2000029c        0x4 c:/users/filippo cottone/.p2/pool/plugins/fr.ac6.mcu.externaltools.arm-none.win32_1.13.2.201703061525/tools/compiler/bin/../lib/gcc/arm-none-eabi/5.4.1/../../../../arm-none-eabi/lib/armv7e-m/fpu\libnosys.a(sbrk.o)
 *(COMMON)
 COMMON         0x200002a0       0x25 Application/src/Common/se3_common.o
                0x200002a0                hwerror
                0x200002a4                serial
 *fill*         0x200002c5        0x3 
 COMMON         0x200002c8       0xe8 Application/src/Device/se3_algo_Aes.o
                0x200002c8                se3_crypto_algorithm
                0x200002cc                se3_security_info
 COMMON         0x200003b0     0x40f4 Application/src/Device/se3_communication_core.o
                0x200003b0                resp_hdr
                0x200003f4                se3_comm_request_buffer
                0x200023f4                se3_comm_response_buffer
                0x200043f4                req_hdr
                0x20004438                comm
 COMMON         0x200044a4     0x865d Application/src/Device/se3_core.o
                0x200044a4                se3_sessions_index
                0x20004634                login_struct
                0x20004b00                se3_sessions_buf
                0x2000cb00                se3_algo_impl_t
 *fill*         0x2000cb01        0x7 
 COMMON         0x2000cb08        0x9 Application/src/Device/se3_core_time.o
                0x2000cb08                now
                0x2000cb10                now_initialized
 COMMON         0x2000cb11        0x2 Application/src/Device/se3_dispatcher_core.o
                0x2000cb11                crypto_algo
                0x2000cb12                algo_implementation
 *fill*         0x2000cb13        0x1 
 COMMON         0x2000cb14       0x1c Application/src/Device/se3_flash.o
                0x2000cb14                flash
 COMMON         0x2000cb30      0x168 Application/src/Device/se3_security_core.o
                0x2000cb30                ctx
 COMMON         0x2000cc98       0x48 Application/src/adc.o
                0x2000cc98                hadc1
 COMMON         0x2000cce0        0x8 Application/src/crc.o
                0x2000cce0                hcrc
 COMMON         0x2000cce8       0x98 Application/src/fmc.o
                0x2000cce8                hnor1
                0x2000cd34                hnor2
 COMMON         0x2000cd80       0x44 Application/src/i2c.o
                0x2000cd80                hi2c2
 COMMON         0x2000cdc4        0xc Application/src/rng.o
                0x2000cdc4                hrng
 COMMON         0x2000cdd0      0x168 Application/src/sdio.o
                0x2000cdd0                hdma_sdio_rx
                0x2000ce28                SDCardInfo
                0x2000ce80                hdma_sdio_tx
                0x2000ced8                hsd
 COMMON         0x2000cf38       0x58 Application/src/spi.o
                0x2000cf38                hspi5
 COMMON         0x2000cf90       0x3c Application/src/tim.o
                0x2000cf90                htim4
 COMMON         0x2000cfcc       0x90 Application/src/usart.o
                0x2000cfcc                huart1
                0x2000d00c                hsc6
 COMMON         0x2000d05c      0x224 Application/src/usb_device.o
                0x2000d05c                hUsbDeviceHS
 COMMON         0x2000d280      0x3b8 Application/src/usbd_conf.o
                0x2000d280                hpcd_USB_OTG_HS
 COMMON         0x2000d638      0x200 Application/src/usbd_desc.o
                0x2000d638                USBD_StrDesc
 COMMON         0x2000d838        0x4 Drivers/STM32F4xx_HAL_Driver/stm32f4xx_hal.o
                0x2000d838                uwTick
 COMMON         0x2000d83c       0x20 Drivers/STM32F4xx_HAL_Driver/stm32f4xx_hal_flash.o
                0x2000d83c                pFlash
 COMMON         0x2000d85c        0x4 c:/users/filippo cottone/.p2/pool/plugins/fr.ac6.mcu.externaltools.arm-none.win32_1.13.2.201703061525/tools/compiler/bin/../lib/gcc/arm-none-eabi/5.4.1/../../../../arm-none-eabi/lib/armv7e-m/fpu\libc_nano.a(lib_a-reent.o)
                0x2000d85c                errno
                0x2000d860                . = ALIGN (0x4)
                0x2000d860                _ebss = .
                0x2000d860                __bss_end__ = _ebss

._user_heap_stack
                0x2000d860      0x600
                0x2000d860                . = ALIGN (0x8)
                0x2000d860                PROVIDE (end, .)
                [!provide]                PROVIDE (_end, .)
                0x2000dc60                . = (. + _Min_Heap_Size)
 *fill*         0x2000d860      0x400 
                0x2000de60                . = (. + _Min_Stack_Size)
 *fill*         0x2000dc60      0x200 
                0x2000de60                . = ALIGN (0x8)

/DISCARD/
 libc.a(*)
 libm.a(*)
 libgcc.a(*)

.ARM.attributes
                0x00000000       0x30
 *(.ARM.attributes)
 .ARM.attributes
                0x00000000       0x22 c:/users/filippo cottone/.p2/pool/plugins/fr.ac6.mcu.externaltools.arm-none.win32_1.13.2.201703061525/tools/compiler/bin/../lib/gcc/arm-none-eabi/5.4.1/armv7e-m/fpu/crti.o
 .ARM.attributes
                0x00000022       0x34 c:/users/filippo cottone/.p2/pool/plugins/fr.ac6.mcu.externaltools.arm-none.win32_1.13.2.201703061525/tools/compiler/bin/../lib/gcc/arm-none-eabi/5.4.1/armv7e-m/fpu/crtbegin.o
 .ARM.attributes
                0x00000056       0x21 Application/SW4STM32/startup_stm32f429xx.o
 .ARM.attributes
                0x00000077       0x39 Application/src/Common/aes256.o
 .ARM.attributes
                0x000000b0       0x39 Application/src/Common/pbkdf2.o
 .ARM.attributes
                0x000000e9       0x39 Application/src/Common/se3_common.o
 .ARM.attributes
                0x00000122       0x39 Application/src/Common/sha256.o
 .ARM.attributes
                0x0000015b       0x39 Application/src/Device/se3_algo_Aes.o
 .ARM.attributes
                0x00000194       0x39 Application/src/Device/se3_algo_AesHmacSha256s.o
 .ARM.attributes
                0x000001cd       0x39 Application/src/Device/se3_algo_HmacSha256.o
 .ARM.attributes
                0x00000206       0x39 Application/src/Device/se3_algo_aes256hmacsha256.o
 .ARM.attributes
                0x0000023f       0x39 Application/src/Device/se3_algo_sha256.o
 .ARM.attributes
                0x00000278       0x39 Application/src/Device/se3_communication_core.o
 .ARM.attributes
                0x000002b1       0x39 Application/src/Device/se3_core.o
 .ARM.attributes
                0x000002ea       0x39 Application/src/Device/se3_core_time.o
 .ARM.attributes
                0x00000323       0x39 Application/src/Device/se3_dispatcher_core.o
 .ARM.attributes
                0x0000035c       0x39 Application/src/Device/se3_flash.o
 .ARM.attributes
                0x00000395       0x39 Application/src/Device/se3_keys.o
 .ARM.attributes
                0x000003ce       0x39 Application/src/Device/se3_memory.o
 .ARM.attributes
                0x00000407       0x39 Application/src/Device/se3_security_core.o
 .ARM.attributes
                0x00000440       0x39 Application/src/Device/se3_sekey.o
 .ARM.attributes
                0x00000479       0x39 Application/src/adc.o
 .ARM.attributes
                0x000004b2       0x39 Application/src/crc.o
 .ARM.attributes
                0x000004eb       0x39 Application/src/dma.o
 .ARM.attributes
                0x00000524       0x39 Application/src/fmc.o
 .ARM.attributes
                0x0000055d       0x39 Application/src/gpio.o
 .ARM.attributes
                0x00000596       0x39 Application/src/i2c.o
 .ARM.attributes
                0x000005cf       0x39 Application/src/main.o
 .ARM.attributes
                0x00000608       0x39 Application/src/rng.o
 .ARM.attributes
                0x00000641       0x39 Application/src/sdio.o
 .ARM.attributes
                0x0000067a       0x39 Application/src/se3_rand.o
 .ARM.attributes
                0x000006b3       0x39 Application/src/se3_sdio.o
 .ARM.attributes
                0x000006ec       0x39 Application/src/spi.o
 .ARM.attributes
                0x00000725       0x39 Application/src/stm32f4xx_hal_msp.o
 .ARM.attributes
                0x0000075e       0x39 Application/src/stm32f4xx_it.o
 .ARM.attributes
                0x00000797       0x39 Application/src/tim.o
 .ARM.attributes
                0x000007d0       0x39 Application/src/usart.o
 .ARM.attributes
                0x00000809       0x39 Application/src/usb_device.o
 .ARM.attributes
                0x00000842       0x39 Application/src/usbd_conf.o
 .ARM.attributes
                0x0000087b       0x39 Application/src/usbd_desc.o
 .ARM.attributes
                0x000008b4       0x39 Application/src/usbd_storage_if.o
 .ARM.attributes
                0x000008ed       0x39 Drivers/CMSIS/system_stm32f4xx.o
 .ARM.attributes
                0x00000926       0x39 Drivers/STM32F4xx_HAL_Driver/stm32f4xx_hal.o
 .ARM.attributes
                0x0000095f       0x39 Drivers/STM32F4xx_HAL_Driver/stm32f4xx_hal_adc.o
 .ARM.attributes
                0x00000998       0x39 Drivers/STM32F4xx_HAL_Driver/stm32f4xx_hal_cortex.o
 .ARM.attributes
                0x000009d1       0x39 Drivers/STM32F4xx_HAL_Driver/stm32f4xx_hal_crc.o
 .ARM.attributes
                0x00000a0a       0x39 Drivers/STM32F4xx_HAL_Driver/stm32f4xx_hal_dma.o
 .ARM.attributes
                0x00000a43       0x39 Drivers/STM32F4xx_HAL_Driver/stm32f4xx_hal_flash.o
 .ARM.attributes
                0x00000a7c       0x39 Drivers/STM32F4xx_HAL_Driver/stm32f4xx_hal_flash_ex.o
 .ARM.attributes
                0x00000ab5       0x39 Drivers/STM32F4xx_HAL_Driver/stm32f4xx_hal_gpio.o
 .ARM.attributes
                0x00000aee       0x39 Drivers/STM32F4xx_HAL_Driver/stm32f4xx_hal_i2c.o
 .ARM.attributes
                0x00000b27       0x39 Drivers/STM32F4xx_HAL_Driver/stm32f4xx_hal_nor.o
 .ARM.attributes
                0x00000b60       0x39 Drivers/STM32F4xx_HAL_Driver/stm32f4xx_hal_pcd.o
 .ARM.attributes
                0x00000b99       0x39 Drivers/STM32F4xx_HAL_Driver/stm32f4xx_hal_pcd_ex.o
 .ARM.attributes
                0x00000bd2       0x39 Drivers/STM32F4xx_HAL_Driver/stm32f4xx_hal_rcc.o
 .ARM.attributes
                0x00000c0b       0x39 Drivers/STM32F4xx_HAL_Driver/stm32f4xx_hal_rng.o
 .ARM.attributes
                0x00000c44       0x39 Drivers/STM32F4xx_HAL_Driver/stm32f4xx_hal_sd.o
 .ARM.attributes
                0x00000c7d       0x39 Drivers/STM32F4xx_HAL_Driver/stm32f4xx_hal_smartcard.o
 .ARM.attributes
                0x00000cb6       0x39 Drivers/STM32F4xx_HAL_Driver/stm32f4xx_hal_spi.o
 .ARM.attributes
                0x00000cef       0x39 Drivers/STM32F4xx_HAL_Driver/stm32f4xx_hal_tim.o
 .ARM.attributes
                0x00000d28       0x39 Drivers/STM32F4xx_HAL_Driver/stm32f4xx_hal_tim_ex.o
 .ARM.attributes
                0x00000d61       0x39 Drivers/STM32F4xx_HAL_Driver/stm32f4xx_hal_uart.o
 .ARM.attributes
                0x00000d9a       0x39 Drivers/STM32F4xx_HAL_Driver/stm32f4xx_ll_fmc.o
 .ARM.attributes
                0x00000dd3       0x39 Drivers/STM32F4xx_HAL_Driver/stm32f4xx_ll_sdmmc.o
 .ARM.attributes
                0x00000e0c       0x39 Drivers/STM32F4xx_HAL_Driver/stm32f4xx_ll_usb.o
 .ARM.attributes
                0x00000e45       0x39 Middlewares/USB_Device_Library/usbd_core.o
 .ARM.attributes
                0x00000e7e       0x39 Middlewares/USB_Device_Library/usbd_ctlreq.o
 .ARM.attributes
                0x00000eb7       0x39 Middlewares/USB_Device_Library/usbd_ioreq.o
 .ARM.attributes
                0x00000ef0       0x39 Middlewares/USB_Device_Library/usbd_msc.o
 .ARM.attributes
                0x00000f29       0x39 Middlewares/USB_Device_Library/usbd_msc_bot.o
 .ARM.attributes
                0x00000f62       0x39 Middlewares/USB_Device_Library/usbd_msc_data.o
 .ARM.attributes
                0x00000f9b       0x39 Middlewares/USB_Device_Library/usbd_msc_scsi.o
 .ARM.attributes
                0x00000fd4       0x34 c:/users/filippo cottone/.p2/pool/plugins/fr.ac6.mcu.externaltools.arm-none.win32_1.13.2.201703061525/tools/compiler/bin/../lib/gcc/arm-none-eabi/5.4.1/../../../../arm-none-eabi/lib/armv7e-m/fpu\libc_nano.a(lib_a-impure.o)
 .ARM.attributes
                0x00001008       0x34 c:/users/filippo cottone/.p2/pool/plugins/fr.ac6.mcu.externaltools.arm-none.win32_1.13.2.201703061525/tools/compiler/bin/../lib/gcc/arm-none-eabi/5.4.1/../../../../arm-none-eabi/lib/armv7e-m/fpu\libc_nano.a(lib_a-init.o)
 .ARM.attributes
                0x0000103c       0x34 c:/users/filippo cottone/.p2/pool/plugins/fr.ac6.mcu.externaltools.arm-none.win32_1.13.2.201703061525/tools/compiler/bin/../lib/gcc/arm-none-eabi/5.4.1/../../../../arm-none-eabi/lib/armv7e-m/fpu\libc_nano.a(lib_a-malloc.o)
 .ARM.attributes
                0x00001070       0x34 c:/users/filippo cottone/.p2/pool/plugins/fr.ac6.mcu.externaltools.arm-none.win32_1.13.2.201703061525/tools/compiler/bin/../lib/gcc/arm-none-eabi/5.4.1/../../../../arm-none-eabi/lib/armv7e-m/fpu\libc_nano.a(lib_a-memcmp.o)
 .ARM.attributes
                0x000010a4       0x34 c:/users/filippo cottone/.p2/pool/plugins/fr.ac6.mcu.externaltools.arm-none.win32_1.13.2.201703061525/tools/compiler/bin/../lib/gcc/arm-none-eabi/5.4.1/../../../../arm-none-eabi/lib/armv7e-m/fpu\libc_nano.a(lib_a-memcpy-stub.o)
 .ARM.attributes